<?xml version="1.0" encoding="ISO-8859-1" ?>
<link_info>
   <banner>TI ARM Linker PC v20.2.7.LTS</banner>
   <copyright>Copyright (c) 1996-2018 Texas Instruments Incorporated</copyright>
   <link_time>0x652c6900</link_time>
   <link_errors>0x0</link_errors>
   <output_file>gpiointerrupt_CC3220S_LAUNCHXL_nortos_ccs.out</output_file>
   <entry_point>
      <name>resetISR</name>
      <address>0x20012089</address>
   </entry_point>
   <input_file_list>
      <input_file id="fl-2">
         <path>.\</path>
         <kind>object</kind>
         <file>gpiointerrupt.obj</file>
         <name>gpiointerrupt.obj</name>
      </input_file>
      <input_file id="fl-3">
         <path>.\syscfg\</path>
         <kind>object</kind>
         <file>ti_drivers_config.obj</file>
         <name>ti_drivers_config.obj</name>
      </input_file>
      <input_file id="fl-4">
         <path>.\</path>
         <kind>object</kind>
         <file>main_nortos.obj</file>
         <name>main_nortos.obj</name>
      </input_file>
      <input_file id="fl-d">
         <kind>object</kind>
         <file>&lt;internal&gt;</file>
         <name>&lt;internal&gt;</name>
      </input_file>
      <input_file id="fl-e">
         <path>C:\ti\simplelink_cc32xx_sdk_4_30_00_06\source\ti\drivers\lib\ccs\m4\</path>
         <kind>archive</kind>
         <file>drivers_cc32xx.a</file>
         <name>I2C.oem4</name>
      </input_file>
      <input_file id="fl-f">
         <path>C:\ti\simplelink_cc32xx_sdk_4_30_00_06\source\ti\drivers\lib\ccs\m4\</path>
         <kind>archive</kind>
         <file>drivers_cc32xx.a</file>
         <name>Timer.oem4</name>
      </input_file>
      <input_file id="fl-10">
         <path>C:\ti\simplelink_cc32xx_sdk_4_30_00_06\source\ti\drivers\lib\ccs\m4\</path>
         <kind>archive</kind>
         <file>drivers_cc32xx.a</file>
         <name>UART.oem4</name>
      </input_file>
      <input_file id="fl-11">
         <path>C:\ti\simplelink_cc32xx_sdk_4_30_00_06\source\ti\drivers\lib\ccs\m4\</path>
         <kind>archive</kind>
         <file>drivers_cc32xx.a</file>
         <name>GPIOCC32XX.oem4</name>
      </input_file>
      <input_file id="fl-12">
         <path>C:\ti\simplelink_cc32xx_sdk_4_30_00_06\source\ti\drivers\lib\ccs\m4\</path>
         <kind>archive</kind>
         <file>drivers_cc32xx.a</file>
         <name>I2CCC32XX.oem4</name>
      </input_file>
      <input_file id="fl-13">
         <path>C:\ti\simplelink_cc32xx_sdk_4_30_00_06\source\ti\drivers\lib\ccs\m4\</path>
         <kind>archive</kind>
         <file>drivers_cc32xx.a</file>
         <name>PowerCC32XX.oem4</name>
      </input_file>
      <input_file id="fl-14">
         <path>C:\ti\simplelink_cc32xx_sdk_4_30_00_06\source\ti\drivers\lib\ccs\m4\</path>
         <kind>archive</kind>
         <file>drivers_cc32xx.a</file>
         <name>PowerCC32XX_asm.oem4</name>
      </input_file>
      <input_file id="fl-15">
         <path>C:\ti\simplelink_cc32xx_sdk_4_30_00_06\source\ti\drivers\lib\ccs\m4\</path>
         <kind>archive</kind>
         <file>drivers_cc32xx.a</file>
         <name>TimerCC32XX.oem4</name>
      </input_file>
      <input_file id="fl-16">
         <path>C:\ti\simplelink_cc32xx_sdk_4_30_00_06\source\ti\drivers\lib\ccs\m4\</path>
         <kind>archive</kind>
         <file>drivers_cc32xx.a</file>
         <name>UARTCC32XX.oem4</name>
      </input_file>
      <input_file id="fl-17">
         <path>C:\ti\simplelink_cc32xx_sdk_4_30_00_06\source\ti\drivers\lib\ccs\m4\</path>
         <kind>archive</kind>
         <file>drivers_cc32xx.a</file>
         <name>List.oem4</name>
      </input_file>
      <input_file id="fl-18">
         <path>C:\ti\simplelink_cc32xx_sdk_4_30_00_06\source\ti\drivers\lib\ccs\m4\</path>
         <kind>archive</kind>
         <file>drivers_cc32xx.a</file>
         <name>RingBuf.oem4</name>
      </input_file>
      <input_file id="fl-19">
         <path>C:\ti\simplelink_cc32xx_sdk_4_30_00_06\kernel\nortos\lib\ccs\m4\</path>
         <kind>archive</kind>
         <file>nortos_cc32xx.a</file>
         <name>NoRTOS.oem4</name>
      </input_file>
      <input_file id="fl-1a">
         <path>C:\ti\simplelink_cc32xx_sdk_4_30_00_06\kernel\nortos\lib\ccs\m4\</path>
         <kind>archive</kind>
         <file>nortos_cc32xx.a</file>
         <name>SemaphoreP_nortos.oem4</name>
      </input_file>
      <input_file id="fl-1b">
         <path>C:\ti\simplelink_cc32xx_sdk_4_30_00_06\kernel\nortos\lib\ccs\m4\</path>
         <kind>archive</kind>
         <file>nortos_cc32xx.a</file>
         <name>ClockPSysTick_nortos.oem4</name>
      </input_file>
      <input_file id="fl-1c">
         <path>C:\ti\simplelink_cc32xx_sdk_4_30_00_06\kernel\nortos\lib\ccs\m4\</path>
         <kind>archive</kind>
         <file>nortos_cc32xx.a</file>
         <name>HwiPCC32XX_nortos.oem4</name>
      </input_file>
      <input_file id="fl-1d">
         <path>C:\ti\simplelink_cc32xx_sdk_4_30_00_06\kernel\nortos\lib\ccs\m4\</path>
         <kind>archive</kind>
         <file>nortos_cc32xx.a</file>
         <name>PowerCC32XX_nortos.oem4</name>
      </input_file>
      <input_file id="fl-1e">
         <path>C:\ti\simplelink_cc32xx_sdk_4_30_00_06\kernel\nortos\lib\ccs\m4\</path>
         <kind>archive</kind>
         <file>nortos_cc32xx.a</file>
         <name>startup_cc32xx_ccs.oem4</name>
      </input_file>
      <input_file id="fl-1f">
         <path>C:\ti\simplelink_cc32xx_sdk_4_30_00_06\kernel\nortos\lib\ccs\m4\</path>
         <kind>archive</kind>
         <file>nortos_cc32xx.a</file>
         <name>SwiP_nortos.oem4</name>
      </input_file>
      <input_file id="fl-20">
         <path>C:\ti\simplelink_cc32xx_sdk_4_30_00_06\kernel\nortos\lib\ccs\m4\</path>
         <kind>archive</kind>
         <file>nortos_cc32xx.a</file>
         <name>QueueP_nortos.oem4</name>
      </input_file>
      <input_file id="fl-21">
         <path>C:\ti\simplelink_cc32xx_sdk_4_30_00_06\source\ti\devices\cc32xx\driverlib\ccs\Release\</path>
         <kind>archive</kind>
         <file>driverlib.a</file>
         <name>cpu.obj</name>
      </input_file>
      <input_file id="fl-22">
         <path>C:\ti\simplelink_cc32xx_sdk_4_30_00_06\source\ti\devices\cc32xx\driverlib\ccs\Release\</path>
         <kind>archive</kind>
         <file>driverlib.a</file>
         <name>i2c.obj</name>
      </input_file>
      <input_file id="fl-23">
         <path>C:\ti\simplelink_cc32xx_sdk_4_30_00_06\source\ti\devices\cc32xx\driverlib\ccs\Release\</path>
         <kind>archive</kind>
         <file>driverlib.a</file>
         <name>interrupt.obj</name>
      </input_file>
      <input_file id="fl-24">
         <path>C:\ti\simplelink_cc32xx_sdk_4_30_00_06\source\ti\devices\cc32xx\driverlib\ccs\Release\</path>
         <kind>archive</kind>
         <file>driverlib.a</file>
         <name>pin.obj</name>
      </input_file>
      <input_file id="fl-25">
         <path>C:\ti\simplelink_cc32xx_sdk_4_30_00_06\source\ti\devices\cc32xx\driverlib\ccs\Release\</path>
         <kind>archive</kind>
         <file>driverlib.a</file>
         <name>prcm.obj</name>
      </input_file>
      <input_file id="fl-26">
         <path>C:\ti\simplelink_cc32xx_sdk_4_30_00_06\source\ti\devices\cc32xx\driverlib\ccs\Release\</path>
         <kind>archive</kind>
         <file>driverlib.a</file>
         <name>timer.obj</name>
      </input_file>
      <input_file id="fl-27">
         <path>C:\ti\simplelink_cc32xx_sdk_4_30_00_06\source\ti\devices\cc32xx\driverlib\ccs\Release\</path>
         <kind>archive</kind>
         <file>driverlib.a</file>
         <name>uart.obj</name>
      </input_file>
      <input_file id="fl-28">
         <path>C:\ti\simplelink_cc32xx_sdk_4_30_00_06\source\ti\devices\cc32xx\driverlib\ccs\Release\</path>
         <kind>archive</kind>
         <file>driverlib.a</file>
         <name>utils.obj</name>
      </input_file>
      <input_file id="fl-29">
         <path>C:\ti\simplelink_cc32xx_sdk_4_30_00_06\source\ti\devices\cc32xx\driverlib\ccs\Release\</path>
         <kind>archive</kind>
         <file>driverlib.a</file>
         <name>flash.obj</name>
      </input_file>
      <input_file id="fl-df">
         <path>C:\ti\ccs1240\ccs\tools\compiler\ti-cgt-arm_20.2.7.LTS\lib\</path>
         <kind>archive</kind>
         <file>rtsv7M4_T_le_eabi.lib</file>
         <name>snprintf.c.obj</name>
      </input_file>
      <input_file id="fl-e0">
         <path>C:\ti\ccs1240\ccs\tools\compiler\ti-cgt-arm_20.2.7.LTS\lib\</path>
         <kind>archive</kind>
         <file>rtsv7M4_T_le_eabi.lib</file>
         <name>fs_mul_t2.asm.obj</name>
      </input_file>
      <input_file id="fl-e1">
         <path>C:\ti\ccs1240\ccs\tools\compiler\ti-cgt-arm_20.2.7.LTS\lib\</path>
         <kind>archive</kind>
         <file>rtsv7M4_T_le_eabi.lib</file>
         <name>fs_toi_t2.asm.obj</name>
      </input_file>
      <input_file id="fl-e2">
         <path>C:\ti\ccs1240\ccs\tools\compiler\ti-cgt-arm_20.2.7.LTS\lib\</path>
         <kind>archive</kind>
         <file>rtsv7M4_T_le_eabi.lib</file>
         <name>i_tofs_t2.asm.obj</name>
      </input_file>
      <input_file id="fl-e3">
         <path>C:\ti\ccs1240\ccs\tools\compiler\ti-cgt-arm_20.2.7.LTS\lib\</path>
         <kind>archive</kind>
         <file>rtsv7M4_T_le_eabi.lib</file>
         <name>ll_mul_t2.asm.obj</name>
      </input_file>
      <input_file id="fl-e4">
         <path>C:\ti\ccs1240\ccs\tools\compiler\ti-cgt-arm_20.2.7.LTS\lib\</path>
         <kind>archive</kind>
         <file>rtsv7M4_T_le_eabi.lib</file>
         <name>memcpy_t2.asm.obj</name>
      </input_file>
      <input_file id="fl-e5">
         <path>C:\ti\ccs1240\ccs\tools\compiler\ti-cgt-arm_20.2.7.LTS\lib\</path>
         <kind>archive</kind>
         <file>rtsv7M4_T_le_eabi.lib</file>
         <name>ull_div_t2.asm.obj</name>
      </input_file>
      <input_file id="fl-e6">
         <path>C:\ti\ccs1240\ccs\tools\compiler\ti-cgt-arm_20.2.7.LTS\lib\</path>
         <kind>archive</kind>
         <file>rtsv7M4_T_le_eabi.lib</file>
         <name>copy_zero_init.c.obj</name>
      </input_file>
      <input_file id="fl-e7">
         <path>C:\ti\ccs1240\ccs\tools\compiler\ti-cgt-arm_20.2.7.LTS\lib\</path>
         <kind>archive</kind>
         <file>rtsv7M4_T_le_eabi.lib</file>
         <name>copy_decompress_none.c.obj</name>
      </input_file>
      <input_file id="fl-e8">
         <path>C:\ti\ccs1240\ccs\tools\compiler\ti-cgt-arm_20.2.7.LTS\lib\</path>
         <kind>archive</kind>
         <file>rtsv7M4_T_le_eabi.lib</file>
         <name>copy_decompress_lzss.c.obj</name>
      </input_file>
      <input_file id="fl-e9">
         <path>C:\ti\ccs1240\ccs\tools\compiler\ti-cgt-arm_20.2.7.LTS\lib\</path>
         <kind>archive</kind>
         <file>rtsv7M4_T_le_eabi.lib</file>
         <name>memory.c.obj</name>
      </input_file>
      <input_file id="fl-ea">
         <path>C:\ti\ccs1240\ccs\tools\compiler\ti-cgt-arm_20.2.7.LTS\lib\</path>
         <kind>archive</kind>
         <file>rtsv7M4_T_le_eabi.lib</file>
         <name>boot_cortex_m.c.obj</name>
      </input_file>
      <input_file id="fl-eb">
         <path>C:\ti\ccs1240\ccs\tools\compiler\ti-cgt-arm_20.2.7.LTS\lib\</path>
         <kind>archive</kind>
         <file>rtsv7M4_T_le_eabi.lib</file>
         <name>_printfi.c.obj</name>
      </input_file>
      <input_file id="fl-ec">
         <path>C:\ti\ccs1240\ccs\tools\compiler\ti-cgt-arm_20.2.7.LTS\lib\</path>
         <kind>archive</kind>
         <file>rtsv7M4_T_le_eabi.lib</file>
         <name>div0.asm.obj</name>
      </input_file>
      <input_file id="fl-ed">
         <path>C:\ti\ccs1240\ccs\tools\compiler\ti-cgt-arm_20.2.7.LTS\lib\</path>
         <kind>archive</kind>
         <file>rtsv7M4_T_le_eabi.lib</file>
         <name>fd_add_t2.asm.obj</name>
      </input_file>
      <input_file id="fl-ee">
         <path>C:\ti\ccs1240\ccs\tools\compiler\ti-cgt-arm_20.2.7.LTS\lib\</path>
         <kind>archive</kind>
         <file>rtsv7M4_T_le_eabi.lib</file>
         <name>fd_cmp_t2.asm.obj</name>
      </input_file>
      <input_file id="fl-ef">
         <path>C:\ti\ccs1240\ccs\tools\compiler\ti-cgt-arm_20.2.7.LTS\lib\</path>
         <kind>archive</kind>
         <file>rtsv7M4_T_le_eabi.lib</file>
         <name>fd_div_t2.asm.obj</name>
      </input_file>
      <input_file id="fl-f0">
         <path>C:\ti\ccs1240\ccs\tools\compiler\ti-cgt-arm_20.2.7.LTS\lib\</path>
         <kind>archive</kind>
         <file>rtsv7M4_T_le_eabi.lib</file>
         <name>fd_mul_t2.asm.obj</name>
      </input_file>
      <input_file id="fl-f1">
         <path>C:\ti\ccs1240\ccs\tools\compiler\ti-cgt-arm_20.2.7.LTS\lib\</path>
         <kind>archive</kind>
         <file>rtsv7M4_T_le_eabi.lib</file>
         <name>fd_toi_t2.asm.obj</name>
      </input_file>
      <input_file id="fl-f2">
         <path>C:\ti\ccs1240\ccs\tools\compiler\ti-cgt-arm_20.2.7.LTS\lib\</path>
         <kind>archive</kind>
         <file>rtsv7M4_T_le_eabi.lib</file>
         <name>i_tofd_t2.asm.obj</name>
      </input_file>
      <input_file id="fl-f3">
         <path>C:\ti\ccs1240\ccs\tools\compiler\ti-cgt-arm_20.2.7.LTS\lib\</path>
         <kind>archive</kind>
         <file>rtsv7M4_T_le_eabi.lib</file>
         <name>memset_t2.asm.obj</name>
      </input_file>
      <input_file id="fl-f4">
         <path>C:\ti\ccs1240\ccs\tools\compiler\ti-cgt-arm_20.2.7.LTS\lib\</path>
         <kind>archive</kind>
         <file>rtsv7M4_T_le_eabi.lib</file>
         <name>autoinit.c.obj</name>
      </input_file>
      <input_file id="fl-f5">
         <path>C:\ti\ccs1240\ccs\tools\compiler\ti-cgt-arm_20.2.7.LTS\lib\</path>
         <kind>archive</kind>
         <file>rtsv7M4_T_le_eabi.lib</file>
         <name>pre_init.c.obj</name>
      </input_file>
      <input_file id="fl-f6">
         <path>C:\ti\ccs1240\ccs\tools\compiler\ti-cgt-arm_20.2.7.LTS\lib\</path>
         <kind>archive</kind>
         <file>rtsv7M4_T_le_eabi.lib</file>
         <name>cpy_tbl.c.obj</name>
      </input_file>
      <input_file id="fl-f7">
         <path>C:\ti\ccs1240\ccs\tools\compiler\ti-cgt-arm_20.2.7.LTS\lib\</path>
         <kind>archive</kind>
         <file>rtsv7M4_T_le_eabi.lib</file>
         <name>exit.c.obj</name>
      </input_file>
      <input_file id="fl-f8">
         <path>C:\ti\ccs1240\ccs\tools\compiler\ti-cgt-arm_20.2.7.LTS\lib\</path>
         <kind>archive</kind>
         <file>rtsv7M4_T_le_eabi.lib</file>
         <name>_lock.c.obj</name>
      </input_file>
      <input_file id="fl-f9">
         <path>C:\ti\ccs1240\ccs\tools\compiler\ti-cgt-arm_20.2.7.LTS\lib\</path>
         <kind>archive</kind>
         <file>rtsv7M4_T_le_eabi.lib</file>
         <name>_ltoa.c.obj</name>
      </input_file>
      <input_file id="fl-fa">
         <path>C:\ti\ccs1240\ccs\tools\compiler\ti-cgt-arm_20.2.7.LTS\lib\</path>
         <kind>archive</kind>
         <file>rtsv7M4_T_le_eabi.lib</file>
         <name>args_main.c.obj</name>
      </input_file>
      <input_file id="fl-fb">
         <path>C:\ti\ccs1240\ccs\tools\compiler\ti-cgt-arm_20.2.7.LTS\lib\</path>
         <kind>archive</kind>
         <file>rtsv7M4_T_le_eabi.lib</file>
         <name>atoi.c.obj</name>
      </input_file>
      <input_file id="fl-fc">
         <path>C:\ti\ccs1240\ccs\tools\compiler\ti-cgt-arm_20.2.7.LTS\lib\</path>
         <kind>archive</kind>
         <file>rtsv7M4_T_le_eabi.lib</file>
         <name>ctype.c.obj</name>
      </input_file>
      <input_file id="fl-fd">
         <path>C:\ti\ccs1240\ccs\tools\compiler\ti-cgt-arm_20.2.7.LTS\lib\</path>
         <kind>archive</kind>
         <file>rtsv7M4_T_le_eabi.lib</file>
         <name>memccpy.c.obj</name>
      </input_file>
      <input_file id="fl-fe">
         <path>C:\ti\ccs1240\ccs\tools\compiler\ti-cgt-arm_20.2.7.LTS\lib\</path>
         <kind>archive</kind>
         <file>rtsv7M4_T_le_eabi.lib</file>
         <name>strchr.c.obj</name>
      </input_file>
      <input_file id="fl-ff">
         <path>C:\ti\ccs1240\ccs\tools\compiler\ti-cgt-arm_20.2.7.LTS\lib\</path>
         <kind>archive</kind>
         <file>rtsv7M4_T_le_eabi.lib</file>
         <name>strlen.c.obj</name>
      </input_file>
      <input_file id="fl-100">
         <path>C:\ti\ccs1240\ccs\tools\compiler\ti-cgt-arm_20.2.7.LTS\lib\</path>
         <kind>archive</kind>
         <file>rtsv7M4_T_le_eabi.lib</file>
         <name>errno.c.obj</name>
      </input_file>
      <input_file id="fl-101">
         <path>C:\ti\ccs1240\ccs\tools\compiler\ti-cgt-arm_20.2.7.LTS\lib\</path>
         <kind>archive</kind>
         <file>rtsv7M4_T_le_eabi.lib</file>
         <name>wcslen.c.obj</name>
      </input_file>
      <input_file id="fl-102">
         <path>C:\ti\ccs1240\ccs\tools\compiler\ti-cgt-arm_20.2.7.LTS\lib\</path>
         <kind>archive</kind>
         <file>rtsv7M4_T_le_eabi.lib</file>
         <name>s_frexp.c.obj</name>
      </input_file>
      <input_file id="fl-103">
         <path>C:\ti\ccs1240\ccs\tools\compiler\ti-cgt-arm_20.2.7.LTS\lib\</path>
         <kind>archive</kind>
         <file>rtsv7M4_T_le_eabi.lib</file>
         <name>s_scalbn.c.obj</name>
      </input_file>
      <input_file id="fl-104">
         <path>C:\ti\ccs1240\ccs\tools\compiler\ti-cgt-arm_20.2.7.LTS\lib\</path>
         <kind>archive</kind>
         <file>rtsv7M4_T_le_eabi.lib</file>
         <name>s_copysign.c.obj</name>
      </input_file>
   </input_file_list>
   <object_component_list>
      <object_component id="oc-3a2">
         <name>.text:__TI_printfi</name>
         <load_address>0x2000c040</load_address>
         <run_address>0x2000c040</run_address>
         <size>0xa4e</size>
         <input_file_ref idref="fl-eb"/>
      </object_component>
      <object_component id="oc-1d9">
         <name>.text:Board_initHook</name>
         <load_address>0x2000ca8e</load_address>
         <run_address>0x2000ca8e</run_address>
         <size>0x2</size>
         <input_file_ref idref="fl-3"/>
      </object_component>
      <object_component id="oc-1cd">
         <name>.text:PRCMCC3200MCUInit</name>
         <load_address>0x2000ca90</load_address>
         <run_address>0x2000ca90</run_address>
         <size>0x42c</size>
         <input_file_ref idref="fl-25"/>
      </object_component>
      <object_component id="oc-7a3">
         <name>.text:UARTCC32XX_open</name>
         <load_address>0x2000cebc</load_address>
         <run_address>0x2000cebc</run_address>
         <size>0x288</size>
         <input_file_ref idref="fl-16"/>
      </object_component>
      <object_component id="oc-52c">
         <name>.text:_pconv_a</name>
         <load_address>0x2000d144</load_address>
         <run_address>0x2000d144</run_address>
         <size>0x268</size>
         <input_file_ref idref="fl-eb"/>
      </object_component>
      <object_component id="oc-1ed">
         <name>.text:initI2C</name>
         <load_address>0x2000d3ac</load_address>
         <run_address>0x2000d3ac</run_address>
         <size>0x250</size>
         <input_file_ref idref="fl-2"/>
      </object_component>
      <object_component id="oc-1f9">
         <name>.text:GPIO_setConfig</name>
         <load_address>0x2000d5fc</load_address>
         <run_address>0x2000d5fc</run_address>
         <size>0x1e4</size>
         <input_file_ref idref="fl-11"/>
      </object_component>
      <object_component id="oc-51a">
         <name>.text:_pconv_g</name>
         <load_address>0x2000d7e0</load_address>
         <run_address>0x2000d7e0</run_address>
         <size>0x1cc</size>
         <input_file_ref idref="fl-eb"/>
      </object_component>
      <object_component id="oc-6d3">
         <name>.text</name>
         <load_address>0x2000d9ac</load_address>
         <run_address>0x2000d9ac</run_address>
         <size>0x1b6</size>
         <input_file_ref idref="fl-ed"/>
      </object_component>
      <object_component id="oc-317">
         <name>.text:I2C_init</name>
         <load_address>0x2000db62</load_address>
         <run_address>0x2000db62</run_address>
         <size>0x2</size>
         <input_file_ref idref="fl-e"/>
      </object_component>
      <object_component id="oc-15f">
         <name>.text:mainThread</name>
         <load_address>0x2000db64</load_address>
         <run_address>0x2000db64</run_address>
         <size>0x1a0</size>
         <input_file_ref idref="fl-2"/>
      </object_component>
      <object_component id="oc-40b">
         <name>.text:PowerCC32XX_sleepPolicy</name>
         <load_address>0x2000dd04</load_address>
         <run_address>0x2000dd04</run_address>
         <size>0x19c</size>
         <input_file_ref idref="fl-1d"/>
      </object_component>
      <object_component id="oc-4b7">
         <name>.text:I2CCC32XX_hwiFxn</name>
         <load_address>0x2000dea0</load_address>
         <run_address>0x2000dea0</run_address>
         <size>0x148</size>
         <input_file_ref idref="fl-12"/>
      </object_component>
      <object_component id="oc-744">
         <name>.text:parkPins</name>
         <load_address>0x2000dfe8</load_address>
         <run_address>0x2000dfe8</run_address>
         <size>0x148</size>
         <input_file_ref idref="fl-13"/>
      </object_component>
      <object_component id="oc-526">
         <name>.text:_pconv_e</name>
         <load_address>0x2000e130</load_address>
         <run_address>0x2000e130</run_address>
         <size>0x13c</size>
         <input_file_ref idref="fl-eb"/>
      </object_component>
      <object_component id="oc-5a8">
         <name>.text:Power_sleep</name>
         <load_address>0x2000e26c</load_address>
         <run_address>0x2000e26c</run_address>
         <size>0x138</size>
         <input_file_ref idref="fl-13"/>
      </object_component>
      <object_component id="oc-6b9">
         <name>.text</name>
         <load_address>0x2000e3a4</load_address>
         <run_address>0x2000e3a4</run_address>
         <size>0x136</size>
         <input_file_ref idref="fl-ef"/>
      </object_component>
      <object_component id="oc-405">
         <name>.text:PowerCC32XX_initPolicy</name>
         <load_address>0x2000e4da</load_address>
         <run_address>0x2000e4da</run_address>
         <size>0x2</size>
         <input_file_ref idref="fl-1d"/>
      </object_component>
      <object_component id="oc-845">
         <name>.text:TimerCC32XX_open</name>
         <load_address>0x2000e4dc</load_address>
         <run_address>0x2000e4dc</run_address>
         <size>0x128</size>
         <input_file_ref idref="fl-15"/>
      </object_component>
      <object_component id="oc-4c5">
         <name>.text:I2C_transferTimeout</name>
         <load_address>0x2000e604</load_address>
         <run_address>0x2000e604</run_address>
         <size>0x122</size>
         <input_file_ref idref="fl-e"/>
      </object_component>
      <object_component id="oc-83f">
         <name>.text:TimerCC32XX_init</name>
         <load_address>0x2000e726</load_address>
         <run_address>0x2000e726</run_address>
         <size>0x2</size>
         <input_file_ref idref="fl-15"/>
      </object_component>
      <object_component id="oc-791">
         <name>.text:UARTCC32XX_close</name>
         <load_address>0x2000e728</load_address>
         <run_address>0x2000e728</run_address>
         <size>0x120</size>
         <input_file_ref idref="fl-16"/>
      </object_component>
      <object_component id="oc-6e5">
         <name>.text:fcvt</name>
         <load_address>0x2000e848</load_address>
         <run_address>0x2000e848</run_address>
         <size>0x120</size>
         <input_file_ref idref="fl-eb"/>
      </object_component>
      <object_component id="oc-211">
         <name>.text:readTemp</name>
         <load_address>0x2000e968</load_address>
         <run_address>0x2000e968</run_address>
         <size>0x120</size>
         <input_file_ref idref="fl-2"/>
      </object_component>
      <object_component id="oc-6a4">
         <name>.text:aligned_alloc</name>
         <load_address>0x2000ea88</load_address>
         <run_address>0x2000ea88</run_address>
         <size>0x100</size>
         <input_file_ref idref="fl-e9"/>
      </object_component>
      <object_component id="oc-323">
         <name>.text:I2C_open</name>
         <load_address>0x2000eb88</load_address>
         <run_address>0x2000eb88</run_address>
         <size>0xfc</size>
         <input_file_ref idref="fl-12"/>
      </object_component>
      <object_component id="oc-6b4">
         <name>.text</name>
         <load_address>0x2000ec84</load_address>
         <run_address>0x2000ec84</run_address>
         <size>0xfc</size>
         <input_file_ref idref="fl-f0"/>
      </object_component>
      <object_component id="oc-797">
         <name>.text:UARTCC32XX_control</name>
         <load_address>0x2000ed80</load_address>
         <run_address>0x2000ed80</run_address>
         <size>0xf2</size>
         <input_file_ref idref="fl-16"/>
      </object_component>
      <object_component id="oc-79d">
         <name>.text:UARTCC32XX_init</name>
         <load_address>0x2000ee72</load_address>
         <run_address>0x2000ee72</run_address>
         <size>0x2</size>
         <input_file_ref idref="fl-16"/>
      </object_component>
      <object_component id="oc-427">
         <name>.text:free</name>
         <load_address>0x2000ee74</load_address>
         <run_address>0x2000ee74</run_address>
         <size>0xe4</size>
         <input_file_ref idref="fl-e9"/>
      </object_component>
      <object_component id="oc-6f9">
         <name>.text:scalbn</name>
         <load_address>0x2000ef58</load_address>
         <run_address>0x2000ef58</run_address>
         <size>0xd0</size>
         <input_file_ref idref="fl-103"/>
      </object_component>
      <object_component id="oc-7bb">
         <name>.text:UARTCC32XX_write</name>
         <load_address>0x2000f028</load_address>
         <run_address>0x2000f028</run_address>
         <size>0xca</size>
         <input_file_ref idref="fl-16"/>
      </object_component>
      <object_component id="oc-3cd">
         <name>.text:_nop</name>
         <load_address>0x2000f0f2</load_address>
         <run_address>0x2000f0f2</run_address>
         <size>0x2</size>
         <input_file_ref idref="fl-f8"/>
      </object_component>
      <object_component id="oc-1e1">
         <name>.text:GPIO_init</name>
         <load_address>0x2000f0f4</load_address>
         <run_address>0x2000f0f4</run_address>
         <size>0xc4</size>
         <input_file_ref idref="fl-11"/>
      </object_component>
      <object_component id="oc-761">
         <name>.text:restoreParkedPins</name>
         <load_address>0x2000f1b8</load_address>
         <run_address>0x2000f1b8</run_address>
         <size>0xc0</size>
         <input_file_ref idref="fl-13"/>
      </object_component>
      <object_component id="oc-7af">
         <name>.text:UARTCC32XX_readPolling</name>
         <load_address>0x2000f278</load_address>
         <run_address>0x2000f278</run_address>
         <size>0xba</size>
         <input_file_ref idref="fl-16"/>
      </object_component>
      <object_component id="oc-73">
         <name>.text:busFaultHandler</name>
         <load_address>0x2000f332</load_address>
         <run_address>0x2000f332</run_address>
         <size>0x2</size>
         <input_file_ref idref="fl-1e"/>
      </object_component>
      <object_component id="oc-942">
         <name>.text:initHw</name>
         <load_address>0x2000f334</load_address>
         <run_address>0x2000f334</run_address>
         <size>0xb8</size>
         <input_file_ref idref="fl-16"/>
      </object_component>
      <object_component id="oc-a44">
         <name>.text:readTaskCallback</name>
         <load_address>0x2000f3ec</load_address>
         <run_address>0x2000f3ec</run_address>
         <size>0xb6</size>
         <input_file_ref idref="fl-16"/>
      </object_component>
      <object_component id="oc-661">
         <name>.text:I2CCC32XX_completeTransfer</name>
         <load_address>0x2000f4a2</load_address>
         <run_address>0x2000f4a2</run_address>
         <size>0xb2</size>
         <input_file_ref idref="fl-12"/>
      </object_component>
      <object_component id="oc-50f">
         <name>.text:_ltostr</name>
         <load_address>0x2000f554</load_address>
         <run_address>0x2000f554</run_address>
         <size>0xb1</size>
         <input_file_ref idref="fl-eb"/>
      </object_component>
      <object_component id="oc-a32">
         <name>.text:readTaskBlocking</name>
         <load_address>0x2000f606</load_address>
         <run_address>0x2000f606</run_address>
         <size>0xb0</size>
         <input_file_ref idref="fl-16"/>
      </object_component>
      <object_component id="oc-a38">
         <name>.text:readIsrTextBlocking</name>
         <load_address>0x2000f6b6</load_address>
         <run_address>0x2000f6b6</run_address>
         <size>0xae</size>
         <input_file_ref idref="fl-16"/>
      </object_component>
      <object_component id="oc-64f">
         <name>.text:I2CCC32XX_primeWriteBurst</name>
         <load_address>0x2000f764</load_address>
         <run_address>0x2000f764</run_address>
         <size>0xa8</size>
         <input_file_ref idref="fl-12"/>
      </object_component>
      <object_component id="oc-b5">
         <name>.text:IntEnable</name>
         <load_address>0x2000f80c</load_address>
         <run_address>0x2000f80c</run_address>
         <size>0xa8</size>
         <input_file_ref idref="fl-23"/>
      </object_component>
      <object_component id="oc-2b8">
         <name>.text:PowerCC32XX_configureWakeup</name>
         <load_address>0x2000f8b4</load_address>
         <run_address>0x2000f8b4</run_address>
         <size>0xa8</size>
         <input_file_ref idref="fl-13"/>
      </object_component>
      <object_component id="oc-a4a">
         <name>.text:readIsrTextCallback</name>
         <load_address>0x2000f95c</load_address>
         <run_address>0x2000f95c</run_address>
         <size>0xa2</size>
         <input_file_ref idref="fl-16"/>
      </object_component>
      <object_component id="oc-979">
         <name>.text:writeData</name>
         <load_address>0x2000f9fe</load_address>
         <run_address>0x2000f9fe</run_address>
         <size>0xa2</size>
         <input_file_ref idref="fl-16"/>
      </object_component>
      <object_component id="oc-2de">
         <name>.text:SemaphoreP_pend</name>
         <load_address>0x2000faa0</load_address>
         <run_address>0x2000faa0</run_address>
         <size>0xa0</size>
         <input_file_ref idref="fl-1a"/>
      </object_component>
      <object_component id="oc-4a5">
         <name>.text:I2CCC32XX_initHw</name>
         <load_address>0x2000fb40</load_address>
         <run_address>0x2000fb40</run_address>
         <size>0x9c</size>
         <input_file_ref idref="fl-12"/>
      </object_component>
      <object_component id="oc-3b">
         <name>.text</name>
         <load_address>0x2000fbdc</load_address>
         <run_address>0x2000fbdc</run_address>
         <size>0x9c</size>
         <input_file_ref idref="fl-e4"/>
      </object_component>
      <object_component id="oc-2fa">
         <name>.text:powerNotifyFxn</name>
         <load_address>0x2000fc78</load_address>
         <run_address>0x2000fc78</run_address>
         <size>0x98</size>
         <input_file_ref idref="fl-11"/>
      </object_component>
      <object_component id="oc-5a3">
         <name>.text</name>
         <load_address>0x2000fd10</load_address>
         <run_address>0x2000fd10</run_address>
         <size>0x96</size>
         <input_file_ref idref="fl-e5"/>
      </object_component>
      <object_component id="oc-44c">
         <name>.text:clkFxn</name>
         <load_address>0x2000fda6</load_address>
         <run_address>0x2000fda6</run_address>
         <size>0x2</size>
         <input_file_ref idref="fl-1a"/>
      </object_component>
      <object_component id="oc-755">
         <name>.text:restoreNVICRegs</name>
         <load_address>0x2000fda8</load_address>
         <run_address>0x2000fda8</run_address>
         <size>0x90</size>
         <input_file_ref idref="fl-13"/>
      </object_component>
      <object_component id="oc-499">
         <name>.text:HwiP_construct</name>
         <load_address>0x2000fe38</load_address>
         <run_address>0x2000fe38</run_address>
         <size>0x8c</size>
         <input_file_ref idref="fl-1c"/>
      </object_component>
      <object_component id="oc-8eb">
         <name>.text:IntPendSet</name>
         <load_address>0x2000fec4</load_address>
         <run_address>0x2000fec4</run_address>
         <size>0x88</size>
         <input_file_ref idref="fl-23"/>
      </object_component>
      <object_component id="oc-357">
         <name>.text:PinConfigSet</name>
         <load_address>0x2000ff4c</load_address>
         <run_address>0x2000ff4c</run_address>
         <size>0x88</size>
         <input_file_ref idref="fl-24"/>
      </object_component>
      <object_component id="oc-84b">
         <name>.text:TimerCC32XX_setPeriod</name>
         <load_address>0x2000ffd4</load_address>
         <run_address>0x2000ffd4</run_address>
         <size>0x88</size>
         <input_file_ref idref="fl-15"/>
      </object_component>
      <object_component id="oc-515">
         <name>.text:__aeabi_cdcmple</name>
         <load_address>0x2001005c</load_address>
         <run_address>0x2001005c</run_address>
         <size>0x86</size>
         <input_file_ref idref="fl-ee"/>
      </object_component>
      <object_component id="oc-6be">
         <name>.text:__aeabi_cdrcmple</name>
         <load_address>0x200100e2</load_address>
         <run_address>0x200100e2</run_address>
         <size>0x86</size>
         <input_file_ref idref="fl-ee"/>
      </object_component>
      <object_component id="oc-1d3">
         <name>.text:Power_init</name>
         <load_address>0x20010168</load_address>
         <run_address>0x20010168</run_address>
         <size>0x84</size>
         <input_file_ref idref="fl-13"/>
      </object_component>
      <object_component id="oc-74a">
         <name>.text:saveNVICRegs</name>
         <load_address>0x200101ec</load_address>
         <run_address>0x200101ec</run_address>
         <size>0x84</size>
         <input_file_ref idref="fl-13"/>
      </object_component>
      <object_component id="oc-35d">
         <name>.text:Power_setDependency</name>
         <load_address>0x20010270</load_address>
         <run_address>0x20010270</run_address>
         <size>0x80</size>
         <input_file_ref idref="fl-13"/>
      </object_component>
      <object_component id="oc-a2c">
         <name>.text:readIsrBinaryBlocking</name>
         <load_address>0x200102f0</load_address>
         <run_address>0x200102f0</run_address>
         <size>0x7c</size>
         <input_file_ref idref="fl-16"/>
      </object_component>
      <object_component id="oc-649">
         <name>.text:I2CCC32XX_primeReadBurst</name>
         <load_address>0x2001036c</load_address>
         <run_address>0x2001036c</run_address>
         <size>0x7a</size>
         <input_file_ref idref="fl-12"/>
      </object_component>
      <object_component id="oc-397">
         <name>.text</name>
         <load_address>0x200103e6</load_address>
         <run_address>0x200103e6</run_address>
         <size>0x7a</size>
         <input_file_ref idref="fl-e0"/>
      </object_component>
      <object_component id="oc-9d">
         <name>.text</name>
         <load_address>0x20010460</load_address>
         <run_address>0x20010460</run_address>
         <size>0x7a</size>
         <input_file_ref idref="fl-f3"/>
      </object_component>
      <object_component id="oc-6d">
         <name>.text:defaultHandler</name>
         <load_address>0x200104da</load_address>
         <run_address>0x200104da</run_address>
         <size>0x2</size>
         <input_file_ref idref="fl-1e"/>
      </object_component>
      <object_component id="oc-381">
         <name>.text:GPIO_hwiIntFxn</name>
         <load_address>0x200104dc</load_address>
         <run_address>0x200104dc</run_address>
         <size>0x78</size>
         <input_file_ref idref="fl-11"/>
      </object_component>
      <object_component id="oc-851">
         <name>.text:TimerCC32XX_start</name>
         <load_address>0x20010554</load_address>
         <run_address>0x20010554</run_address>
         <size>0x78</size>
         <input_file_ref idref="fl-15"/>
      </object_component>
      <object_component id="oc-a3e">
         <name>.text:readIsrBinaryCallback</name>
         <load_address>0x200105cc</load_address>
         <run_address>0x200105cc</run_address>
         <size>0x78</size>
         <input_file_ref idref="fl-16"/>
      </object_component>
      <object_component id="oc-951">
         <name>.text:UARTCC32XX_hwiIntFxn</name>
         <load_address>0x20010644</load_address>
         <run_address>0x20010644</run_address>
         <size>0x74</size>
         <input_file_ref idref="fl-16"/>
      </object_component>
      <object_component id="oc-862">
         <name>.text:split</name>
         <load_address>0x200106b8</load_address>
         <run_address>0x200106b8</run_address>
         <size>0x70</size>
         <input_file_ref idref="fl-e9"/>
      </object_component>
      <object_component id="oc-6de">
         <name>.text:_mcpy</name>
         <load_address>0x20010728</load_address>
         <run_address>0x20010728</run_address>
         <size>0x6e</size>
         <input_file_ref idref="fl-eb"/>
      </object_component>
      <object_component id="oc-67c">
         <name>.text:I2CSupport_primeTransfer</name>
         <load_address>0x20010796</load_address>
         <run_address>0x20010796</run_address>
         <size>0x6a</size>
         <input_file_ref idref="fl-12"/>
      </object_component>
      <object_component id="oc-14">
         <name>.text:decompress:lzss:__TI_decompress_lzss</name>
         <load_address>0x20010800</load_address>
         <run_address>0x20010800</run_address>
         <size>0x68</size>
         <input_file_ref idref="fl-e8"/>
      </object_component>
      <object_component id="oc-7c7">
         <name>.text:UARTCC32XX_writeCancel</name>
         <load_address>0x20010868</load_address>
         <run_address>0x20010868</run_address>
         <size>0x66</size>
         <input_file_ref idref="fl-16"/>
      </object_component>
      <object_component id="oc-67">
         <name>.text:faultISR</name>
         <load_address>0x200108ce</load_address>
         <run_address>0x200108ce</run_address>
         <size>0x2</size>
         <input_file_ref idref="fl-1e"/>
      </object_component>
      <object_component id="oc-476">
         <name>.text:PowerCC32XX_setParkState</name>
         <load_address>0x200108d0</load_address>
         <run_address>0x200108d0</run_address>
         <size>0x64</size>
         <input_file_ref idref="fl-13"/>
      </object_component>
      <object_component id="oc-7c1">
         <name>.text:UARTCC32XX_writePolling</name>
         <load_address>0x20010934</load_address>
         <run_address>0x20010934</run_address>
         <size>0x62</size>
         <input_file_ref idref="fl-16"/>
      </object_component>
      <object_component id="oc-61">
         <name>.text:nmiISR</name>
         <load_address>0x20010996</load_address>
         <run_address>0x20010996</run_address>
         <size>0x2</size>
         <input_file_ref idref="fl-1e"/>
      </object_component>
      <object_component id="oc-286">
         <name>.text:PRCMSysResetCauseGet</name>
         <load_address>0x20010998</load_address>
         <run_address>0x20010998</run_address>
         <size>0x60</size>
         <input_file_ref idref="fl-25"/>
      </object_component>
      <object_component id="oc-205">
         <name>.text:GPIO_setCallback</name>
         <load_address>0x200109f8</load_address>
         <run_address>0x200109f8</run_address>
         <size>0x5c</size>
         <input_file_ref idref="fl-11"/>
      </object_component>
      <object_component id="oc-6f3">
         <name>.text:frexp</name>
         <load_address>0x20010a54</load_address>
         <run_address>0x20010a54</run_address>
         <size>0x5c</size>
         <input_file_ref idref="fl-102"/>
      </object_component>
      <object_component id="oc-8ab">
         <name>.text:sysTickInit</name>
         <load_address>0x20010ab0</load_address>
         <run_address>0x20010ab0</run_address>
         <size>0x5c</size>
         <input_file_ref idref="fl-1b"/>
      </object_component>
      <object_component id="oc-1ff">
         <name>.text:GPIO_write</name>
         <load_address>0x20010b0c</load_address>
         <run_address>0x20010b0c</run_address>
         <size>0x58</size>
         <input_file_ref idref="fl-11"/>
      </object_component>
      <object_component id="oc-29f">
         <name>.text:PRCMPeripheralReset</name>
         <load_address>0x20010b64</load_address>
         <run_address>0x20010b64</run_address>
         <size>0x58</size>
         <input_file_ref idref="fl-25"/>
      </object_component>
      <object_component id="oc-909">
         <name>.text:Power_releaseDependency</name>
         <load_address>0x20010bbc</load_address>
         <run_address>0x20010bbc</run_address>
         <size>0x58</size>
         <input_file_ref idref="fl-13"/>
      </object_component>
      <object_component id="oc-857">
         <name>.text:TimerCC32XX_stop</name>
         <load_address>0x20010c14</load_address>
         <run_address>0x20010c14</run_address>
         <size>0x56</size>
         <input_file_ref idref="fl-15"/>
      </object_component>
      <object_component id="oc-520">
         <name>.text:_pconv_f</name>
         <load_address>0x20010c6a</load_address>
         <run_address>0x20010c6a</run_address>
         <size>0x56</size>
         <input_file_ref idref="fl-eb"/>
      </object_component>
      <object_component id="oc-6c8">
         <name>.text:__TI_ltoa</name>
         <load_address>0x20010cc0</load_address>
         <run_address>0x20010cc0</run_address>
         <size>0x54</size>
         <input_file_ref idref="fl-f9"/>
      </object_component>
      <object_component id="oc-1f3">
         <name>.text:initTimer</name>
         <load_address>0x20010d14</load_address>
         <run_address>0x20010d14</run_address>
         <size>0x54</size>
         <input_file_ref idref="fl-2"/>
      </object_component>
      <object_component id="oc-aa9">
         <name>.text:ringBufGet</name>
         <load_address>0x20010d68</load_address>
         <run_address>0x20010d68</run_address>
         <size>0x54</size>
         <input_file_ref idref="fl-16"/>
      </object_component>
      <object_component id="oc-8c8">
         <name>.text:PowerCC32XX_resumeLPDS</name>
         <load_address>0x20010dbc</load_address>
         <run_address>0x20010dbc</run_address>
         <size>0x52</size>
         <input_file_ref idref="fl-14"/>
      </object_component>
      <object_component id="oc-6d8">
         <name>.text:_ecpy</name>
         <load_address>0x20010e0e</load_address>
         <run_address>0x20010e0e</run_address>
         <size>0x52</size>
         <input_file_ref idref="fl-eb"/>
      </object_component>
      <object_component id="oc-9a8">
         <name>.text:initHw</name>
         <load_address>0x20010e60</load_address>
         <run_address>0x20010e60</run_address>
         <size>0x52</size>
         <input_file_ref idref="fl-15"/>
      </object_component>
      <object_component id="oc-738">
         <name>.text</name>
         <load_address>0x20010eb2</load_address>
         <run_address>0x20010eb2</run_address>
         <size>0x2</size>
         <input_file_ref idref="fl-ec"/>
      </object_component>
      <object_component id="oc-79">
         <name>.text:ClockP_sysTickHandler</name>
         <load_address>0x20010eb4</load_address>
         <run_address>0x20010eb4</run_address>
         <size>0x50</size>
         <input_file_ref idref="fl-1b"/>
      </object_component>
      <object_component id="oc-5c9">
         <name>.text:SemaphoreP_construct</name>
         <load_address>0x20010f04</load_address>
         <run_address>0x20010f04</run_address>
         <size>0x50</size>
         <input_file_ref idref="fl-1a"/>
      </object_component>
      <object_component id="oc-99c">
         <name>.text:TimerCC32XX_allocateTimerResource</name>
         <load_address>0x20010f54</load_address>
         <run_address>0x20010f54</run_address>
         <size>0x50</size>
         <input_file_ref idref="fl-15"/>
      </object_component>
      <object_component id="oc-20b">
         <name>.text:GPIO_enableInt</name>
         <load_address>0x20010fa4</load_address>
         <run_address>0x20010fa4</run_address>
         <size>0x4c</size>
         <input_file_ref idref="fl-11"/>
      </object_component>
      <object_component id="oc-63d">
         <name>.text:I2CCC32XX_readRecieveFifo</name>
         <load_address>0x20010ff0</load_address>
         <run_address>0x20010ff0</run_address>
         <size>0x4c</size>
         <input_file_ref idref="fl-12"/>
      </object_component>
      <object_component id="oc-8bf">
         <name>.text:PowerCC32XX_parkPin</name>
         <load_address>0x2001103c</load_address>
         <run_address>0x2001103c</run_address>
         <size>0x4c</size>
         <input_file_ref idref="fl-13"/>
      </object_component>
      <object_component id="oc-509">
         <name>.text:atoi</name>
         <load_address>0x20011088</load_address>
         <run_address>0x20011088</run_address>
         <size>0x4c</size>
         <input_file_ref idref="fl-fb"/>
      </object_component>
      <object_component id="oc-75b">
         <name>.text:restorePeriphClocks</name>
         <load_address>0x200110d4</load_address>
         <run_address>0x200110d4</run_address>
         <size>0x4c</size>
         <input_file_ref idref="fl-13"/>
      </object_component>
      <object_component id="oc-217">
         <name>.text:snprintf</name>
         <load_address>0x20011120</load_address>
         <run_address>0x20011120</run_address>
         <size>0x4c</size>
         <input_file_ref idref="fl-df"/>
      </object_component>
      <object_component id="oc-8e3">
         <name>.text:FlashDisable</name>
         <load_address>0x2001116c</load_address>
         <run_address>0x2001116c</run_address>
         <size>0x48</size>
         <input_file_ref idref="fl-29"/>
      </object_component>
      <object_component id="oc-767">
         <name>.text:PRCMLPDSEnter</name>
         <load_address>0x200111b4</load_address>
         <run_address>0x200111b4</run_address>
         <size>0x48</size>
         <input_file_ref idref="fl-25"/>
      </object_component>
      <object_component id="oc-299">
         <name>.text:PRCMPeripheralClkEnable</name>
         <load_address>0x200111fc</load_address>
         <run_address>0x200111fc</run_address>
         <size>0x48</size>
         <input_file_ref idref="fl-25"/>
      </object_component>
      <object_component id="oc-802">
         <name>.text:Power_releaseConstraint</name>
         <load_address>0x20011244</load_address>
         <run_address>0x20011244</run_address>
         <size>0x48</size>
         <input_file_ref idref="fl-13"/>
      </object_component>
      <object_component id="oc-6c3">
         <name>.text</name>
         <load_address>0x2001128c</load_address>
         <run_address>0x2001128c</run_address>
         <size>0x48</size>
         <input_file_ref idref="fl-f1"/>
      </object_component>
      <object_component id="oc-a96">
         <name>.text:RingBuf_put</name>
         <load_address>0x200112d4</load_address>
         <run_address>0x200112d4</run_address>
         <size>0x46</size>
         <input_file_ref idref="fl-18"/>
      </object_component>
      <object_component id="oc-9a2">
         <name>.text:getPrescaler</name>
         <load_address>0x2001131a</load_address>
         <run_address>0x2001131a</run_address>
         <size>0x46</size>
         <input_file_ref idref="fl-15"/>
      </object_component>
      <object_component id="oc-5f1">
         <name>.text:ClockP_stop</name>
         <load_address>0x20011360</load_address>
         <run_address>0x20011360</run_address>
         <size>0x44</size>
         <input_file_ref idref="fl-1b"/>
      </object_component>
      <object_component id="oc-8cd">
         <name>.text:PRCMLPDSRestoreInfoSet</name>
         <load_address>0x200113a4</load_address>
         <run_address>0x200113a4</run_address>
         <size>0x44</size>
         <input_file_ref idref="fl-25"/>
      </object_component>
      <object_component id="oc-750">
         <name>.text:PowerCC32XX_enterLPDS</name>
         <load_address>0x200113e8</load_address>
         <run_address>0x200113e8</run_address>
         <size>0x44</size>
         <input_file_ref idref="fl-14"/>
      </object_component>
      <object_component id="oc-2ea">
         <name>.text:SemaphoreP_post</name>
         <load_address>0x2001142c</load_address>
         <run_address>0x2001142c</run_address>
         <size>0x44</size>
         <input_file_ref idref="fl-1a"/>
      </object_component>
      <object_component id="oc-5b9">
         <name>.text:SwiP_restore</name>
         <load_address>0x20011470</load_address>
         <run_address>0x20011470</run_address>
         <size>0x44</size>
         <input_file_ref idref="fl-1f"/>
      </object_component>
      <object_component id="oc-337">
         <name>.text:Timer_init</name>
         <load_address>0x200114b4</load_address>
         <run_address>0x200114b4</run_address>
         <size>0x44</size>
         <input_file_ref idref="fl-f"/>
      </object_component>
      <object_component id="oc-304">
         <name>.text:UART_init</name>
         <load_address>0x200114f8</load_address>
         <run_address>0x200114f8</run_address>
         <size>0x44</size>
         <input_file_ref idref="fl-10"/>
      </object_component>
      <object_component id="oc-172">
         <name>.text:__TI_auto_init_nobinit_nopinit:__TI_auto_init_nobinit_nopinit</name>
         <load_address>0x2001153c</load_address>
         <run_address>0x2001153c</run_address>
         <size>0x44</size>
         <input_file_ref idref="fl-f4"/>
      </object_component>
      <object_component id="oc-1e7">
         <name>.text:initUART</name>
         <load_address>0x20011580</load_address>
         <run_address>0x20011580</run_address>
         <size>0x44</size>
         <input_file_ref idref="fl-2"/>
      </object_component>
      <object_component id="oc-a1b">
         <name>.text:ClockP_construct</name>
         <load_address>0x200115c4</load_address>
         <run_address>0x200115c4</run_address>
         <size>0x40</size>
         <input_file_ref idref="fl-1b"/>
      </object_component>
      <object_component id="oc-2b1">
         <name>.text:PinModeSet</name>
         <load_address>0x20011604</load_address>
         <run_address>0x20011604</run_address>
         <size>0x40</size>
         <input_file_ref idref="fl-24"/>
      </object_component>
      <object_component id="oc-96b">
         <name>.text:RingBuf_get</name>
         <load_address>0x20011644</load_address>
         <run_address>0x20011644</run_address>
         <size>0x40</size>
         <input_file_ref idref="fl-18"/>
      </object_component>
      <object_component id="oc-343">
         <name>.text:Timer_open</name>
         <load_address>0x20011684</load_address>
         <run_address>0x20011684</run_address>
         <size>0x40</size>
         <input_file_ref idref="fl-f"/>
      </object_component>
      <object_component id="oc-7a9">
         <name>.text:UARTCC32XX_read</name>
         <load_address>0x200116c4</load_address>
         <run_address>0x200116c4</run_address>
         <size>0x40</size>
         <input_file_ref idref="fl-16"/>
      </object_component>
      <object_component id="oc-310">
         <name>.text:UART_open</name>
         <load_address>0x20011704</load_address>
         <run_address>0x20011704</run_address>
         <size>0x40</size>
         <input_file_ref idref="fl-10"/>
      </object_component>
      <object_component id="oc-6eb">
         <name>.text:_fcpy</name>
         <load_address>0x20011744</load_address>
         <run_address>0x20011744</run_address>
         <size>0x3e</size>
         <input_file_ref idref="fl-eb"/>
      </object_component>
      <object_component id="oc-446">
         <name>.text:ClockP_destruct</name>
         <load_address>0x20011784</load_address>
         <run_address>0x20011784</run_address>
         <size>0x3c</size>
         <input_file_ref idref="fl-1b"/>
      </object_component>
      <object_component id="oc-809">
         <name>.text:Power_setConstraint</name>
         <load_address>0x200117c0</load_address>
         <run_address>0x200117c0</run_address>
         <size>0x3c</size>
         <input_file_ref idref="fl-13"/>
      </object_component>
      <object_component id="oc-82d">
         <name>.text:TimerCC32XX_close</name>
         <load_address>0x200117fc</load_address>
         <run_address>0x200117fc</run_address>
         <size>0x3a</size>
         <input_file_ref idref="fl-15"/>
      </object_component>
      <object_component id="oc-59d">
         <name>.text:getCountsRTC</name>
         <load_address>0x20011836</load_address>
         <run_address>0x20011836</run_address>
         <size>0x3a</size>
         <input_file_ref idref="fl-1d"/>
      </object_component>
      <object_component id="oc-76d">
         <name>.text:PRCMLPDSEnterKeepDebugIf</name>
         <load_address>0x20011870</load_address>
         <run_address>0x20011870</run_address>
         <size>0x38</size>
         <input_file_ref idref="fl-25"/>
      </object_component>
      <object_component id="oc-9b4">
         <name>.text:TimerCC32XX_hwiIntFunction</name>
         <load_address>0x200118a8</load_address>
         <run_address>0x200118a8</run_address>
         <size>0x38</size>
         <input_file_ref idref="fl-15"/>
      </object_component>
      <object_component id="oc-db">
         <name>.text:addToList</name>
         <load_address>0x200118e0</load_address>
         <run_address>0x200118e0</run_address>
         <size>0x38</size>
         <input_file_ref idref="fl-1b"/>
      </object_component>
      <object_component id="oc-59">
         <name>.text:initVectors</name>
         <load_address>0x20011918</load_address>
         <run_address>0x20011918</run_address>
         <size>0x38</size>
         <input_file_ref idref="fl-1e"/>
      </object_component>
      <object_component id="oc-73e">
         <name>.text:notify</name>
         <load_address>0x20011950</load_address>
         <run_address>0x20011950</run_address>
         <size>0x38</size>
         <input_file_ref idref="fl-13"/>
      </object_component>
      <object_component id="oc-39c">
         <name>.text</name>
         <load_address>0x20011988</load_address>
         <run_address>0x20011988</run_address>
         <size>0x38</size>
         <input_file_ref idref="fl-e1"/>
      </object_component>
      <object_component id="oc-392">
         <name>.text</name>
         <load_address>0x200119c0</load_address>
         <run_address>0x200119c0</run_address>
         <size>0x38</size>
         <input_file_ref idref="fl-e2"/>
      </object_component>
      <object_component id="oc-a74">
         <name>.text:TimerControlStall</name>
         <load_address>0x200119f8</load_address>
         <run_address>0x200119f8</run_address>
         <size>0x36</size>
         <input_file_ref idref="fl-26"/>
      </object_component>
      <object_component id="oc-7b5">
         <name>.text:UARTCC32XX_readCancel</name>
         <load_address>0x20011a2e</load_address>
         <run_address>0x20011a2e</run_address>
         <size>0x36</size>
         <input_file_ref idref="fl-16"/>
      </object_component>
      <object_component id="oc-58b">
         <name>.text:ClockP_getTicksUntilInterrupt</name>
         <load_address>0x20011a64</load_address>
         <run_address>0x20011a64</run_address>
         <size>0x34</size>
         <input_file_ref idref="fl-1b"/>
      </object_component>
      <object_component id="oc-72f">
         <name>.text:ClockP_startup</name>
         <load_address>0x20011a98</load_address>
         <run_address>0x20011a98</run_address>
         <size>0x34</size>
         <input_file_ref idref="fl-1b"/>
      </object_component>
      <object_component id="oc-2ab">
         <name>.text:PinModeGet</name>
         <load_address>0x20011acc</load_address>
         <run_address>0x20011acc</run_address>
         <size>0x34</size>
         <input_file_ref idref="fl-24"/>
      </object_component>
      <object_component id="oc-90f">
         <name>.text:PowerCC32XX_restoreParkState</name>
         <load_address>0x20011b00</load_address>
         <run_address>0x20011b00</run_address>
         <size>0x34</size>
         <input_file_ref idref="fl-13"/>
      </object_component>
      <object_component id="oc-992">
         <name>.text:TimerCC32XX_freeTimerResource</name>
         <load_address>0x20011b34</load_address>
         <run_address>0x20011b34</run_address>
         <size>0x34</size>
         <input_file_ref idref="fl-15"/>
      </object_component>
      <object_component id="oc-a68">
         <name>.text:getPowerMgrId</name>
         <load_address>0x20011b68</load_address>
         <run_address>0x20011b68</run_address>
         <size>0x34</size>
         <input_file_ref idref="fl-15"/>
      </object_component>
      <object_component id="oc-434">
         <name>.text:ClockP_start</name>
         <load_address>0x20011b9c</load_address>
         <run_address>0x20011b9c</run_address>
         <size>0x30</size>
         <input_file_ref idref="fl-1b"/>
      </object_component>
      <object_component id="oc-8dc">
         <name>.text:PowerCC32XX_restoreParkedPin</name>
         <load_address>0x20011bcc</load_address>
         <run_address>0x20011bcc</run_address>
         <size>0x30</size>
         <input_file_ref idref="fl-13"/>
      </object_component>
      <object_component id="oc-3a8">
         <name>.text:_outs</name>
         <load_address>0x20011bfc</load_address>
         <run_address>0x20011bfc</run_address>
         <size>0x30</size>
         <input_file_ref idref="fl-df"/>
      </object_component>
      <object_component id="oc-6ce">
         <name>.text</name>
         <load_address>0x20011c2c</load_address>
         <run_address>0x20011c2c</run_address>
         <size>0x2e</size>
         <input_file_ref idref="fl-f2"/>
      </object_component>
      <object_component id="oc-930">
         <name>.text:PowerCC32XX_getParkState</name>
         <load_address>0x20011c5c</load_address>
         <run_address>0x20011c5c</run_address>
         <size>0x2c</size>
         <input_file_ref idref="fl-13"/>
      </object_component>
      <object_component id="oc-369">
         <name>.text:HwiP_create</name>
         <load_address>0x20011c88</load_address>
         <run_address>0x20011c88</run_address>
         <size>0x2a</size>
         <input_file_ref idref="fl-1c"/>
      </object_component>
      <object_component id="oc-9c1">
         <name>.text:TimerLoadSet</name>
         <load_address>0x20011cb2</load_address>
         <run_address>0x20011cb2</run_address>
         <size>0x2a</size>
         <input_file_ref idref="fl-26"/>
      </object_component>
      <object_component id="oc-9bb">
         <name>.text:TimerPrescaleSet</name>
         <load_address>0x20011cdc</load_address>
         <run_address>0x20011cdc</run_address>
         <size>0x2a</size>
         <input_file_ref idref="fl-26"/>
      </object_component>
      <object_component id="oc-655">
         <name>.text:I2CFIFODataPutNonBlocking</name>
         <load_address>0x20011d06</load_address>
         <run_address>0x20011d06</run_address>
         <size>0x28</size>
         <input_file_ref idref="fl-22"/>
      </object_component>
      <object_component id="oc-2a5">
         <name>.text:PRCMPeripheralClkDisable</name>
         <load_address>0x20011d30</load_address>
         <run_address>0x20011d30</run_address>
         <size>0x28</size>
         <input_file_ref idref="fl-25"/>
      </object_component>
      <object_component id="oc-2e4">
         <name>.text:Power_registerNotify</name>
         <load_address>0x20011d58</load_address>
         <run_address>0x20011d58</run_address>
         <size>0x28</size>
         <input_file_ref idref="fl-13"/>
      </object_component>
      <object_component id="oc-5e9">
         <name>.text:free_list_insert</name>
         <load_address>0x20011d80</load_address>
         <run_address>0x20011d80</run_address>
         <size>0x28</size>
         <input_file_ref idref="fl-e9"/>
      </object_component>
      <object_component id="oc-7de">
         <name>.text:I2CFIFODataGetNonBlocking</name>
         <load_address>0x20011da8</load_address>
         <run_address>0x20011da8</run_address>
         <size>0x26</size>
         <input_file_ref idref="fl-22"/>
      </object_component>
      <object_component id="oc-688">
         <name>.text:I2C_cancel</name>
         <load_address>0x20011dce</load_address>
         <run_address>0x20011dce</run_address>
         <size>0x26</size>
         <input_file_ref idref="fl-e"/>
      </object_component>
      <object_component id="oc-456">
         <name>.text:List_put</name>
         <load_address>0x20011df4</load_address>
         <run_address>0x20011df4</run_address>
         <size>0x26</size>
         <input_file_ref idref="fl-17"/>
      </object_component>
      <object_component id="oc-a0b">
         <name>.text:List_remove</name>
         <load_address>0x20011e1a</load_address>
         <run_address>0x20011e1a</run_address>
         <size>0x26</size>
         <input_file_ref idref="fl-17"/>
      </object_component>
      <object_component id="oc-61c">
         <name>.text:HwiP_dispatch</name>
         <load_address>0x20011e40</load_address>
         <run_address>0x20011e40</run_address>
         <size>0x24</size>
         <input_file_ref idref="fl-1c"/>
      </object_component>
      <object_component id="oc-92a">
         <name>.text:PowerCC32XX_reset</name>
         <load_address>0x20011e64</load_address>
         <run_address>0x20011e64</run_address>
         <size>0x24</size>
         <input_file_ref idref="fl-13"/>
      </object_component>
      <object_component id="oc-c5">
         <name>.text:_c_int00_noargs:_c_int00_noargs</name>
         <load_address>0x20011e88</load_address>
         <run_address>0x20011e88</run_address>
         <size>0x24</size>
         <input_file_ref idref="fl-ea"/>
      </object_component>
      <object_component id="oc-7e6">
         <name>.text:I2CMasterSlaveAddrSet</name>
         <load_address>0x20011eac</load_address>
         <run_address>0x20011eac</run_address>
         <size>0x22</size>
         <input_file_ref idref="fl-22"/>
      </object_component>
      <object_component id="oc-a03">
         <name>.text:HwiP_destruct</name>
         <load_address>0x20011ece</load_address>
         <run_address>0x20011ece</run_address>
         <size>0x20</size>
         <input_file_ref idref="fl-1c"/>
      </object_component>
      <object_component id="oc-903">
         <name>.text:Power_unregisterNotify</name>
         <load_address>0x20011ef0</load_address>
         <run_address>0x20011ef0</run_address>
         <size>0x20</size>
         <input_file_ref idref="fl-13"/>
      </object_component>
      <object_component id="oc-916">
         <name>.text:RingBuf_peek</name>
         <load_address>0x20011f10</load_address>
         <run_address>0x20011f10</run_address>
         <size>0x20</size>
         <input_file_ref idref="fl-18"/>
      </object_component>
      <object_component id="oc-924">
         <name>.text:getPowerMgrId</name>
         <load_address>0x20011f30</load_address>
         <run_address>0x20011f30</run_address>
         <size>0x20</size>
         <input_file_ref idref="fl-16"/>
      </object_component>
      <object_component id="oc-631">
         <name>.text:I2CMasterIntStatusEx</name>
         <load_address>0x20011f50</load_address>
         <run_address>0x20011f50</run_address>
         <size>0x1e</size>
         <input_file_ref idref="fl-22"/>
      </object_component>
      <object_component id="oc-49f">
         <name>.text:SemaphoreP_constructBinary</name>
         <load_address>0x20011f6e</load_address>
         <run_address>0x20011f6e</run_address>
         <size>0x1e</size>
         <input_file_ref idref="fl-1a"/>
      </object_component>
      <object_component id="oc-9d5">
         <name>.text:TimerDisable</name>
         <load_address>0x20011f8c</load_address>
         <run_address>0x20011f8c</run_address>
         <size>0x1e</size>
         <input_file_ref idref="fl-26"/>
      </object_component>
      <object_component id="oc-9ce">
         <name>.text:TimerEnable</name>
         <load_address>0x20011faa</load_address>
         <run_address>0x20011faa</run_address>
         <size>0x1e</size>
         <input_file_ref idref="fl-26"/>
      </object_component>
      <object_component id="oc-8b9">
         <name>.text:PinToPadGet</name>
         <load_address>0x20011fc8</load_address>
         <run_address>0x20011fc8</run_address>
         <size>0x1c</size>
         <input_file_ref idref="fl-24"/>
      </object_component>
      <object_component id="oc-57f">
         <name>.text:SwiP_disable</name>
         <load_address>0x20011fe4</load_address>
         <run_address>0x20011fe4</run_address>
         <size>0x1c</size>
         <input_file_ref idref="fl-1f"/>
      </object_component>
      <object_component id="oc-47">
         <name>.text:decompress:ZI:__TI_zero_init_nomemset:__TI_zero_init_nomemset</name>
         <load_address>0x20012000</load_address>
         <run_address>0x20012000</run_address>
         <size>0x1c</size>
         <input_file_ref idref="fl-e6"/>
      </object_component>
      <object_component id="oc-5e3">
         <name>.text:free_list_remove</name>
         <load_address>0x2001201c</load_address>
         <run_address>0x2001201c</run_address>
         <size>0x1c</size>
         <input_file_ref idref="fl-e9"/>
      </object_component>
      <object_component id="oc-532">
         <name>.text:memccpy</name>
         <load_address>0x20012038</load_address>
         <run_address>0x20012038</run_address>
         <size>0x1c</size>
         <input_file_ref idref="fl-fd"/>
      </object_component>
      <object_component id="oc-93c">
         <name>.text:ClockP_create</name>
         <load_address>0x20012054</load_address>
         <run_address>0x20012054</run_address>
         <size>0x1a</size>
         <input_file_ref idref="fl-1b"/>
      </object_component>
      <object_component id="oc-2c6">
         <name>.text:SemaphoreP_createBinary</name>
         <load_address>0x2001206e</load_address>
         <run_address>0x2001206e</run_address>
         <size>0x1a</size>
         <input_file_ref idref="fl-1a"/>
      </object_component>
      <object_component id="oc-21">
         <name>.text:resetISR</name>
         <load_address>0x20012088</load_address>
         <run_address>0x20012088</run_address>
         <size>0x1a</size>
         <input_file_ref idref="fl-1e"/>
      </object_component>
      <object_component id="oc-81d">
         <name>.text:I2CMasterBusBusy</name>
         <load_address>0x200120a2</load_address>
         <run_address>0x200120a2</run_address>
         <size>0x18</size>
         <input_file_ref idref="fl-22"/>
      </object_component>
      <object_component id="oc-643">
         <name>.text:I2CMasterIntDisableEx</name>
         <load_address>0x200120ba</load_address>
         <run_address>0x200120ba</run_address>
         <size>0x18</size>
         <input_file_ref idref="fl-22"/>
      </object_component>
      <object_component id="oc-7f8">
         <name>.text:I2CMasterIntEnableEx</name>
         <load_address>0x200120d2</load_address>
         <run_address>0x200120d2</run_address>
         <size>0x18</size>
         <input_file_ref idref="fl-22"/>
      </object_component>
      <object_component id="oc-817">
         <name>.text:I2CRxFIFOFlush</name>
         <load_address>0x200120ea</load_address>
         <run_address>0x200120ea</run_address>
         <size>0x18</size>
         <input_file_ref idref="fl-22"/>
      </object_component>
      <object_component id="oc-811">
         <name>.text:I2CTxFIFOFlush</name>
         <load_address>0x20012102</load_address>
         <run_address>0x20012102</run_address>
         <size>0x18</size>
         <input_file_ref idref="fl-22"/>
      </object_component>
      <object_component id="oc-591">
         <name>.text:Power_getTransitionLatency</name>
         <load_address>0x2001211c</load_address>
         <run_address>0x2001211c</run_address>
         <size>0x18</size>
         <input_file_ref idref="fl-13"/>
      </object_component>
      <object_component id="oc-780">
         <name>.text:Power_idleFunc</name>
         <load_address>0x20012134</load_address>
         <run_address>0x20012134</run_address>
         <size>0x18</size>
         <input_file_ref idref="fl-13"/>
      </object_component>
      <object_component id="oc-839">
         <name>.text:TimerCC32XX_getCount</name>
         <load_address>0x2001214c</load_address>
         <run_address>0x2001214c</run_address>
         <size>0x18</size>
         <input_file_ref idref="fl-15"/>
      </object_component>
      <object_component id="oc-9db">
         <name>.text:TimerIntDisable</name>
         <load_address>0x20012164</load_address>
         <run_address>0x20012164</run_address>
         <size>0x18</size>
         <input_file_ref idref="fl-26"/>
      </object_component>
      <object_component id="oc-9c8">
         <name>.text:TimerIntEnable</name>
         <load_address>0x2001217c</load_address>
         <run_address>0x2001217c</run_address>
         <size>0x18</size>
         <input_file_ref idref="fl-26"/>
      </object_component>
      <object_component id="oc-973">
         <name>.text:UARTBusy</name>
         <load_address>0x20012194</load_address>
         <run_address>0x20012194</run_address>
         <size>0x18</size>
         <input_file_ref idref="fl-27"/>
      </object_component>
      <object_component id="oc-a5f">
         <name>.text:UARTIntEnable</name>
         <load_address>0x200121ac</load_address>
         <run_address>0x200121ac</run_address>
         <size>0x18</size>
         <input_file_ref idref="fl-27"/>
      </object_component>
      <object_component id="oc-30a">
         <name>.text:UART_Params_init</name>
         <load_address>0x200121c4</load_address>
         <run_address>0x200121c4</run_address>
         <size>0x18</size>
         <input_file_ref idref="fl-10"/>
      </object_component>
      <object_component id="oc-3ae">
         <name>.text:_outc</name>
         <load_address>0x200121dc</load_address>
         <run_address>0x200121dc</run_address>
         <size>0x18</size>
         <input_file_ref idref="fl-df"/>
      </object_component>
      <object_component id="oc-223">
         <name>.text:gpioButtonFxn0</name>
         <load_address>0x200121f4</load_address>
         <run_address>0x200121f4</run_address>
         <size>0x18</size>
         <input_file_ref idref="fl-2"/>
      </object_component>
      <object_component id="oc-229">
         <name>.text:gpioButtonFxn1</name>
         <load_address>0x2001220c</load_address>
         <run_address>0x2001220c</run_address>
         <size>0x18</size>
         <input_file_ref idref="fl-2"/>
      </object_component>
      <object_component id="oc-5ae">
         <name>.text</name>
         <load_address>0x20012224</load_address>
         <run_address>0x20012224</run_address>
         <size>0x18</size>
         <input_file_ref idref="fl-e3"/>
      </object_component>
      <object_component id="oc-34f">
         <name>.text:timerCallback</name>
         <load_address>0x2001223c</load_address>
         <run_address>0x2001223c</run_address>
         <size>0x18</size>
         <input_file_ref idref="fl-2"/>
      </object_component>
      <object_component id="oc-7f2">
         <name>.text:I2CMasterBurstLengthSet</name>
         <load_address>0x20012254</load_address>
         <run_address>0x20012254</run_address>
         <size>0x16</size>
         <input_file_ref idref="fl-22"/>
      </object_component>
      <object_component id="oc-293">
         <name>.text:PRCMHIBRegRead</name>
         <load_address>0x2001226a</load_address>
         <run_address>0x2001226a</run_address>
         <size>0x16</size>
         <input_file_ref idref="fl-25"/>
      </object_component>
      <object_component id="oc-28d">
         <name>.text:PRCMHIBRegWrite</name>
         <load_address>0x20012280</load_address>
         <run_address>0x20012280</run_address>
         <size>0x16</size>
         <input_file_ref idref="fl-25"/>
      </object_component>
      <object_component id="oc-41c">
         <name>.text:SemaphoreP_create</name>
         <load_address>0x20012296</load_address>
         <run_address>0x20012296</run_address>
         <size>0x16</size>
         <input_file_ref idref="fl-1a"/>
      </object_component>
      <object_component id="oc-6ff">
         <name>.text:strchr</name>
         <load_address>0x200122ac</load_address>
         <run_address>0x200122ac</run_address>
         <size>0x16</size>
         <input_file_ref idref="fl-fe"/>
      </object_component>
      <object_component id="oc-a3">
         <name>.text:CPUcpsid</name>
         <load_address>0x200122c2</load_address>
         <run_address>0x200122c2</run_address>
         <size>0x14</size>
         <input_file_ref idref="fl-21"/>
      </object_component>
      <object_component id="oc-45d">
         <name>.text:HwiP_inISR</name>
         <load_address>0x200122d8</load_address>
         <run_address>0x200122d8</run_address>
         <size>0x14</size>
         <input_file_ref idref="fl-1c"/>
      </object_component>
      <object_component id="oc-825">
         <name>.text:I2CSupport_masterFinish</name>
         <load_address>0x200122ec</load_address>
         <run_address>0x200122ec</run_address>
         <size>0x14</size>
         <input_file_ref idref="fl-12"/>
      </object_component>
      <object_component id="oc-329">
         <name>.text:I2C_transfer</name>
         <load_address>0x20012300</load_address>
         <run_address>0x20012300</run_address>
         <size>0x14</size>
         <input_file_ref idref="fl-e"/>
      </object_component>
      <object_component id="oc-af">
         <name>.text:IntVTableBaseSet</name>
         <load_address>0x20012314</load_address>
         <run_address>0x20012314</run_address>
         <size>0x14</size>
         <input_file_ref idref="fl-23"/>
      </object_component>
      <object_component id="oc-463">
         <name>.text:Power_disablePolicy</name>
         <load_address>0x20012328</load_address>
         <run_address>0x20012328</run_address>
         <size>0x14</size>
         <input_file_ref idref="fl-13"/>
      </object_component>
      <object_component id="oc-8d5">
         <name>.text:Power_getDependencyCount</name>
         <load_address>0x2001233c</load_address>
         <run_address>0x2001233c</run_address>
         <size>0x14</size>
         <input_file_ref idref="fl-13"/>
      </object_component>
      <object_component id="oc-a59">
         <name>.text:releasePowerConstraint</name>
         <load_address>0x20012350</load_address>
         <run_address>0x20012350</run_address>
         <size>0x14</size>
         <input_file_ref idref="fl-16"/>
      </object_component>
      <object_component id="oc-503">
         <name>.text:strlen</name>
         <load_address>0x20012364</load_address>
         <run_address>0x20012364</run_address>
         <size>0x14</size>
         <input_file_ref idref="fl-ff"/>
      </object_component>
      <object_component id="oc-363">
         <name>.text:HwiP_Params_init</name>
         <load_address>0x20012378</load_address>
         <run_address>0x20012378</run_address>
         <size>0x12</size>
         <input_file_ref idref="fl-1c"/>
      </object_component>
      <object_component id="oc-637">
         <name>.text:I2CMasterIntClearEx</name>
         <load_address>0x2001238a</load_address>
         <run_address>0x2001238a</run_address>
         <size>0x12</size>
         <input_file_ref idref="fl-22"/>
      </object_component>
      <object_component id="oc-91e">
         <name>.text:RingBuf_construct</name>
         <load_address>0x2001239c</load_address>
         <run_address>0x2001239c</run_address>
         <size>0x12</size>
         <input_file_ref idref="fl-18"/>
      </object_component>
      <object_component id="oc-a7c">
         <name>.text:TimerIntClear</name>
         <load_address>0x200123ae</load_address>
         <run_address>0x200123ae</run_address>
         <size>0x12</size>
         <input_file_ref idref="fl-26"/>
      </object_component>
      <object_component id="oc-11a">
         <name>.text:main</name>
         <load_address>0x200123c0</load_address>
         <run_address>0x200123c0</run_address>
         <size>0x12</size>
         <input_file_ref idref="fl-4"/>
      </object_component>
      <object_component id="oc-538">
         <name>.text:wcslen</name>
         <load_address>0x200123d2</load_address>
         <run_address>0x200123d2</run_address>
         <size>0x12</size>
         <input_file_ref idref="fl-101"/>
      </object_component>
      <object_component id="oc-153">
         <name>.text:Board_init</name>
         <load_address>0x200123e4</load_address>
         <run_address>0x200123e4</run_address>
         <size>0x10</size>
[...]
      <symbol id="sm-b06">
         <name>HwiP_disableInterrupt</name>
         <value>0x200124e1</value>
         <object_component_ref idref="oc-676"/>
      </symbol>
      <symbol id="sm-b36">
         <name>PowerCC32XX_initPolicy</name>
         <value>0x2000e4db</value>
         <object_component_ref idref="oc-405"/>
      </symbol>
      <symbol id="sm-b37">
         <name>PowerCC32XX_sleepPolicy</name>
         <value>0x2000dd05</value>
         <object_component_ref idref="oc-40b"/>
      </symbol>
      <symbol id="sm-b8c">
         <name>resetISR</name>
         <value>0x20012089</value>
         <object_component_ref idref="oc-21"/>
      </symbol>
      <symbol id="sm-b8d">
         <name>resetVectorAddr</name>
         <value>0x2001209c</value>
         <object_component_ref idref="oc-21"/>
      </symbol>
      <symbol id="sm-b8e">
         <name>initVectors</name>
         <value>0x20011919</value>
         <object_component_ref idref="oc-59"/>
      </symbol>
      <symbol id="sm-b8f">
         <name>resetVectors</name>
         <value>0x20004000</value>
         <object_component_ref idref="oc-27"/>
      </symbol>
      <symbol id="sm-bbf">
         <name>SwiP_disable</name>
         <value>0x20011fe5</value>
         <object_component_ref idref="oc-57f"/>
      </symbol>
      <symbol id="sm-bc0">
         <name>SwiP_restore</name>
         <value>0x20011471</value>
         <object_component_ref idref="oc-5b9"/>
      </symbol>
      <symbol id="sm-bcb">
         <name>CPUcpsid</name>
         <value>0x200122c3</value>
         <object_component_ref idref="oc-a3"/>
      </symbol>
      <symbol id="sm-c38">
         <name>I2CRxFIFOFlush</name>
         <value>0x200120eb</value>
         <object_component_ref idref="oc-817"/>
      </symbol>
      <symbol id="sm-c39">
         <name>I2CTxFIFOFlush</name>
         <value>0x20012103</value>
         <object_component_ref idref="oc-811"/>
      </symbol>
      <symbol id="sm-c3a">
         <name>I2CFIFODataPutNonBlocking</name>
         <value>0x20011d07</value>
         <object_component_ref idref="oc-655"/>
      </symbol>
      <symbol id="sm-c3b">
         <name>I2CMasterBusBusy</name>
         <value>0x200120a3</value>
         <object_component_ref idref="oc-81d"/>
      </symbol>
      <symbol id="sm-c3c">
         <name>I2CMasterIntDisableEx</name>
         <value>0x200120bb</value>
         <object_component_ref idref="oc-643"/>
      </symbol>
      <symbol id="sm-c3d">
         <name>I2CMasterBurstLengthSet</name>
         <value>0x20012255</value>
         <object_component_ref idref="oc-7f2"/>
      </symbol>
      <symbol id="sm-c3e">
         <name>I2CMasterIntClearEx</name>
         <value>0x2001238b</value>
         <object_component_ref idref="oc-637"/>
      </symbol>
      <symbol id="sm-c3f">
         <name>I2CMasterSlaveAddrSet</name>
         <value>0x20011ead</value>
         <object_component_ref idref="oc-7e6"/>
      </symbol>
      <symbol id="sm-c40">
         <name>I2CMasterIntEnableEx</name>
         <value>0x200120d3</value>
         <object_component_ref idref="oc-7f8"/>
      </symbol>
      <symbol id="sm-c41">
         <name>I2CFIFOStatus</name>
         <value>0x20012465</value>
         <object_component_ref idref="oc-65b"/>
      </symbol>
      <symbol id="sm-c42">
         <name>I2CMasterIntStatusEx</name>
         <value>0x20011f51</value>
         <object_component_ref idref="oc-631"/>
      </symbol>
      <symbol id="sm-c43">
         <name>I2CFIFODataGetNonBlocking</name>
         <value>0x20011da9</value>
         <object_component_ref idref="oc-7de"/>
      </symbol>
      <symbol id="sm-c88">
         <name>IntVTableBaseSet</name>
         <value>0x20012315</value>
         <object_component_ref idref="oc-af"/>
      </symbol>
      <symbol id="sm-c89">
         <name>IntEnable</name>
         <value>0x2000f80d</value>
         <object_component_ref idref="oc-b5"/>
      </symbol>
      <symbol id="sm-c8a">
         <name>IntMasterDisable</name>
         <value>0x20012585</value>
         <object_component_ref idref="oc-53"/>
      </symbol>
      <symbol id="sm-c8b">
         <name>IntPendSet</name>
         <value>0x2000fec5</value>
         <object_component_ref idref="oc-8eb"/>
      </symbol>
      <symbol id="sm-cc5">
         <name>PinModeGet</name>
         <value>0x20011acd</value>
         <object_component_ref idref="oc-2ab"/>
      </symbol>
      <symbol id="sm-cc6">
         <name>PinConfigSet</name>
         <value>0x2000ff4d</value>
         <object_component_ref idref="oc-357"/>
      </symbol>
      <symbol id="sm-cc7">
         <name>PinModeSet</name>
         <value>0x20011605</value>
         <object_component_ref idref="oc-2b1"/>
      </symbol>
      <symbol id="sm-cc8">
         <name>PinToPadGet</name>
         <value>0x20011fc9</value>
         <object_component_ref idref="oc-8b9"/>
      </symbol>
      <symbol id="sm-d91">
         <name>PRCMLPDSRestoreInfoSet</name>
         <value>0x200113a5</value>
         <object_component_ref idref="oc-8cd"/>
      </symbol>
      <symbol id="sm-d92">
         <name>PRCMPeripheralReset</name>
         <value>0x20010b65</value>
         <object_component_ref idref="oc-29f"/>
      </symbol>
      <symbol id="sm-d93">
         <name>PRCMLPDSEnter</name>
         <value>0x200111b5</value>
         <object_component_ref idref="oc-767"/>
      </symbol>
      <symbol id="sm-d94">
         <name>PRCMPeripheralClkEnable</name>
         <value>0x200111fd</value>
         <object_component_ref idref="oc-299"/>
      </symbol>
      <symbol id="sm-d95">
         <name>PRCMLPDSEnterKeepDebugIf</name>
         <value>0x20011871</value>
         <object_component_ref idref="oc-76d"/>
      </symbol>
      <symbol id="sm-d96">
         <name>PRCMCC3200MCUInit</name>
         <value>0x2000ca91</value>
         <object_component_ref idref="oc-1cd"/>
      </symbol>
      <symbol id="sm-d97">
         <name>PRCMHIBRegWrite</name>
         <value>0x20012281</value>
         <object_component_ref idref="oc-28d"/>
      </symbol>
      <symbol id="sm-d98">
         <name>PRCMSysResetCauseGet</name>
         <value>0x20010999</value>
         <object_component_ref idref="oc-286"/>
      </symbol>
      <symbol id="sm-d99">
         <name>PRCMPeripheralClkDisable</name>
         <value>0x20011d31</value>
         <object_component_ref idref="oc-2a5"/>
      </symbol>
      <symbol id="sm-d9a">
         <name>PRCMHIBRegRead</name>
         <value>0x2001226b</value>
         <object_component_ref idref="oc-293"/>
      </symbol>
      <symbol id="sm-de2">
         <name>TimerLoadSet</name>
         <value>0x20011cb3</value>
         <object_component_ref idref="oc-9c1"/>
      </symbol>
      <symbol id="sm-de3">
         <name>TimerDisable</name>
         <value>0x20011f8d</value>
         <object_component_ref idref="oc-9d5"/>
      </symbol>
      <symbol id="sm-de4">
         <name>TimerEnable</name>
         <value>0x20011fab</value>
         <object_component_ref idref="oc-9ce"/>
      </symbol>
      <symbol id="sm-de5">
         <name>TimerIntDisable</name>
         <value>0x20012165</value>
         <object_component_ref idref="oc-9db"/>
      </symbol>
      <symbol id="sm-de6">
         <name>TimerPrescaleSet</name>
         <value>0x20011cdd</value>
         <object_component_ref idref="oc-9bb"/>
      </symbol>
      <symbol id="sm-de7">
         <name>TimerControlStall</name>
         <value>0x200119f9</value>
         <object_component_ref idref="oc-a74"/>
      </symbol>
      <symbol id="sm-de8">
         <name>TimerIntEnable</name>
         <value>0x2001217d</value>
         <object_component_ref idref="oc-9c8"/>
      </symbol>
      <symbol id="sm-de9">
         <name>TimerIntClear</name>
         <value>0x200123af</value>
         <object_component_ref idref="oc-a7c"/>
      </symbol>
      <symbol id="sm-dfd">
         <name>UARTBusy</name>
         <value>0x20012195</value>
         <object_component_ref idref="oc-973"/>
      </symbol>
      <symbol id="sm-dfe">
         <name>UARTIntEnable</name>
         <value>0x200121ad</value>
         <object_component_ref idref="oc-a5f"/>
      </symbol>
      <symbol id="sm-e02">
         <name>UtilsDelay</name>
         <value>0x200125df</value>
         <object_component_ref idref="oc-28c"/>
      </symbol>
      <symbol id="sm-e12">
         <name>FlashDisable</name>
         <value>0x2001116d</value>
         <object_component_ref idref="oc-8e3"/>
      </symbol>
      <symbol id="sm-e41">
         <name>snprintf</name>
         <value>0x20011121</value>
         <object_component_ref idref="oc-217"/>
      </symbol>
      <symbol id="sm-e4b">
         <name>__aeabi_fmul</name>
         <value>0x200103e7</value>
         <object_component_ref idref="oc-397"/>
      </symbol>
      <symbol id="sm-e55">
         <name>__aeabi_f2iz</name>
         <value>0x20011989</value>
         <object_component_ref idref="oc-39c"/>
      </symbol>
      <symbol id="sm-e60">
         <name>__aeabi_i2f</name>
         <value>0x200119c1</value>
         <object_component_ref idref="oc-392"/>
      </symbol>
      <symbol id="sm-e69">
         <name>__aeabi_lmul</name>
         <value>0x20012225</value>
         <object_component_ref idref="oc-5ae"/>
      </symbol>
      <symbol id="sm-e84">
         <name>memcpy</name>
         <value>0x2000fbdd</value>
         <object_component_ref idref="oc-3b"/>
      </symbol>
      <symbol id="sm-e85">
         <name>__aeabi_memcpy</name>
         <value>0x2000fbdd</value>
         <object_component_ref idref="oc-3b"/>
      </symbol>
      <symbol id="sm-e86">
         <name>__aeabi_memcpy8</name>
         <value>0x2000fbdd</value>
         <object_component_ref idref="oc-3b"/>
      </symbol>
      <symbol id="sm-e87">
         <name>__aeabi_memcpy4</name>
         <value>0x2000fbdd</value>
         <object_component_ref idref="oc-3b"/>
      </symbol>
      <symbol id="sm-e94">
         <name>__aeabi_uldivmod</name>
         <value>0x2000fd11</value>
         <object_component_ref idref="oc-5a3"/>
      </symbol>
      <symbol id="sm-ea8">
         <name>__TI_zero_init_nomemset</name>
         <value>0x20012001</value>
         <object_component_ref idref="oc-47"/>
      </symbol>
      <symbol id="sm-ebf">
         <name>__TI_decompress_none</name>
         <value>0x20012527</value>
         <object_component_ref idref="oc-1a"/>
      </symbol>
      <symbol id="sm-ee2">
         <name>__TI_decompress_lzss</name>
         <value>0x20010801</value>
         <object_component_ref idref="oc-14"/>
      </symbol>
      <symbol id="sm-f6b">
         <name>_sys_memory</name>
         <value>0x20004040</value>
         <object_component_ref idref="oc-2a"/>
      </symbol>
      <symbol id="sm-f6c">
         <name>free</name>
         <value>0x2000ee75</value>
         <object_component_ref idref="oc-427"/>
      </symbol>
      <symbol id="sm-f6d">
         <name>memalign</name>
         <value>0x2000ea89</value>
         <object_component_ref idref="oc-6a4"/>
      </symbol>
      <symbol id="sm-f6e">
         <name>malloc</name>
         <value>0x200125b5</value>
         <object_component_ref idref="oc-4e1"/>
      </symbol>
      <symbol id="sm-f6f">
         <name>aligned_alloc</name>
         <value>0x2000ea89</value>
         <object_component_ref idref="oc-6a4"/>
      </symbol>
      <symbol id="sm-f81">
         <name>__stack</name>
         <value>0x20003000</value>
         <object_component_ref idref="oc-2d"/>
      </symbol>
      <symbol id="sm-f82">
         <name>_c_int00_noargs</name>
         <value>0x20011e89</value>
         <object_component_ref idref="oc-c5"/>
      </symbol>
      <symbol id="sm-10e7">
         <name>__TI_printfi</name>
         <value>0x2000c041</value>
         <object_component_ref idref="oc-3a2"/>
      </symbol>
      <symbol id="sm-10f1">
         <name>__aeabi_idiv0</name>
         <value>0x20010eb3</value>
         <object_component_ref idref="oc-738"/>
      </symbol>
      <symbol id="sm-10f2">
         <name>__aeabi_ldiv0</name>
         <value>0x20010eb3</value>
         <object_component_ref idref="oc-738"/>
      </symbol>
      <symbol id="sm-1109">
         <name>__aeabi_dsub</name>
         <value>0x2000d9ad</value>
         <object_component_ref idref="oc-6d3"/>
      </symbol>
      <symbol id="sm-110a">
         <name>__aeabi_dadd</name>
         <value>0x2000d9b7</value>
         <object_component_ref idref="oc-6d3"/>
      </symbol>
      <symbol id="sm-112c">
         <name>__aeabi_cdcmpeq</name>
         <value>0x2001005d</value>
         <object_component_ref idref="oc-515"/>
      </symbol>
      <symbol id="sm-112d">
         <name>__aeabi_cdcmple</name>
         <value>0x2001005d</value>
         <object_component_ref idref="oc-515"/>
      </symbol>
      <symbol id="sm-112e">
         <name>__aeabi_cdrcmple</name>
         <value>0x200100e3</value>
         <object_component_ref idref="oc-6be"/>
      </symbol>
      <symbol id="sm-1142">
         <name>__aeabi_ddiv</name>
         <value>0x2000e3a5</value>
         <object_component_ref idref="oc-6b9"/>
      </symbol>
      <symbol id="sm-114d">
         <name>__aeabi_dmul</name>
         <value>0x2000ec85</value>
         <object_component_ref idref="oc-6b4"/>
      </symbol>
      <symbol id="sm-1157">
         <name>__aeabi_d2iz</name>
         <value>0x2001128d</value>
         <object_component_ref idref="oc-6c3"/>
      </symbol>
      <symbol id="sm-1161">
         <name>__aeabi_i2d</name>
         <value>0x20011c2d</value>
         <object_component_ref idref="oc-6ce"/>
      </symbol>
      <symbol id="sm-1170">
         <name>__aeabi_memset</name>
         <value>0x20010463</value>
         <object_component_ref idref="oc-9d"/>
      </symbol>
      <symbol id="sm-1171">
         <name>memset</name>
         <value>0x20010469</value>
         <object_component_ref idref="oc-9d"/>
      </symbol>
      <symbol id="sm-1172">
         <name>__aeabi_memset8</name>
         <value>0x20010463</value>
         <object_component_ref idref="oc-9d"/>
      </symbol>
      <symbol id="sm-1173">
         <name>__aeabi_memset4</name>
         <value>0x20010463</value>
         <object_component_ref idref="oc-9d"/>
      </symbol>
      <symbol id="sm-1174">
         <name>__aeabi_memclr8</name>
         <value>0x20010461</value>
         <object_component_ref idref="oc-9d"/>
      </symbol>
      <symbol id="sm-1175">
         <name>__aeabi_memclr4</name>
         <value>0x20010461</value>
         <object_component_ref idref="oc-9d"/>
      </symbol>
      <symbol id="sm-1176">
         <name>__aeabi_memclr</name>
         <value>0x20010461</value>
         <object_component_ref idref="oc-9d"/>
      </symbol>
      <symbol id="sm-119e">
         <name>__TI_auto_init_nobinit_nopinit</name>
         <value>0x2001153d</value>
         <object_component_ref idref="oc-172"/>
      </symbol>
      <symbol id="sm-11a8">
         <name>_system_pre_init</name>
         <value>0x200125f1</value>
         <object_component_ref idref="oc-114"/>
      </symbol>
      <symbol id="sm-11b4">
         <name>C$$EXIT</name>
         <value>0x200125f5</value>
         <object_component_ref idref="oc-166"/>
      </symbol>
      <symbol id="sm-11b5">
         <name>abort</name>
         <value>0x200125f5</value>
         <object_component_ref idref="oc-166"/>
      </symbol>
      <symbol id="sm-11ca">
         <name>_nop</name>
         <value>0x2000f0f3</value>
         <object_component_ref idref="oc-3cd"/>
      </symbol>
      <symbol id="sm-11cb">
         <name>_lock</name>
         <value>0x20012b8c</value>
         <object_component_ref idref="oc-239"/>
      </symbol>
      <symbol id="sm-11cc">
         <name>_unlock</name>
         <value>0x20012b90</value>
         <object_component_ref idref="oc-239"/>
      </symbol>
      <symbol id="sm-11db">
         <name>__TI_ltoa</name>
         <value>0x20010cc1</value>
         <object_component_ref idref="oc-6c8"/>
      </symbol>
      <symbol id="sm-11f2">
         <name>atoi</name>
         <value>0x20011089</value>
         <object_component_ref idref="oc-509"/>
      </symbol>
      <symbol id="sm-11fd">
         <name>_ctypes_</name>
         <value>0x20012bc0</value>
         <object_component_ref idref="oc-6ad"/>
      </symbol>
      <symbol id="sm-120d">
         <name>memccpy</name>
         <value>0x20012039</value>
         <object_component_ref idref="oc-532"/>
      </symbol>
      <symbol id="sm-121d">
         <name>strchr</name>
         <value>0x200122ad</value>
         <object_component_ref idref="oc-6ff"/>
      </symbol>
      <symbol id="sm-122b">
         <name>strlen</name>
         <value>0x20012365</value>
         <object_component_ref idref="oc-503"/>
      </symbol>
      <symbol id="sm-1241">
         <name>__aeabi_errno_addr</name>
         <value>0x200125ad</value>
         <object_component_ref idref="oc-53e"/>
      </symbol>
      <symbol id="sm-1242">
         <name>errno</name>
         <value>0x20012bbc</value>
         <object_component_ref idref="oc-70f"/>
      </symbol>
      <symbol id="sm-125b">
         <name>wcslen</name>
         <value>0x200123d3</value>
         <object_component_ref idref="oc-538"/>
      </symbol>
      <symbol id="sm-127b">
         <name>frexpl</name>
         <value>0x20010a55</value>
         <object_component_ref idref="oc-6f3"/>
      </symbol>
      <symbol id="sm-127c">
         <name>frexp</name>
         <value>0x20010a55</value>
         <object_component_ref idref="oc-6f3"/>
      </symbol>
      <symbol id="sm-129a">
         <name>scalbn</name>
         <value>0x2000ef59</value>
         <object_component_ref idref="oc-6f9"/>
      </symbol>
      <symbol id="sm-129b">
         <name>scalbnl</name>
         <value>0x2000ef59</value>
         <object_component_ref idref="oc-6f9"/>
      </symbol>
      <symbol id="sm-129c">
         <name>ldexpl</name>
         <value>0x2000ef59</value>
         <object_component_ref idref="oc-6f9"/>
      </symbol>
      <symbol id="sm-129d">
         <name>ldexp</name>
         <value>0x2000ef59</value>
         <object_component_ref idref="oc-6f9"/>
      </symbol>
      <symbol id="sm-12a7">
         <name>copysign</name>
         <value>0x2001254d</value>
         <object_component_ref idref="oc-883"/>
      </symbol>
      <symbol id="sm-12a8">
         <name>copysignl</name>
         <value>0x2001254d</value>
         <object_component_ref idref="oc-883"/>
      </symbol>
      <symbol id="sm-12a9">
         <name>__TI_static_base__</name>
         <value>0x200134b8</value>
      </symbol>
      <symbol id="sm-12ac">
         <name>ITM_flush</name>
         <value>0x0</value>
      </symbol>
      <symbol id="sm-12ad">
         <name>ITM_restore</name>
         <value>0x0</value>
      </symbol>
      <symbol id="sm-12ae">
         <name>__mpu_init</name>
         <value>0x0</value>
      </symbol>
      <symbol id="sm-12af">
         <name>_system_post_cinit</name>
         <value>0x0</value>
      </symbol>
      <symbol id="sm-12b0">
         <name>NoRTOS_start</name>
         <value>0x200124ef</value>
      </symbol>
   </symbol_table>
   <title>Link successful</title>
</link_info>
