******************************************************************************
                  TI ARM Linker PC v20.2.7                     
******************************************************************************
>> Linked Sun Oct 15 17:34:40 2023

OUTPUT FILE NAME:   <gpiointerrupt_CC3220S_LAUNCHXL_nortos_ccs.out>
ENTRY POINT SYMBOL: "resetISR"  address: 20012089


MEMORY CONFIGURATION

         name            origin    length      used     unused   attr    fill
----------------------  --------  ---------  --------  --------  ----  --------
  SRAM2                 20000000   00004000  0000130c  00002cf4  RW X
  SRAM                  20004000   0003c000  0000f59e  0002ca62  RW X
  LOG_DATA              90000000   00040000  00000000  00040000  R   


SEGMENT ALLOCATION MAP

run origin  load origin   length   init length attrs members
----------  ----------- ---------- ----------- ----- -------
20003000    20003000    00001000   00000000    rw-
  20003000    20003000    00001000   00000000    rw- .stack
20004000    20004000    00000040   00000040    r--
  20004000    20004000    00000040   00000040    r-- .resetVecs
20004040    20004040    00008000   00000000    rw-
  20004040    20004040    00008000   00000000    rw- .sysmem
2000c040    2000c040    000065b8   000065b8    r-x
  2000c040    2000c040    000065b8   000065b8    r-x .text
200125f8    200125f8    000005c8   00000000    rw-
  200125f8    200125f8    000005c8   00000000    rw- .data
20012bc0    20012bc0    0000051a   0000051a    r--
  20012bc0    20012bc0    0000051a   0000051a    r-- .const
200130e0    200130e0    000003d4   00000000    rw-
  200130e0    200130e0    000003d4   00000000    rw- .bss
200134b8    200134b8    000000f0   000000f0    r--
  200134b8    200134b8    000000f0   000000f0    r-- .cinit


SECTION ALLOCATION MAP

 output                                  attributes/
section   page    origin      length       input sections
--------  ----  ----------  ----------   ----------------
.text      0    2000c040    000065b8     
                  2000c040    00000a4e     rtsv7M4_T_le_eabi.lib : _printfi.c.obj (.text:__TI_printfi)
                  2000ca8e    00000002     ti_drivers_config.obj (.text:Board_initHook)
                  2000ca90    0000042c     driverlib.a : prcm.obj (.text:PRCMCC3200MCUInit)
                  2000cebc    00000288     drivers_cc32xx.a : UARTCC32XX.oem4 (.text:UARTCC32XX_open)
                  2000d144    00000268     rtsv7M4_T_le_eabi.lib : _printfi.c.obj (.text:_pconv_a)
                  2000d3ac    00000250     gpiointerrupt.obj (.text:initI2C)
                  2000d5fc    000001e4     drivers_cc32xx.a : GPIOCC32XX.oem4 (.text:GPIO_setConfig)
                  2000d7e0    000001cc     rtsv7M4_T_le_eabi.lib : _printfi.c.obj (.text:_pconv_g)
                  2000d9ac    000001b6                           : fd_add_t2.asm.obj (.text)
                  2000db62    00000002     drivers_cc32xx.a : I2C.oem4 (.text:I2C_init)
                  2000db64    000001a0     gpiointerrupt.obj (.text:mainThread)
                  2000dd04    0000019c     nortos_cc32xx.a : PowerCC32XX_nortos.oem4 (.text:PowerCC32XX_sleepPolicy)
                  2000dea0    00000148     drivers_cc32xx.a : I2CCC32XX.oem4 (.text:I2CCC32XX_hwiFxn)
                  2000dfe8    00000148                      : PowerCC32XX.oem4 (.text:parkPins)
                  2000e130    0000013c     rtsv7M4_T_le_eabi.lib : _printfi.c.obj (.text:_pconv_e)
                  2000e26c    00000138     drivers_cc32xx.a : PowerCC32XX.oem4 (.text:Power_sleep)
                  2000e3a4    00000136     rtsv7M4_T_le_eabi.lib : fd_div_t2.asm.obj (.text)
                  2000e4da    00000002     nortos_cc32xx.a : PowerCC32XX_nortos.oem4 (.text:PowerCC32XX_initPolicy)
                  2000e4dc    00000128     drivers_cc32xx.a : TimerCC32XX.oem4 (.text:TimerCC32XX_open)
                  2000e604    00000122                      : I2C.oem4 (.text:I2C_transferTimeout)
                  2000e726    00000002                      : TimerCC32XX.oem4 (.text:TimerCC32XX_init)
                  2000e728    00000120                      : UARTCC32XX.oem4 (.text:UARTCC32XX_close)
                  2000e848    00000120     rtsv7M4_T_le_eabi.lib : _printfi.c.obj (.text:fcvt)
                  2000e968    00000120     gpiointerrupt.obj (.text:readTemp)
                  2000ea88    00000100     rtsv7M4_T_le_eabi.lib : memory.c.obj (.text:aligned_alloc)
                  2000eb88    000000fc     drivers_cc32xx.a : I2CCC32XX.oem4 (.text:I2C_open)
                  2000ec84    000000fc     rtsv7M4_T_le_eabi.lib : fd_mul_t2.asm.obj (.text)
                  2000ed80    000000f2     drivers_cc32xx.a : UARTCC32XX.oem4 (.text:UARTCC32XX_control)
                  2000ee72    00000002                      : UARTCC32XX.oem4 (.text:UARTCC32XX_init)
                  2000ee74    000000e4     rtsv7M4_T_le_eabi.lib : memory.c.obj (.text:free)
                  2000ef58    000000d0                           : s_scalbn.c.obj (.text:scalbn)
                  2000f028    000000ca     drivers_cc32xx.a : UARTCC32XX.oem4 (.text:UARTCC32XX_write)
                  2000f0f2    00000002     rtsv7M4_T_le_eabi.lib : _lock.c.obj (.text:_nop)
                  2000f0f4    000000c4     drivers_cc32xx.a : GPIOCC32XX.oem4 (.text:GPIO_init)
                  2000f1b8    000000c0                      : PowerCC32XX.oem4 (.text:restoreParkedPins)
                  2000f278    000000ba                      : UARTCC32XX.oem4 (.text:UARTCC32XX_readPolling)
                  2000f332    00000002     nortos_cc32xx.a : startup_cc32xx_ccs.oem4 (.text:busFaultHandler)
                  2000f334    000000b8     drivers_cc32xx.a : UARTCC32XX.oem4 (.text:initHw)
                  2000f3ec    000000b6                      : UARTCC32XX.oem4 (.text:readTaskCallback)
                  2000f4a2    000000b2                      : I2CCC32XX.oem4 (.text:I2CCC32XX_completeTransfer)
                  2000f554    000000b1     rtsv7M4_T_le_eabi.lib : _printfi.c.obj (.text:_ltostr)
                  2000f605    00000001     --HOLE-- [fill = 0]
                  2000f606    000000b0     drivers_cc32xx.a : UARTCC32XX.oem4 (.text:readTaskBlocking)
                  2000f6b6    000000ae                      : UARTCC32XX.oem4 (.text:readIsrTextBlocking)
                  2000f764    000000a8                      : I2CCC32XX.oem4 (.text:I2CCC32XX_primeWriteBurst)
                  2000f80c    000000a8     driverlib.a : interrupt.obj (.text:IntEnable)
                  2000f8b4    000000a8     drivers_cc32xx.a : PowerCC32XX.oem4 (.text:PowerCC32XX_configureWakeup)
                  2000f95c    000000a2                      : UARTCC32XX.oem4 (.text:readIsrTextCallback)
                  2000f9fe    000000a2                      : UARTCC32XX.oem4 (.text:writeData)
                  2000faa0    000000a0     nortos_cc32xx.a : SemaphoreP_nortos.oem4 (.text:SemaphoreP_pend)
                  2000fb40    0000009c     drivers_cc32xx.a : I2CCC32XX.oem4 (.text:I2CCC32XX_initHw)
                  2000fbdc    0000009c     rtsv7M4_T_le_eabi.lib : memcpy_t2.asm.obj (.text)
                  2000fc78    00000098     drivers_cc32xx.a : GPIOCC32XX.oem4 (.text:powerNotifyFxn)
                  2000fd10    00000096     rtsv7M4_T_le_eabi.lib : ull_div_t2.asm.obj (.text)
                  2000fda6    00000002     nortos_cc32xx.a : SemaphoreP_nortos.oem4 (.text:clkFxn)
                  2000fda8    00000090     drivers_cc32xx.a : PowerCC32XX.oem4 (.text:restoreNVICRegs)
                  2000fe38    0000008c     nortos_cc32xx.a : HwiPCC32XX_nortos.oem4 (.text:HwiP_construct)
                  2000fec4    00000088     driverlib.a : interrupt.obj (.text:IntPendSet)
                  2000ff4c    00000088                 : pin.obj (.text:PinConfigSet)
                  2000ffd4    00000088     drivers_cc32xx.a : TimerCC32XX.oem4 (.text:TimerCC32XX_setPeriod)
                  2001005c    00000086     rtsv7M4_T_le_eabi.lib : fd_cmp_t2.asm.obj (.text:__aeabi_cdcmple)
                  200100e2    00000086                           : fd_cmp_t2.asm.obj (.text:__aeabi_cdrcmple)
                  20010168    00000084     drivers_cc32xx.a : PowerCC32XX.oem4 (.text:Power_init)
                  200101ec    00000084                      : PowerCC32XX.oem4 (.text:saveNVICRegs)
                  20010270    00000080                      : PowerCC32XX.oem4 (.text:Power_setDependency)
                  200102f0    0000007c                      : UARTCC32XX.oem4 (.text:readIsrBinaryBlocking)
                  2001036c    0000007a                      : I2CCC32XX.oem4 (.text:I2CCC32XX_primeReadBurst)
                  200103e6    0000007a     rtsv7M4_T_le_eabi.lib : fs_mul_t2.asm.obj (.text)
                  20010460    0000007a                           : memset_t2.asm.obj (.text)
                  200104da    00000002     nortos_cc32xx.a : startup_cc32xx_ccs.oem4 (.text:defaultHandler)
                  200104dc    00000078     drivers_cc32xx.a : GPIOCC32XX.oem4 (.text:GPIO_hwiIntFxn)
                  20010554    00000078                      : TimerCC32XX.oem4 (.text:TimerCC32XX_start)
                  200105cc    00000078                      : UARTCC32XX.oem4 (.text:readIsrBinaryCallback)
                  20010644    00000074                      : UARTCC32XX.oem4 (.text:UARTCC32XX_hwiIntFxn)
                  200106b8    00000070     rtsv7M4_T_le_eabi.lib : memory.c.obj (.text:split)
                  20010728    0000006e                           : _printfi.c.obj (.text:_mcpy)
                  20010796    0000006a     drivers_cc32xx.a : I2CCC32XX.oem4 (.text:I2CSupport_primeTransfer)
                  20010800    00000068     rtsv7M4_T_le_eabi.lib : copy_decompress_lzss.c.obj (.text:decompress:lzss:__TI_decompress_lzss)
                  20010868    00000066     drivers_cc32xx.a : UARTCC32XX.oem4 (.text:UARTCC32XX_writeCancel)
                  200108ce    00000002     nortos_cc32xx.a : startup_cc32xx_ccs.oem4 (.text:faultISR)
                  200108d0    00000064     drivers_cc32xx.a : PowerCC32XX.oem4 (.text:PowerCC32XX_setParkState)
                  20010934    00000062                      : UARTCC32XX.oem4 (.text:UARTCC32XX_writePolling)
                  20010996    00000002     nortos_cc32xx.a : startup_cc32xx_ccs.oem4 (.text:nmiISR)
                  20010998    00000060     driverlib.a : prcm.obj (.text:PRCMSysResetCauseGet)
                  200109f8    0000005c     drivers_cc32xx.a : GPIOCC32XX.oem4 (.text:GPIO_setCallback)
                  20010a54    0000005c     rtsv7M4_T_le_eabi.lib : s_frexp.c.obj (.text:frexp)
                  20010ab0    0000005c     nortos_cc32xx.a : ClockPSysTick_nortos.oem4 (.text:sysTickInit)
                  20010b0c    00000058     drivers_cc32xx.a : GPIOCC32XX.oem4 (.text:GPIO_write)
                  20010b64    00000058     driverlib.a : prcm.obj (.text:PRCMPeripheralReset)
                  20010bbc    00000058     drivers_cc32xx.a : PowerCC32XX.oem4 (.text:Power_releaseDependency)
                  20010c14    00000056                      : TimerCC32XX.oem4 (.text:TimerCC32XX_stop)
                  20010c6a    00000056     rtsv7M4_T_le_eabi.lib : _printfi.c.obj (.text:_pconv_f)
                  20010cc0    00000054                           : _ltoa.c.obj (.text:__TI_ltoa)
                  20010d14    00000054     gpiointerrupt.obj (.text:initTimer)
                  20010d68    00000054     drivers_cc32xx.a : UARTCC32XX.oem4 (.text:ringBufGet)
                  20010dbc    00000052                      : PowerCC32XX_asm.oem4 (.text:PowerCC32XX_resumeLPDS)
                  20010e0e    00000052     rtsv7M4_T_le_eabi.lib : _printfi.c.obj (.text:_ecpy)
                  20010e60    00000052     drivers_cc32xx.a : TimerCC32XX.oem4 (.text:initHw)
                  20010eb2    00000002     rtsv7M4_T_le_eabi.lib : div0.asm.obj (.text)
                  20010eb4    00000050     nortos_cc32xx.a : ClockPSysTick_nortos.oem4 (.text:ClockP_sysTickHandler)
                  20010f04    00000050                     : SemaphoreP_nortos.oem4 (.text:SemaphoreP_construct)
                  20010f54    00000050     drivers_cc32xx.a : TimerCC32XX.oem4 (.text:TimerCC32XX_allocateTimerResource)
                  20010fa4    0000004c                      : GPIOCC32XX.oem4 (.text:GPIO_enableInt)
                  20010ff0    0000004c                      : I2CCC32XX.oem4 (.text:I2CCC32XX_readRecieveFifo)
                  2001103c    0000004c                      : PowerCC32XX.oem4 (.text:PowerCC32XX_parkPin)
                  20011088    0000004c     rtsv7M4_T_le_eabi.lib : atoi.c.obj (.text:atoi)
                  200110d4    0000004c     drivers_cc32xx.a : PowerCC32XX.oem4 (.text:restorePeriphClocks)
                  20011120    0000004c     rtsv7M4_T_le_eabi.lib : snprintf.c.obj (.text:snprintf)
                  2001116c    00000048     driverlib.a : flash.obj (.text:FlashDisable)
                  200111b4    00000048                 : prcm.obj (.text:PRCMLPDSEnter)
                  200111fc    00000048                 : prcm.obj (.text:PRCMPeripheralClkEnable)
                  20011244    00000048     drivers_cc32xx.a : PowerCC32XX.oem4 (.text:Power_releaseConstraint)
                  2001128c    00000048     rtsv7M4_T_le_eabi.lib : fd_toi_t2.asm.obj (.text)
                  200112d4    00000046     drivers_cc32xx.a : RingBuf.oem4 (.text:RingBuf_put)
                  2001131a    00000046                      : TimerCC32XX.oem4 (.text:getPrescaler)
                  20011360    00000044     nortos_cc32xx.a : ClockPSysTick_nortos.oem4 (.text:ClockP_stop)
                  200113a4    00000044     driverlib.a : prcm.obj (.text:PRCMLPDSRestoreInfoSet)
                  200113e8    00000044     drivers_cc32xx.a : PowerCC32XX_asm.oem4 (.text:PowerCC32XX_enterLPDS)
                  2001142c    00000044     nortos_cc32xx.a : SemaphoreP_nortos.oem4 (.text:SemaphoreP_post)
                  20011470    00000044                     : SwiP_nortos.oem4 (.text:SwiP_restore)
                  200114b4    00000044     drivers_cc32xx.a : Timer.oem4 (.text:Timer_init)
                  200114f8    00000044                      : UART.oem4 (.text:UART_init)
                  2001153c    00000044     rtsv7M4_T_le_eabi.lib : autoinit.c.obj (.text:__TI_auto_init_nobinit_nopinit:__TI_auto_init_nobinit_nopinit)
                  20011580    00000044     gpiointerrupt.obj (.text:initUART)
                  200115c4    00000040     nortos_cc32xx.a : ClockPSysTick_nortos.oem4 (.text:ClockP_construct)
                  20011604    00000040     driverlib.a : pin.obj (.text:PinModeSet)
                  20011644    00000040     drivers_cc32xx.a : RingBuf.oem4 (.text:RingBuf_get)
                  20011684    00000040                      : Timer.oem4 (.text:Timer_open)
                  200116c4    00000040                      : UARTCC32XX.oem4 (.text:UARTCC32XX_read)
                  20011704    00000040                      : UART.oem4 (.text:UART_open)
                  20011744    0000003e     rtsv7M4_T_le_eabi.lib : _printfi.c.obj (.text:_fcpy)
                  20011782    00000002     --HOLE-- [fill = 0]
                  20011784    0000003c     nortos_cc32xx.a : ClockPSysTick_nortos.oem4 (.text:ClockP_destruct)
                  200117c0    0000003c     drivers_cc32xx.a : PowerCC32XX.oem4 (.text:Power_setConstraint)
                  200117fc    0000003a                      : TimerCC32XX.oem4 (.text:TimerCC32XX_close)
                  20011836    0000003a     nortos_cc32xx.a : PowerCC32XX_nortos.oem4 (.text:getCountsRTC)
                  20011870    00000038     driverlib.a : prcm.obj (.text:PRCMLPDSEnterKeepDebugIf)
                  200118a8    00000038     drivers_cc32xx.a : TimerCC32XX.oem4 (.text:TimerCC32XX_hwiIntFunction)
                  200118e0    00000038     nortos_cc32xx.a : ClockPSysTick_nortos.oem4 (.text:addToList)
                  20011918    00000038                     : startup_cc32xx_ccs.oem4 (.text:initVectors)
                  20011950    00000038     drivers_cc32xx.a : PowerCC32XX.oem4 (.text:notify)
                  20011988    00000038     rtsv7M4_T_le_eabi.lib : fs_toi_t2.asm.obj (.text)
                  200119c0    00000038                           : i_tofs_t2.asm.obj (.text)
                  200119f8    00000036     driverlib.a : timer.obj (.text:TimerControlStall)
                  20011a2e    00000036     drivers_cc32xx.a : UARTCC32XX.oem4 (.text:UARTCC32XX_readCancel)
                  20011a64    00000034     nortos_cc32xx.a : ClockPSysTick_nortos.oem4 (.text:ClockP_getTicksUntilInterrupt)
                  20011a98    00000034                     : ClockPSysTick_nortos.oem4 (.text:ClockP_startup)
                  20011acc    00000034     driverlib.a : pin.obj (.text:PinModeGet)
                  20011b00    00000034     drivers_cc32xx.a : PowerCC32XX.oem4 (.text:PowerCC32XX_restoreParkState)
                  20011b34    00000034                      : TimerCC32XX.oem4 (.text:TimerCC32XX_freeTimerResource)
                  20011b68    00000034                      : TimerCC32XX.oem4 (.text:getPowerMgrId)
                  20011b9c    00000030     nortos_cc32xx.a : ClockPSysTick_nortos.oem4 (.text:ClockP_start)
                  20011bcc    00000030     drivers_cc32xx.a : PowerCC32XX.oem4 (.text:PowerCC32XX_restoreParkedPin)
                  20011bfc    00000030     rtsv7M4_T_le_eabi.lib : snprintf.c.obj (.text:_outs)
                  20011c2c    0000002e                           : i_tofd_t2.asm.obj (.text)
                  20011c5a    00000002     --HOLE-- [fill = 0]
                  20011c5c    0000002c     drivers_cc32xx.a : PowerCC32XX.oem4 (.text:PowerCC32XX_getParkState)
                  20011c88    0000002a     nortos_cc32xx.a : HwiPCC32XX_nortos.oem4 (.text:HwiP_create)
                  20011cb2    0000002a     driverlib.a : timer.obj (.text:TimerLoadSet)
                  20011cdc    0000002a                 : timer.obj (.text:TimerPrescaleSet)
                  20011d06    00000028                 : i2c.obj (.text:I2CFIFODataPutNonBlocking)
                  20011d2e    00000002     --HOLE-- [fill = 0]
                  20011d30    00000028                 : prcm.obj (.text:PRCMPeripheralClkDisable)
                  20011d58    00000028     drivers_cc32xx.a : PowerCC32XX.oem4 (.text:Power_registerNotify)
                  20011d80    00000028     rtsv7M4_T_le_eabi.lib : memory.c.obj (.text:free_list_insert)
                  20011da8    00000026     driverlib.a : i2c.obj (.text:I2CFIFODataGetNonBlocking)
                  20011dce    00000026     drivers_cc32xx.a : I2C.oem4 (.text:I2C_cancel)
                  20011df4    00000026                      : List.oem4 (.text:List_put)
                  20011e1a    00000026                      : List.oem4 (.text:List_remove)
                  20011e40    00000024     nortos_cc32xx.a : HwiPCC32XX_nortos.oem4 (.text:HwiP_dispatch)
                  20011e64    00000024     drivers_cc32xx.a : PowerCC32XX.oem4 (.text:PowerCC32XX_reset)
                  20011e88    00000024     rtsv7M4_T_le_eabi.lib : boot_cortex_m.c.obj (.text:_c_int00_noargs:_c_int00_noargs)
                  20011eac    00000022     driverlib.a : i2c.obj (.text:I2CMasterSlaveAddrSet)
                  20011ece    00000020     nortos_cc32xx.a : HwiPCC32XX_nortos.oem4 (.text:HwiP_destruct)
                  20011eee    00000002     --HOLE-- [fill = 0]
                  20011ef0    00000020     drivers_cc32xx.a : PowerCC32XX.oem4 (.text:Power_unregisterNotify)
                  20011f10    00000020                      : RingBuf.oem4 (.text:RingBuf_peek)
                  20011f30    00000020                      : UARTCC32XX.oem4 (.text:getPowerMgrId)
                  20011f50    0000001e     driverlib.a : i2c.obj (.text:I2CMasterIntStatusEx)
                  20011f6e    0000001e     nortos_cc32xx.a : SemaphoreP_nortos.oem4 (.text:SemaphoreP_constructBinary)
                  20011f8c    0000001e     driverlib.a : timer.obj (.text:TimerDisable)
                  20011faa    0000001e                 : timer.obj (.text:TimerEnable)
                  20011fc8    0000001c                 : pin.obj (.text:PinToPadGet)
                  20011fe4    0000001c     nortos_cc32xx.a : SwiP_nortos.oem4 (.text:SwiP_disable)
                  20012000    0000001c     rtsv7M4_T_le_eabi.lib : copy_zero_init.c.obj (.text:decompress:ZI:__TI_zero_init_nomemset:__TI_zero_init_nomemset)
                  2001201c    0000001c                           : memory.c.obj (.text:free_list_remove)
                  20012038    0000001c                           : memccpy.c.obj (.text:memccpy)
                  20012054    0000001a     nortos_cc32xx.a : ClockPSysTick_nortos.oem4 (.text:ClockP_create)
                  2001206e    0000001a                     : SemaphoreP_nortos.oem4 (.text:SemaphoreP_createBinary)
                  20012088    0000001a                     : startup_cc32xx_ccs.oem4 (.text:resetISR)
                  200120a2    00000018     driverlib.a : i2c.obj (.text:I2CMasterBusBusy)
                  200120ba    00000018                 : i2c.obj (.text:I2CMasterIntDisableEx)
                  200120d2    00000018                 : i2c.obj (.text:I2CMasterIntEnableEx)
                  200120ea    00000018                 : i2c.obj (.text:I2CRxFIFOFlush)
                  20012102    00000018                 : i2c.obj (.text:I2CTxFIFOFlush)
                  2001211a    00000002     --HOLE-- [fill = 0]
                  2001211c    00000018     drivers_cc32xx.a : PowerCC32XX.oem4 (.text:Power_getTransitionLatency)
                  20012134    00000018                      : PowerCC32XX.oem4 (.text:Power_idleFunc)
                  2001214c    00000018                      : TimerCC32XX.oem4 (.text:TimerCC32XX_getCount)
                  20012164    00000018     driverlib.a : timer.obj (.text:TimerIntDisable)
                  2001217c    00000018                 : timer.obj (.text:TimerIntEnable)
                  20012194    00000018                 : uart.obj (.text:UARTBusy)
                  200121ac    00000018                 : uart.obj (.text:UARTIntEnable)
                  200121c4    00000018     drivers_cc32xx.a : UART.oem4 (.text:UART_Params_init)
                  200121dc    00000018     rtsv7M4_T_le_eabi.lib : snprintf.c.obj (.text:_outc)
                  200121f4    00000018     gpiointerrupt.obj (.text:gpioButtonFxn0)
                  2001220c    00000018     gpiointerrupt.obj (.text:gpioButtonFxn1)
                  20012224    00000018     rtsv7M4_T_le_eabi.lib : ll_mul_t2.asm.obj (.text)
                  2001223c    00000018     gpiointerrupt.obj (.text:timerCallback)
                  20012254    00000016     driverlib.a : i2c.obj (.text:I2CMasterBurstLengthSet)
                  2001226a    00000016                 : prcm.obj (.text:PRCMHIBRegRead)
                  20012280    00000016                 : prcm.obj (.text:PRCMHIBRegWrite)
                  20012296    00000016     nortos_cc32xx.a : SemaphoreP_nortos.oem4 (.text:SemaphoreP_create)
                  200122ac    00000016     rtsv7M4_T_le_eabi.lib : strchr.c.obj (.text:strchr)
                  200122c2    00000014     driverlib.a : cpu.obj (.text:CPUcpsid)
                  200122d6    00000002     --HOLE-- [fill = 0]
                  200122d8    00000014     nortos_cc32xx.a : HwiPCC32XX_nortos.oem4 (.text:HwiP_inISR)
                  200122ec    00000014     drivers_cc32xx.a : I2CCC32XX.oem4 (.text:I2CSupport_masterFinish)
                  20012300    00000014                      : I2C.oem4 (.text:I2C_transfer)
                  20012314    00000014     driverlib.a : interrupt.obj (.text:IntVTableBaseSet)
                  20012328    00000014     drivers_cc32xx.a : PowerCC32XX.oem4 (.text:Power_disablePolicy)
                  2001233c    00000014                      : PowerCC32XX.oem4 (.text:Power_getDependencyCount)
                  20012350    00000014                      : UARTCC32XX.oem4 (.text:releasePowerConstraint)
                  20012364    00000014     rtsv7M4_T_le_eabi.lib : strlen.c.obj (.text:strlen)
                  20012378    00000012     nortos_cc32xx.a : HwiPCC32XX_nortos.oem4 (.text:HwiP_Params_init)
                  2001238a    00000012     driverlib.a : i2c.obj (.text:I2CMasterIntClearEx)
                  2001239c    00000012     drivers_cc32xx.a : RingBuf.oem4 (.text:RingBuf_construct)
                  200123ae    00000012     driverlib.a : timer.obj (.text:TimerIntClear)
                  200123c0    00000012     main_nortos.obj (.text:main)
                  200123d2    00000012     rtsv7M4_T_le_eabi.lib : wcslen.c.obj (.text:wcslen)
                  200123e4    00000010     ti_drivers_config.obj (.text:Board_init)
                  200123f4    00000010     nortos_cc32xx.a : ClockPSysTick_nortos.oem4 (.text:ClockP_add)
                  20012404    00000010                     : ClockPSysTick_nortos.oem4 (.text:ClockP_delete)
                  20012414    00000010                     : ClockPSysTick_nortos.oem4 (.text:ClockP_getCpuFreq)
                  20012424    00000010                     : ClockPSysTick_nortos.oem4 (.text:ClockP_getSystemTicks)
                  20012434    00000010                     : ClockPSysTick_nortos.oem4 (.text:ClockP_setTicks)
                  20012444    00000010                     : HwiPCC32XX_nortos.oem4 (.text:HwiP_delete)
                  20012454    00000010                     : HwiPCC32XX_nortos.oem4 (.text:HwiP_restore)
                  20012464    00000010     driverlib.a : i2c.obj (.text:I2CFIFOStatus)
                  20012474    00000010     drivers_cc32xx.a : I2C.oem4 (.text:I2C_Params_init)
                  20012484    00000010                      : PowerCC32XX.oem4 (.text:Power_enablePolicy)
                  20012494    00000010     nortos_cc32xx.a : SemaphoreP_nortos.oem4 (.text:SemaphoreP_Params_init)
                  200124a4    00000010     drivers_cc32xx.a : Timer.oem4 (.text:Timer_Params_init)
                  200124b4    00000010                      : UARTCC32XX.oem4 (.text:readBlockingTimeout)
                  200124c4    0000000e     nortos_cc32xx.a : HwiPCC32XX_nortos.oem4 (.text:HwiP_clearInterrupt)
                  200124d2    0000000e                     : HwiPCC32XX_nortos.oem4 (.text:HwiP_disable)
                  200124e0    0000000e                     : HwiPCC32XX_nortos.oem4 (.text:HwiP_disableInterrupt)
                  200124ee    0000000e                     : HwiPCC32XX_nortos.oem4 (.text:HwiP_enable)
                  200124fc    0000000e                     : HwiPCC32XX_nortos.oem4 (.text:HwiP_enableInterrupt)
                  2001250a    0000000e     drivers_cc32xx.a : I2CCC32XX.oem4 (.text:I2CCC32XX_updateReg)
                  20012518    0000000e                      : RingBuf.oem4 (.text:RingBuf_isFull)
                  20012526    0000000e     rtsv7M4_T_le_eabi.lib : copy_decompress_none.c.obj (.text:decompress:none:__TI_decompress_none)
                  20012534    0000000c     drivers_cc32xx.a : I2CCC32XX.oem4 (.text:I2CCC32XX_postNotify)
                  20012540    0000000c                      : PowerCC32XX.oem4 (.text:Power_getConstraintMask)
                  2001254c    0000000c     rtsv7M4_T_le_eabi.lib : s_copysign.c.obj (.text:copysign)
                  20012558    0000000c     drivers_cc32xx.a : TimerCC32XX.oem4 (.text:postNotifyFxn)
                  20012564    0000000c                      : UARTCC32XX.oem4 (.text:postNotifyFxn)
                  20012570    0000000a     nortos_cc32xx.a : ClockPSysTick_nortos.oem4 (.text:ClockP_Params_init)
                  2001257a    0000000a                     : ClockPSysTick_nortos.oem4 (.text:ClockP_isActive)
                  20012584    0000000a     driverlib.a : interrupt.obj (.text:IntMasterDisable)
                  2001258e    0000000a     drivers_cc32xx.a : Timer.oem4 (.text:Timer_start)
                  20012598    0000000a                      : UART.oem4 (.text:UART_write)
                  200125a2    00000008                      : I2CCC32XX.oem4 (.text:I2CCC32XX_blockingCallback)
                  200125aa    00000002     --HOLE-- [fill = 0]
                  200125ac    00000008     rtsv7M4_T_le_eabi.lib : errno.c.obj (.text:__aeabi_errno_addr)
                  200125b4    00000008                           : memory.c.obj (.text:malloc)
                  200125bc    00000008     drivers_cc32xx.a : UARTCC32XX.oem4 (.text:readSemCallback)
                  200125c4    00000008                      : UARTCC32XX.oem4 (.text:writeSemCallback)
                  200125cc    00000006                      : I2CCC32XX.oem4 (.text:I2CSupport_powerRelConstraint)
                  200125d2    00000006                      : I2CCC32XX.oem4 (.text:I2CSupport_powerSetConstraint)
                  200125d8    00000006                      : TimerCC32XX.oem4 (.text:TimerCC32XX_control)
                  200125de    00000006     driverlib.a : utils.obj (.text:UtilsDelay)
                  200125e4    00000004     nortos_cc32xx.a : ClockPSysTick_nortos.oem4 (.text:ClockP_setTimeout)
                  200125e8    00000004                     : HwiPCC32XX_nortos.oem4 (.text:HwiP_post)
                  200125ec    00000004                     : SemaphoreP_nortos.oem4 (.text:SemaphoreP_delete)
                  200125f0    00000004     rtsv7M4_T_le_eabi.lib : pre_init.c.obj (.text:_system_pre_init)
                  200125f4    00000004                           : exit.c.obj (.text:abort:abort)

.const     0    20012bc0    0000051a     
                  20012bc0    00000101     rtsv7M4_T_le_eabi.lib : ctype.c.obj (.const:.string:_ctypes_)
                  20012cc1    00000003     --HOLE-- [fill = 0]
                  20012cc4    00000100     driverlib.a : pin.obj (.const:g_ulPinToPadMap)
                  20012dc4    000000a8                 : prcm.obj (.const:PRCM_PeriphRegsList)
                  20012e6c    00000044     ti_drivers_config.obj (.const:PowerCC32XX_config)
                  20012eb0    00000028     drivers_cc32xx.a : UARTCC32XX.oem4 (.const:UARTCC32XX_fxnTable)
                  20012ed8    00000024                      : UART.oem4 (.const:UART_defaultParams)
                  20012efc    00000024     ti_drivers_config.obj (.const:uartCC32XXHWAttrs0)
                  20012f20    00000021     drivers_cc32xx.a : GPIOCC32XX.oem4 (.const:.string:pinTable)
                  20012f41    00000003     --HOLE-- [fill = 0]
                  20012f44    00000020                      : TimerCC32XX.oem4 (.const:TimerCC32XX_fxnTable)
                  20012f64    00000020                      : UARTCC32XX.oem4 (.const:staticFxnTable)
                  20012f84    00000018     driverlib.a : interrupt.obj (.const:g_pulEnRegs)
                  20012f9c    00000018                 : interrupt.obj (.const:g_pulPendRegs)
                  20012fb4    00000018     gpiointerrupt.obj (.const:sensors)
                  20012fcc    00000014     ti_drivers_config.obj (.const:GPIOCC32XX_config)
                  20012fe0    00000014     drivers_cc32xx.a : GPIOCC32XX.oem4 (.const:gpioBaseAddresses)
                  20012ff4    00000014     ti_drivers_config.obj (.const:i2cCC32XXHWAttrs)
                  20013008    00000014     drivers_cc32xx.a : UARTCC32XX.oem4 (.const:parityType)
                  2001301c    00000014                      : GPIOCC32XX.oem4 (.const:powerResources)
                  20013030    00000010                      : I2C.oem4 (.const:I2C_defaultParams)
                  20013040    00000010                      : I2CCC32XX.oem4 (.const:I2C_defaultParams)
                  20013050    00000010                      : UARTCC32XX.oem4 (.const:dataLength)
                  20013060    00000010     ti_drivers_config.obj (.const:timerCC32XXHWAttrs)
                  20013070    0000000c     gpiointerrupt.obj (.const:.string)
                  2001307c    0000000c     ti_drivers_config.obj (.const:Timer_config)
                  20013088    0000000c     ti_drivers_config.obj (.const:UART_config)
                  20013094    0000000c     drivers_cc32xx.a : Timer.oem4 (.const:defaultParams)
                  200130a0    00000009     ti_drivers_config.obj (.const)
                  200130a9    00000003     --HOLE-- [fill = 0]
                  200130ac    00000008     ti_drivers_config.obj (.const:I2C_config)
                  200130b4    00000008     drivers_cc32xx.a : GPIOCC32XX.oem4 (.const:outPinTypes)
                  200130bc    00000008                      : UARTCC32XX.oem4 (.const:stopBits)
                  200130c4    00000006                      : GPIOCC32XX.oem4 (.const:.string:interruptType)
                  200130ca    00000006                      : GPIOCC32XX.oem4 (.const:inPinTypes)
                  200130d0    00000006                      : GPIOCC32XX.oem4 (.const:outPinStrengths)
                  200130d6    00000004                      : GPIOCC32XX.oem4 (.const:.string:portInterruptIds)

.cinit     0    200134b8    000000f0     
                  200134b8    000000cc     (.cinit..data.load) [load image, compression = lzss]
                  20013584    0000000c     (__TI_handler_table)
                  20013590    00000008     (.cinit..bss.load) [load image, compression = zero_init]
                  20013598    00000010     (__TI_cinit_table)

.init_array 
*          0    20004000    00000000     UNINITIALIZED

.ramVecs   0    20000000    0000030c     NOLOAD SECTION
                  20000000    0000030c     nortos_cc32xx.a : startup_cc32xx_ccs.oem4 (.ramVecs)

.stack     0    20003000    00001000     UNINITIALIZED
                  20003000    00000004     rtsv7M4_T_le_eabi.lib : boot_cortex_m.c.obj (.stack)
                  20003004    00000ffc     --HOLE--

.resetVecs 
*          0    20004000    00000040     
                  20004000    00000040     nortos_cc32xx.a : startup_cc32xx_ccs.oem4 (.resetVecs:retain)

.sysmem    0    20004040    00008000     UNINITIALIZED
                  20004040    00000010     rtsv7M4_T_le_eabi.lib : memory.c.obj (.sysmem)
                  20004050    00007ff0     --HOLE--

.data      0    200125f8    000005c8     UNINITIALIZED
                  200125f8    0000030c     nortos_cc32xx.a : HwiPCC32XX_nortos.oem4 (.data:HwiP_dispatchTable)
                  20012904    0000016c     drivers_cc32xx.a : PowerCC32XX.oem4 (.data:PowerCC32XX_module)
                  20012a70    000000f8     ti_drivers_config.obj (.data:parkInfo)
                  20012b68    0000000c     ti_drivers_config.obj (.data:gpioCallbackFunctions)
                  20012b74    0000000c     ti_drivers_config.obj (.data:gpioPinConfigs)
                  20012b80    00000009     drivers_cc32xx.a : GPIOCC32XX.oem4 (.data)
                  20012b89    00000003     nortos_cc32xx.a : SemaphoreP_nortos.oem4 (.data)
                  20012b8c    00000008     rtsv7M4_T_le_eabi.lib : _lock.c.obj (.data:$O1$$)
                  20012b94    00000008                           : memory.c.obj (.data:$O1$$)
                  20012b9c    00000008     nortos_cc32xx.a : SemaphoreP_nortos.oem4 (.data:SemaphoreP_defaultParams)
                  20012ba4    00000008                     : HwiPCC32XX_nortos.oem4 (.data)
                  20012bac    00000006     gpiointerrupt.obj (.data)
                  20012bb2    00000001     drivers_cc32xx.a : Timer.oem4 (.data)
                  20012bb3    00000001                      : UART.oem4 (.data)
                  20012bb4    00000005     nortos_cc32xx.a : ClockPSysTick_nortos.oem4 (.data)
                  20012bb9    00000003     --HOLE--
                  20012bbc    00000004     rtsv7M4_T_le_eabi.lib : errno.c.obj (.data)

.bss       0    200130e0    000003d4     UNINITIALIZED
                  200130e0    0000012c     (.common:PowerCC32XX_contextSave)
                  2001320c    000000fc     (.common:i2cCC32XXObjects)
                  20013308    00000084     (.common:uartCC32XXObjects0)
                  2001338c    00000040     (.common:output)
                  200133cc    00000034     (.common:timerCC32XXObjects)
                  20013400    00000020     drivers_cc32xx.a : GPIOCC32XX.oem4 (.bss:gpioCallbackInfo)
                  20013420    00000020     ti_drivers_config.obj (.bss:uartCC32XXRingBuffer0)
                  20013440    00000020     (.common:i2cTransaction)
                  20013460    00000014     drivers_cc32xx.a : GPIOCC32XX.oem4 (.bss:powerNotifyObj)
                  20013474    00000004                      : GPIOCC32XX.oem4 (.bss)
                  20013478    00000010     (.common:ClockP_ctrl)
                  20013488    0000000d     nortos_cc32xx.a : SwiP_nortos.oem4 (.bss)
                  20013495    00000003     --HOLE--
                  20013498    00000004                     : ClockPSysTick_nortos.oem4 (.bss)
                  2001349c    00000004     drivers_cc32xx.a : TimerCC32XX.oem4 (.bss:timerState)
                  200134a0    00000004     (.common:i2c)
                  200134a4    00000004     (.common:rxBuffer)
                  200134a8    00000004     (.common:timer0)
                  200134ac    00000004     (.common:txBuffer)
                  200134b0    00000004     (.common:uart)

.log_data 
*          0    90000000    00000000     COPY SECTION

__llvm_prf_cnts 
*          0    20004000    00000000     UNINITIALIZED

MODULE SUMMARY

       Module                       code    ro data   rw data
       ------                       ----    -------   -------
    .\
       gpiointerrupt.obj            1520    36        122    
       main_nortos.obj              18      0         0      
    +--+----------------------------+-------+---------+---------+
       Total:                       1538    36        122    
                                                             
    .\syscfg\
       ti_drivers_config.obj        18      201       740    
    +--+----------------------------+-------+---------+---------+
       Total:                       18      201       740    
                                                             
    C:/ti/simplelink_cc32xx_sdk_4_30_00_06/kernel/nortos/lib/ccs/m4/nortos_cc32xx.a
       HwiPCC32XX_nortos.oem4       394     0         788    
       startup_cc32xx_ccs.oem4      90      64        780    
       ClockPSysTick_nortos.oem4    702     0         25     
       PowerCC32XX_nortos.oem4      472     0         0      
       SemaphoreP_nortos.oem4       408     0         11     
       SwiP_nortos.oem4             96      0         13     
    +--+----------------------------+-------+---------+---------+
       Total:                       2162    64        1617   
                                                             
    C:/ti/simplelink_cc32xx_sdk_4_30_00_06/source/ti/devices/cc32xx/driverlib/ccs/Release/driverlib.a
       prcm.obj                     1604    168       0      
       pin.obj                      280     256       0      
       interrupt.obj                334     48        0      
       i2c.obj                      318     0         0      
       timer.obj                    264     0         0      
       flash.obj                    72      0         0      
       uart.obj                     48      0         0      
       cpu.obj                      20      0         0      
       utils.obj                    6       0         0      
    +--+----------------------------+-------+---------+---------+
       Total:                       2946    472       0      
                                                             
    C:/ti/simplelink_cc32xx_sdk_4_30_00_06/source/ti/drivers/lib/ccs/m4/drivers_cc32xx.a
       UARTCC32XX.oem4              3466    116       0      
       PowerCC32XX.oem4             2432    0         664    
       I2CCC32XX.oem4               1452    16        0      
       GPIOCC32XX.oem4              1208    103       65     
       TimerCC32XX.oem4             1132    32        4      
       I2C.oem4                     366     16        0      
       UART.oem4                    166     36        1      
       RingBuf.oem4                 198     0         0      
       Timer.oem4                   158     12        1      
       PowerCC32XX_asm.oem4         150     0         0      
       List.oem4                    76      0         0      
    +--+----------------------------+-------+---------+---------+
       Total:                       10804   331       735    
                                                             
    C:\ti\ccs1240\ccs\tools\compiler\ti-cgt-arm_20.2.7.LTS\lib\rtsv7M4_T_le_eabi.lib
       _printfi.c.obj               4835    0         0      
       memory.c.obj                 672     0         8      
       fd_add_t2.asm.obj            438     0         0      
       fd_div_t2.asm.obj            310     0         0      
       fd_cmp_t2.asm.obj            268     0         0      
       ctype.c.obj                  0       257       0      
       fd_mul_t2.asm.obj            252     0         0      
       s_scalbn.c.obj               208     0         0      
       memcpy_t2.asm.obj            156     0         0      
       ull_div_t2.asm.obj           150     0         0      
       snprintf.c.obj               148     0         0      
       fs_mul_t2.asm.obj            122     0         0      
       memset_t2.asm.obj            122     0         0      
       copy_decompress_lzss.c.obj   104     0         0      
       s_frexp.c.obj                92      0         0      
       _ltoa.c.obj                  84      0         0      
       atoi.c.obj                   76      0         0      
       fd_toi_t2.asm.obj            72      0         0      
       autoinit.c.obj               68      0         0      
       fs_toi_t2.asm.obj            56      0         0      
       i_tofs_t2.asm.obj            56      0         0      
       i_tofd_t2.asm.obj            46      0         0      
       boot_cortex_m.c.obj          36      0         0      
       copy_zero_init.c.obj         28      0         0      
       memccpy.c.obj                28      0         0      
       ll_mul_t2.asm.obj            24      0         0      
       strchr.c.obj                 22      0         0      
       strlen.c.obj                 20      0         0      
       wcslen.c.obj                 18      0         0      
       copy_decompress_none.c.obj   14      0         0      
       errno.c.obj                  8       0         4      
       s_copysign.c.obj             12      0         0      
       _lock.c.obj                  2       0         8      
       exit.c.obj                   4       0         0      
       pre_init.c.obj               4       0         0      
       div0.asm.obj                 2       0         0      
    +--+----------------------------+-------+---------+---------+
       Total:                       8557    257       20     
                                                             
       Heap:                        0       0         32768  
       Stack:                       0       0         4096   
       Linker Generated:            0       240       0      
    +--+----------------------------+-------+---------+---------+
       Grand Total:                 26025   1601      40098  


LINKER GENERATED COPY TABLES

__TI_cinit_table @ 20013598 records: 2, size/record: 8, table size: 16
	.data: load addr=200134b8, load size=000000cc bytes, run addr=200125f8, run size=000005c8 bytes, compression=lzss
	.bss: load addr=20013590, load size=00000008 bytes, run addr=200130e0, run size=000003d4 bytes, compression=zero_init


LINKER GENERATED HANDLER TABLE

__TI_handler_table @ 20013584 records: 3, size/record: 4, table size: 12
	index: 0, handler: __TI_decompress_lzss
	index: 1, handler: __TI_decompress_none
	index: 2, handler: __TI_zero_init


GLOBAL SYMBOLS: SORTED ALPHABETICALLY BY Name 

address   name                             
-------   ----                             
200123e5  Board_init                       
2000ca8f  Board_initHook                   
200125f5  C$$EXIT                          
200130a0  CONFIG_GPIO_BUTTON_0_CONST       
200130a1  CONFIG_GPIO_BUTTON_1_CONST       
200130a2  CONFIG_GPIO_LED_0_CONST          
200130a3  CONFIG_I2C_0_CONST               
200130a5  CONFIG_TIMER_0_CONST             
200130a7  CONFIG_UART_0_CONST              
200122c3  CPUcpsid                         
20012571  ClockP_Params_init               
200123f5  ClockP_add                       
200115c5  ClockP_construct                 
20012055  ClockP_create                    
20013478  ClockP_ctrl                      
20012405  ClockP_delete                    
20011785  ClockP_destruct                  
20010eb5  ClockP_doTick                    
20012415  ClockP_getCpuFreq                
20012425  ClockP_getSystemTicks            
20011a65  ClockP_getTicksUntilInterrupt    
2001257b  ClockP_isActive                  
20012435  ClockP_setTicks                  
200125e5  ClockP_setTimeout                
20011b9d  ClockP_start                     
20011a99  ClockP_startup                   
20011361  ClockP_stop                      
20010eb5  ClockP_sysTickHandler            
20012bb4  ClockP_tickPeriod                
2001116d  FlashDisable                     
20012fcc  GPIOCC32XX_config                
20010fa5  GPIO_enableInt                   
200104dd  GPIO_hwiIntFxn                   
2000f0f5  GPIO_init                        
200109f9  GPIO_setCallback                 
2000d5fd  GPIO_setConfig                   
20010b0d  GPIO_write                       
20012379  HwiP_Params_init                 
200124c5  HwiP_clearInterrupt              
2000fe39  HwiP_construct                   
20011c89  HwiP_create                      
20012445  HwiP_delete                      
20011ecf  HwiP_destruct                    
200124d3  HwiP_disable                     
200124e1  HwiP_disableInterrupt            
20011e41  HwiP_dispatch                    
200124ef  HwiP_enable                      
200124fd  HwiP_enableInterrupt             
200122d9  HwiP_inISR                       
20012ba4  HwiP_key                         
200125e9  HwiP_post                        
20012455  HwiP_restore                     
20012ba8  HwiP_swiPIntNum                  
20011da9  I2CFIFODataGetNonBlocking        
20011d07  I2CFIFODataPutNonBlocking        
20012465  I2CFIFOStatus                    
20012255  I2CMasterBurstLengthSet          
200120a3  I2CMasterBusBusy                 
2001238b  I2CMasterIntClearEx              
200120bb  I2CMasterIntDisableEx            
200120d3  I2CMasterIntEnableEx             
20011f51  I2CMasterIntStatusEx             
20011ead  I2CMasterSlaveAddrSet            
200120eb  I2CRxFIFOFlush                   
200122ed  I2CSupport_masterFinish          
200125cd  I2CSupport_powerRelConstraint    
200125d3  I2CSupport_powerSetConstraint    
20010797  I2CSupport_primeTransfer         
20012103  I2CTxFIFOFlush                   
20012475  I2C_Params_init                  
20011dcf  I2C_cancel                       
200130ac  I2C_config                       
200130a4  I2C_count                        
20013030  I2C_defaultParams                
2000db63  I2C_init                         
2000eb89  I2C_open                         
20012301  I2C_transfer                     
2000e605  I2C_transferTimeout              
UNDEFED   ITM_flush                        
UNDEFED   ITM_restore                      
2000f80d  IntEnable                        
20012585  IntMasterDisable                 
2000fec5  IntPendSet                       
20012315  IntVTableBaseSet                 
20011df5  List_put                         
20011e1b  List_remove                      
200124ef  NoRTOS_start                     
2000ca91  PRCMCC3200MCUInit                
2001226b  PRCMHIBRegRead                   
20012281  PRCMHIBRegWrite                  
200111b5  PRCMLPDSEnter                    
20011871  PRCMLPDSEnterKeepDebugIf         
200113a5  PRCMLPDSRestoreInfoSet           
20011d31  PRCMPeripheralClkDisable         
200111fd  PRCMPeripheralClkEnable          
20010b65  PRCMPeripheralReset              
20010999  PRCMSysResetCauseGet             
2000ff4d  PinConfigSet                     
20011acd  PinModeGet                       
20011605  PinModeSet                       
20011fc9  PinToPadGet                      
20012e6c  PowerCC32XX_config               
2000f8b5  PowerCC32XX_configureWakeup      
200130e0  PowerCC32XX_contextSave          
200113e9  PowerCC32XX_enterLPDS            
20011c5d  PowerCC32XX_getParkState         
2000e4db  PowerCC32XX_initPolicy           
20012904  PowerCC32XX_module               
2001103d  PowerCC32XX_parkPin              
20011e65  PowerCC32XX_reset                
20011b01  PowerCC32XX_restoreParkState     
20011bcd  PowerCC32XX_restoreParkedPin     
20010dbd  PowerCC32XX_resumeLPDS           
200108d1  PowerCC32XX_setParkState         
2000dd05  PowerCC32XX_sleepPolicy          
20012329  Power_disablePolicy              
20012485  Power_enablePolicy               
20012541  Power_getConstraintMask          
2001233d  Power_getDependencyCount         
2001211d  Power_getTransitionLatency       
20012135  Power_idleFunc                   
20010169  Power_init                       
20011d59  Power_registerNotify             
20011245  Power_releaseConstraint          
20010bbd  Power_releaseDependency          
200117c1  Power_setConstraint              
20010271  Power_setDependency              
2000e26d  Power_sleep                      
20011ef1  Power_unregisterNotify           
2001239d  RingBuf_construct                
20011645  RingBuf_get                      
20012519  RingBuf_isFull                   
20011f11  RingBuf_peek                     
200112d5  RingBuf_put                      
20012495  SemaphoreP_Params_init           
20010f05  SemaphoreP_construct             
20011f6f  SemaphoreP_constructBinary       
20012297  SemaphoreP_create                
2001206f  SemaphoreP_createBinary          
20012b9c  SemaphoreP_defaultParams         
200125ed  SemaphoreP_delete                
2000faa1  SemaphoreP_pend                  
2001142d  SemaphoreP_post                  
20011fe5  SwiP_disable                     
20011471  SwiP_restore                     
20010f55  TimerCC32XX_allocateTimerResource
200117fd  TimerCC32XX_close                
200125d9  TimerCC32XX_control              
20011b35  TimerCC32XX_freeTimerResource    
20012f44  TimerCC32XX_fxnTable             
2001214d  TimerCC32XX_getCount             
2000e727  TimerCC32XX_init                 
2000e4dd  TimerCC32XX_open                 
2000ffd5  TimerCC32XX_setPeriod            
20010555  TimerCC32XX_start                
20010c15  TimerCC32XX_stop                 
200119f9  TimerControlStall                
20011f8d  TimerDisable                     
20011fab  TimerEnable                      
20012bac  TimerFlag                        
200123af  TimerIntClear                    
20012165  TimerIntDisable                  
2001217d  TimerIntEnable                   
20011cb3  TimerLoadSet                     
20011cdd  TimerPrescaleSet                 
200124a5  Timer_Params_init                
2001307c  Timer_config                     
200130a6  Timer_count                      
200114b5  Timer_init                       
20011685  Timer_open                       
2001258f  Timer_start                      
20012195  UARTBusy                         
2000e729  UARTCC32XX_close                 
2000ed81  UARTCC32XX_control               
20012eb0  UARTCC32XX_fxnTable              
2000ee73  UARTCC32XX_init                  
2000cebd  UARTCC32XX_open                  
200116c5  UARTCC32XX_read                  
20011a2f  UARTCC32XX_readCancel            
2000f279  UARTCC32XX_readPolling           
2000f029  UARTCC32XX_write                 
20010869  UARTCC32XX_writeCancel           
20010935  UARTCC32XX_writePolling          
200121ad  UARTIntEnable                    
200121c5  UART_Params_init                 
20013088  UART_config                      
200130a8  UART_count                       
20012ed8  UART_defaultParams               
200114f9  UART_init                        
20011705  UART_open                        
20012599  UART_write                       
200125df  UtilsDelay                       
20004000  __STACK_END                      
00001000  __STACK_SIZE                     
00008000  __SYSMEM_SIZE                    
20013598  __TI_CINIT_Base                  
200135a8  __TI_CINIT_Limit                 
20013584  __TI_Handler_Table_Base          
20013590  __TI_Handler_Table_Limit         
2001153d  __TI_auto_init_nobinit_nopinit   
20010801  __TI_decompress_lzss             
20012527  __TI_decompress_none             
20010cc1  __TI_ltoa                        
ffffffff  __TI_pprof_out_hndl              
2000c041  __TI_printfi                     
ffffffff  __TI_prof_data_size              
ffffffff  __TI_prof_data_start             
200134b8  __TI_static_base__               
20012001  __TI_zero_init_nomemset          
2001005d  __aeabi_cdcmpeq                  
2001005d  __aeabi_cdcmple                  
200100e3  __aeabi_cdrcmple                 
2001128d  __aeabi_d2iz                     
2000d9b7  __aeabi_dadd                     
2000e3a5  __aeabi_ddiv                     
2000ec85  __aeabi_dmul                     
2000d9ad  __aeabi_dsub                     
200125ad  __aeabi_errno_addr               
20011989  __aeabi_f2iz                     
200103e7  __aeabi_fmul                     
20011c2d  __aeabi_i2d                      
200119c1  __aeabi_i2f                      
20010eb3  __aeabi_idiv0                    
20010eb3  __aeabi_ldiv0                    
20012225  __aeabi_lmul                     
20010461  __aeabi_memclr                   
20010461  __aeabi_memclr4                  
20010461  __aeabi_memclr8                  
2000fbdd  __aeabi_memcpy                   
2000fbdd  __aeabi_memcpy4                  
2000fbdd  __aeabi_memcpy8                  
20010463  __aeabi_memset                   
20010463  __aeabi_memset4                  
20010463  __aeabi_memset8                  
2000fd11  __aeabi_uldivmod                 
ffffffff  __binit__                        
ffffffff  __c_args__                       
UNDEFED   __mpu_init                       
20003000  __stack                          
20004000  __start___llvm_prf_cnts          
20004000  __stop___llvm_prf_cnts           
20011e89  _c_int00_noargs                  
20012bc0  _ctypes_                         
20012b8c  _lock                            
2000f0f3  _nop                             
20004040  _sys_memory                      
UNDEFED   _system_post_cinit               
200125f1  _system_pre_init                 
20012b90  _unlock                          
200125f5  abort                            
2000ea89  aligned_alloc                    
20011089  atoi                             
ffffffff  binit                            
2000fda7  clkFxn                           
2001254d  copysign                         
2001254d  copysignl                        
20012bbc  errno                            
2000ee75  free                             
20010a55  frexp                            
20010a55  frexpl                           
200121f5  gpioButtonFxn0                   
2001220d  gpioButtonFxn1                   
20012b68  gpioCallbackFunctions            
20012b74  gpioPinConfigs                   
200134a0  i2c                              
20012ff4  i2cCC32XXHWAttrs                 
2001320c  i2cCC32XXObjects                 
20013440  i2cTransaction                   
200130ca  inPinTypes                       
2000d3ad  initI2C                          
20010d15  initTimer                        
20011581  initUART                         
20011919  initVectors                      
2000ef59  ldexp                            
2000ef59  ldexpl                           
20012bae  leftButton                       
200123c1  main                             
2000db65  mainThread                       
200125b5  malloc                           
2000ea89  memalign                         
20012039  memccpy                          
2000fbdd  memcpy                           
20010469  memset                           
200130d0  outPinStrengths                  
200130b4  outPinTypes                      
2001338c  output                           
20012a70  parkInfo                         
2000e969  readTemp                         
20012089  resetISR                         
2001209c  resetVectorAddr                  
20004000  resetVectors                     
20012bb0  rightButton                      
200134a4  rxBuffer                         
2000ef59  scalbn                           
2000ef59  scalbnl                          
20011121  snprintf                         
200122ad  strchr                           
20012365  strlen                           
200134a8  timer0                           
20013060  timerCC32XXHWAttrs               
200133cc  timerCC32XXObjects               
2001223d  timerCallback                    
200134ac  txBuffer                         
200134b0  uart                             
20013308  uartCC32XXObjects0               
200123d3  wcslen                           


GLOBAL SYMBOLS: SORTED BY Symbol Address 

address   name                             
-------   ----                             
00001000  __STACK_SIZE                     
00008000  __SYSMEM_SIZE                    
20003000  __stack                          
20004000  __STACK_END                      
20004000  __start___llvm_prf_cnts          
20004000  __stop___llvm_prf_cnts           
20004000  resetVectors                     
20004040  _sys_memory                      
2000c041  __TI_printfi                     
2000ca8f  Board_initHook                   
2000ca91  PRCMCC3200MCUInit                
2000cebd  UARTCC32XX_open                  
2000d3ad  initI2C                          
2000d5fd  GPIO_setConfig                   
2000d9ad  __aeabi_dsub                     
2000d9b7  __aeabi_dadd                     
2000db63  I2C_init                         
2000db65  mainThread                       
2000dd05  PowerCC32XX_sleepPolicy          
2000e26d  Power_sleep                      
2000e3a5  __aeabi_ddiv                     
2000e4db  PowerCC32XX_initPolicy           
2000e4dd  TimerCC32XX_open                 
2000e605  I2C_transferTimeout              
2000e727  TimerCC32XX_init                 
2000e729  UARTCC32XX_close                 
2000e969  readTemp                         
2000ea89  aligned_alloc                    
2000ea89  memalign                         
2000eb89  I2C_open                         
2000ec85  __aeabi_dmul                     
2000ed81  UARTCC32XX_control               
2000ee73  UARTCC32XX_init                  
2000ee75  free                             
2000ef59  ldexp                            
2000ef59  ldexpl                           
2000ef59  scalbn                           
2000ef59  scalbnl                          
2000f029  UARTCC32XX_write                 
2000f0f3  _nop                             
2000f0f5  GPIO_init                        
2000f279  UARTCC32XX_readPolling           
2000f80d  IntEnable                        
2000f8b5  PowerCC32XX_configureWakeup      
2000faa1  SemaphoreP_pend                  
2000fbdd  __aeabi_memcpy                   
2000fbdd  __aeabi_memcpy4                  
2000fbdd  __aeabi_memcpy8                  
2000fbdd  memcpy                           
2000fd11  __aeabi_uldivmod                 
2000fda7  clkFxn                           
2000fe39  HwiP_construct                   
2000fec5  IntPendSet                       
2000ff4d  PinConfigSet                     
2000ffd5  TimerCC32XX_setPeriod            
2001005d  __aeabi_cdcmpeq                  
2001005d  __aeabi_cdcmple                  
200100e3  __aeabi_cdrcmple                 
20010169  Power_init                       
20010271  Power_setDependency              
200103e7  __aeabi_fmul                     
20010461  __aeabi_memclr                   
20010461  __aeabi_memclr4                  
20010461  __aeabi_memclr8                  
20010463  __aeabi_memset                   
20010463  __aeabi_memset4                  
20010463  __aeabi_memset8                  
20010469  memset                           
200104dd  GPIO_hwiIntFxn                   
20010555  TimerCC32XX_start                
20010797  I2CSupport_primeTransfer         
20010801  __TI_decompress_lzss             
20010869  UARTCC32XX_writeCancel           
200108d1  PowerCC32XX_setParkState         
20010935  UARTCC32XX_writePolling          
20010999  PRCMSysResetCauseGet             
200109f9  GPIO_setCallback                 
20010a55  frexp                            
20010a55  frexpl                           
20010b0d  GPIO_write                       
20010b65  PRCMPeripheralReset              
20010bbd  Power_releaseDependency          
20010c15  TimerCC32XX_stop                 
20010cc1  __TI_ltoa                        
20010d15  initTimer                        
20010dbd  PowerCC32XX_resumeLPDS           
20010eb3  __aeabi_idiv0                    
20010eb3  __aeabi_ldiv0                    
20010eb5  ClockP_doTick                    
20010eb5  ClockP_sysTickHandler            
20010f05  SemaphoreP_construct             
20010f55  TimerCC32XX_allocateTimerResource
20010fa5  GPIO_enableInt                   
2001103d  PowerCC32XX_parkPin              
20011089  atoi                             
20011121  snprintf                         
2001116d  FlashDisable                     
200111b5  PRCMLPDSEnter                    
200111fd  PRCMPeripheralClkEnable          
20011245  Power_releaseConstraint          
2001128d  __aeabi_d2iz                     
200112d5  RingBuf_put                      
20011361  ClockP_stop                      
200113a5  PRCMLPDSRestoreInfoSet           
200113e9  PowerCC32XX_enterLPDS            
2001142d  SemaphoreP_post                  
20011471  SwiP_restore                     
200114b5  Timer_init                       
200114f9  UART_init                        
2001153d  __TI_auto_init_nobinit_nopinit   
20011581  initUART                         
200115c5  ClockP_construct                 
20011605  PinModeSet                       
20011645  RingBuf_get                      
20011685  Timer_open                       
200116c5  UARTCC32XX_read                  
20011705  UART_open                        
20011785  ClockP_destruct                  
200117c1  Power_setConstraint              
200117fd  TimerCC32XX_close                
20011871  PRCMLPDSEnterKeepDebugIf         
20011919  initVectors                      
20011989  __aeabi_f2iz                     
200119c1  __aeabi_i2f                      
200119f9  TimerControlStall                
20011a2f  UARTCC32XX_readCancel            
20011a65  ClockP_getTicksUntilInterrupt    
20011a99  ClockP_startup                   
20011acd  PinModeGet                       
20011b01  PowerCC32XX_restoreParkState     
20011b35  TimerCC32XX_freeTimerResource    
20011b9d  ClockP_start                     
20011bcd  PowerCC32XX_restoreParkedPin     
20011c2d  __aeabi_i2d                      
20011c5d  PowerCC32XX_getParkState         
20011c89  HwiP_create                      
20011cb3  TimerLoadSet                     
20011cdd  TimerPrescaleSet                 
20011d07  I2CFIFODataPutNonBlocking        
20011d31  PRCMPeripheralClkDisable         
20011d59  Power_registerNotify             
20011da9  I2CFIFODataGetNonBlocking        
20011dcf  I2C_cancel                       
20011df5  List_put                         
20011e1b  List_remove                      
20011e41  HwiP_dispatch                    
20011e65  PowerCC32XX_reset                
20011e89  _c_int00_noargs                  
20011ead  I2CMasterSlaveAddrSet            
20011ecf  HwiP_destruct                    
20011ef1  Power_unregisterNotify           
20011f11  RingBuf_peek                     
20011f51  I2CMasterIntStatusEx             
20011f6f  SemaphoreP_constructBinary       
20011f8d  TimerDisable                     
20011fab  TimerEnable                      
20011fc9  PinToPadGet                      
20011fe5  SwiP_disable                     
20012001  __TI_zero_init_nomemset          
20012039  memccpy                          
20012055  ClockP_create                    
2001206f  SemaphoreP_createBinary          
20012089  resetISR                         
2001209c  resetVectorAddr                  
200120a3  I2CMasterBusBusy                 
200120bb  I2CMasterIntDisableEx            
200120d3  I2CMasterIntEnableEx             
200120eb  I2CRxFIFOFlush                   
20012103  I2CTxFIFOFlush                   
2001211d  Power_getTransitionLatency       
20012135  Power_idleFunc                   
2001214d  TimerCC32XX_getCount             
20012165  TimerIntDisable                  
2001217d  TimerIntEnable                   
20012195  UARTBusy                         
200121ad  UARTIntEnable                    
200121c5  UART_Params_init                 
200121f5  gpioButtonFxn0                   
2001220d  gpioButtonFxn1                   
20012225  __aeabi_lmul                     
2001223d  timerCallback                    
20012255  I2CMasterBurstLengthSet          
2001226b  PRCMHIBRegRead                   
20012281  PRCMHIBRegWrite                  
20012297  SemaphoreP_create                
200122ad  strchr                           
200122c3  CPUcpsid                         
200122d9  HwiP_inISR                       
200122ed  I2CSupport_masterFinish          
20012301  I2C_transfer                     
20012315  IntVTableBaseSet                 
20012329  Power_disablePolicy              
2001233d  Power_getDependencyCount         
20012365  strlen                           
20012379  HwiP_Params_init                 
2001238b  I2CMasterIntClearEx              
2001239d  RingBuf_construct                
200123af  TimerIntClear                    
200123c1  main                             
200123d3  wcslen                           
200123e5  Board_init                       
200123f5  ClockP_add                       
20012405  ClockP_delete                    
20012415  ClockP_getCpuFreq                
20012425  ClockP_getSystemTicks            
20012435  ClockP_setTicks                  
20012445  HwiP_delete                      
20012455  HwiP_restore                     
20012465  I2CFIFOStatus                    
20012475  I2C_Params_init                  
20012485  Power_enablePolicy               
20012495  SemaphoreP_Params_init           
200124a5  Timer_Params_init                
200124c5  HwiP_clearInterrupt              
200124d3  HwiP_disable                     
200124e1  HwiP_disableInterrupt            
200124ef  HwiP_enable                      
200124ef  NoRTOS_start                     
200124fd  HwiP_enableInterrupt             
20012519  RingBuf_isFull                   
20012527  __TI_decompress_none             
20012541  Power_getConstraintMask          
2001254d  copysign                         
2001254d  copysignl                        
20012571  ClockP_Params_init               
2001257b  ClockP_isActive                  
20012585  IntMasterDisable                 
2001258f  Timer_start                      
20012599  UART_write                       
200125ad  __aeabi_errno_addr               
200125b5  malloc                           
200125cd  I2CSupport_powerRelConstraint    
200125d3  I2CSupport_powerSetConstraint    
200125d9  TimerCC32XX_control              
200125df  UtilsDelay                       
200125e5  ClockP_setTimeout                
200125e9  HwiP_post                        
200125ed  SemaphoreP_delete                
200125f1  _system_pre_init                 
200125f5  C$$EXIT                          
200125f5  abort                            
20012904  PowerCC32XX_module               
20012a70  parkInfo                         
20012b68  gpioCallbackFunctions            
20012b74  gpioPinConfigs                   
20012b8c  _lock                            
20012b90  _unlock                          
20012b9c  SemaphoreP_defaultParams         
20012ba4  HwiP_key                         
20012ba8  HwiP_swiPIntNum                  
20012bac  TimerFlag                        
20012bae  leftButton                       
20012bb0  rightButton                      
20012bb4  ClockP_tickPeriod                
20012bbc  errno                            
20012bc0  _ctypes_                         
20012e6c  PowerCC32XX_config               
20012eb0  UARTCC32XX_fxnTable              
20012ed8  UART_defaultParams               
20012f44  TimerCC32XX_fxnTable             
20012fcc  GPIOCC32XX_config                
20012ff4  i2cCC32XXHWAttrs                 
20013030  I2C_defaultParams                
20013060  timerCC32XXHWAttrs               
2001307c  Timer_config                     
20013088  UART_config                      
200130a0  CONFIG_GPIO_BUTTON_0_CONST       
200130a1  CONFIG_GPIO_BUTTON_1_CONST       
200130a2  CONFIG_GPIO_LED_0_CONST          
200130a3  CONFIG_I2C_0_CONST               
200130a4  I2C_count                        
200130a5  CONFIG_TIMER_0_CONST             
200130a6  Timer_count                      
200130a7  CONFIG_UART_0_CONST              
200130a8  UART_count                       
200130ac  I2C_config                       
200130b4  outPinTypes                      
200130ca  inPinTypes                       
200130d0  outPinStrengths                  
200130e0  PowerCC32XX_contextSave          
2001320c  i2cCC32XXObjects                 
20013308  uartCC32XXObjects0               
2001338c  output                           
200133cc  timerCC32XXObjects               
20013440  i2cTransaction                   
20013478  ClockP_ctrl                      
200134a0  i2c                              
200134a4  rxBuffer                         
200134a8  timer0                           
200134ac  txBuffer                         
200134b0  uart                             
200134b8  __TI_static_base__               
20013584  __TI_Handler_Table_Base          
20013590  __TI_Handler_Table_Limit         
20013598  __TI_CINIT_Base                  
200135a8  __TI_CINIT_Limit                 
ffffffff  __TI_pprof_out_hndl              
ffffffff  __TI_prof_data_size              
ffffffff  __TI_prof_data_start             
ffffffff  __binit__                        
ffffffff  __c_args__                       
ffffffff  binit                            
UNDEFED   ITM_flush                        
UNDEFED   ITM_restore                      
UNDEFED   __mpu_init                       
UNDEFED   _system_post_cinit               

[306 symbols]
