******************************************************************************
                  TI ARM Linker PC v20.2.7                     
******************************************************************************
>> Linked Tue Oct  3 15:59:21 2023

OUTPUT FILE NAME:   <gpiointerrupt_CC3220S_LAUNCHXL_nortos_ccs.out>
ENTRY POINT SYMBOL: "resetISR"  address: 2000eb75


MEMORY CONFIGURATION

         name            origin    length      used     unused   attr    fill
----------------------  --------  ---------  --------  --------  ----  --------
  SRAM2                 20000000   00004000  0000130c  00002cf4  RW X
  SRAM                  20004000   0003c000  0000b9e2  0003061e  RW X
  LOG_DATA              90000000   00040000  00000000  00040000  R   


SEGMENT ALLOCATION MAP

run origin  load origin   length   init length attrs members
----------  ----------- ---------- ----------- ----- -------
20003000    20003000    00001000   00000000    rw-
  20003000    20003000    00001000   00000000    rw- .stack
20004000    20004000    00000040   00000040    r--
  20004000    20004000    00000040   00000040    r-- .resetVecs
20004040    20004040    00008000   00000000    rw-
  20004040    20004040    00008000   00000000    rw- .sysmem
2000c040    2000c040    00002e3e   00002e3e    r-x
  2000c040    2000c040    00002e3e   00002e3e    r-x .text
2000ee80    2000ee80    000005c4   00000000    rw-
  2000ee80    2000ee80    000005c4   00000000    rw- .data
2000f444    2000f444    000002e8   000002e8    r--
  2000f444    2000f444    000002e8   000002e8    r-- .const
2000f730    2000f730    000001c0   00000000    rw-
  2000f730    2000f730    000001c0   00000000    rw- .bss
2000f8f0    2000f8f0    000000f8   000000f8    r--
  2000f8f0    2000f8f0    000000f8   000000f8    r-- .cinit


SECTION ALLOCATION MAP

 output                                  attributes/
section   page    origin      length       input sections
--------  ----  ----------  ----------   ----------------
.text      0    2000c040    00002e3e     
                  2000c040    0000042c     driverlib.a : prcm.obj (.text:PRCMCC3200MCUInit)
                  2000c46c    000001ec     gpiointerrupt.obj (.text:mainThread)
                  2000c658    000001e4     drivers_cc32xx.a : GPIOCC32XX.oem4 (.text:GPIO_setConfig)
                  2000c83c    0000019c     nortos_cc32xx.a : PowerCC32XX_nortos.oem4 (.text:PowerCC32XX_sleepPolicy)
                  2000c9d8    00000148     drivers_cc32xx.a : PowerCC32XX.oem4 (.text:parkPins)
                  2000cb20    00000138                      : PowerCC32XX.oem4 (.text:Power_sleep)
                  2000cc58    00000128                      : TimerCC32XX.oem4 (.text:TimerCC32XX_open)
                  2000cd80    00000100     rtsv7M4_T_le_eabi.lib : memory.c.obj (.text:aligned_alloc)
                  2000ce80    000000e4                           : memory.c.obj (.text:free)
                  2000cf64    000000c4     drivers_cc32xx.a : GPIOCC32XX.oem4 (.text:GPIO_init)
                  2000d028    000000c0                      : PowerCC32XX.oem4 (.text:restoreParkedPins)
                  2000d0e8    000000a8     driverlib.a : interrupt.obj (.text:IntEnable)
                  2000d190    000000a8     drivers_cc32xx.a : PowerCC32XX.oem4 (.text:PowerCC32XX_configureWakeup)
                  2000d238    000000a0     nortos_cc32xx.a : SemaphoreP_nortos.oem4 (.text:SemaphoreP_pend)
                  2000d2d8    0000009c     rtsv7M4_T_le_eabi.lib : memcpy_t2.asm.obj (.text)
                  2000d374    00000098     drivers_cc32xx.a : GPIOCC32XX.oem4 (.text:powerNotifyFxn)
                  2000d40c    00000096     rtsv7M4_T_le_eabi.lib : ull_div_t2.asm.obj (.text)
                  2000d4a2    00000002     ti_drivers_config.obj (.text:Board_initHook)
                  2000d4a4    00000090     drivers_cc32xx.a : PowerCC32XX.oem4 (.text:restoreNVICRegs)
                  2000d534    0000008c     nortos_cc32xx.a : HwiPCC32XX_nortos.oem4 (.text:HwiP_construct)
                  2000d5c0    00000088     driverlib.a : interrupt.obj (.text:IntPendSet)
                  2000d648    00000088                 : pin.obj (.text:PinConfigSet)
                  2000d6d0    00000088     drivers_cc32xx.a : TimerCC32XX.oem4 (.text:TimerCC32XX_setPeriod)
                  2000d758    00000084                      : PowerCC32XX.oem4 (.text:Power_init)
                  2000d7dc    00000084                      : PowerCC32XX.oem4 (.text:saveNVICRegs)
                  2000d860    00000080                      : PowerCC32XX.oem4 (.text:Power_setDependency)
                  2000d8e0    00000078                      : GPIOCC32XX.oem4 (.text:GPIO_hwiIntFxn)
                  2000d958    00000078                      : TimerCC32XX.oem4 (.text:TimerCC32XX_start)
                  2000d9d0    00000070     rtsv7M4_T_le_eabi.lib : memory.c.obj (.text:split)
                  2000da40    00000068                           : copy_decompress_lzss.c.obj (.text:decompress:lzss:__TI_decompress_lzss)
                  2000daa8    00000064     drivers_cc32xx.a : GPIOCC32XX.oem4 (.text:GPIO_toggle)
                  2000db0c    00000064                      : PowerCC32XX.oem4 (.text:PowerCC32XX_setParkState)
                  2000db70    00000060     driverlib.a : prcm.obj (.text:PRCMSysResetCauseGet)
                  2000dbd0    00000060     nortos_cc32xx.a : ClockPSysTick_nortos.oem4 (.text:getTimeUsec)
                  2000dc30    0000005c     drivers_cc32xx.a : GPIOCC32XX.oem4 (.text:GPIO_setCallback)
                  2000dc8c    0000005c     nortos_cc32xx.a : ClockPSysTick_nortos.oem4 (.text:sysTickInit)
                  2000dce8    00000058     drivers_cc32xx.a : GPIOCC32XX.oem4 (.text:GPIO_write)
                  2000dd40    00000058     driverlib.a : prcm.obj (.text:PRCMPeripheralReset)
                  2000dd98    00000058     drivers_cc32xx.a : PowerCC32XX.oem4 (.text:Power_releaseDependency)
                  2000ddf0    00000056                      : TimerCC32XX.oem4 (.text:TimerCC32XX_stop)
                  2000de46    00000052                      : PowerCC32XX_asm.oem4 (.text:PowerCC32XX_resumeLPDS)
                  2000de98    00000052                      : TimerCC32XX.oem4 (.text:initHw)
                  2000deea    00000002     nortos_cc32xx.a : PowerCC32XX_nortos.oem4 (.text:PowerCC32XX_initPolicy)
                  2000deec    00000050                     : ClockPSysTick_nortos.oem4 (.text:ClockP_sysTickHandler)
                  2000df3c    00000050                     : SemaphoreP_nortos.oem4 (.text:SemaphoreP_construct)
                  2000df8c    00000050     drivers_cc32xx.a : TimerCC32XX.oem4 (.text:TimerCC32XX_allocateTimerResource)
                  2000dfdc    00000050     gpiointerrupt.obj (.text:initTimer)
                  2000e02c    0000004c     drivers_cc32xx.a : GPIOCC32XX.oem4 (.text:GPIO_enableInt)
                  2000e078    0000004c                      : PowerCC32XX.oem4 (.text:PowerCC32XX_parkPin)
                  2000e0c4    0000004c                      : PowerCC32XX.oem4 (.text:restorePeriphClocks)
                  2000e110    00000048     nortos_cc32xx.a : ClockPSysTick_nortos.oem4 (.text:ClockP_usleep)
                  2000e158    00000048     driverlib.a : flash.obj (.text:FlashDisable)
                  2000e1a0    00000048                 : prcm.obj (.text:PRCMLPDSEnter)
                  2000e1e8    00000048                 : prcm.obj (.text:PRCMPeripheralClkEnable)
                  2000e230    00000048     drivers_cc32xx.a : PowerCC32XX.oem4 (.text:Power_releaseConstraint)
                  2000e278    00000046                      : TimerCC32XX.oem4 (.text:getPrescaler)
                  2000e2be    00000002     nortos_cc32xx.a : SemaphoreP_nortos.oem4 (.text:SemaphoreP_destruct)
                  2000e2c0    00000044                     : ClockPSysTick_nortos.oem4 (.text:ClockP_stop)
                  2000e304    00000044     driverlib.a : prcm.obj (.text:PRCMLPDSRestoreInfoSet)
                  2000e348    00000044     drivers_cc32xx.a : PowerCC32XX_asm.oem4 (.text:PowerCC32XX_enterLPDS)
                  2000e38c    00000044     nortos_cc32xx.a : SemaphoreP_nortos.oem4 (.text:SemaphoreP_post)
                  2000e3d0    00000044                     : SwiP_nortos.oem4 (.text:SwiP_restore)
                  2000e414    00000044     drivers_cc32xx.a : Timer.oem4 (.text:Timer_init)
                  2000e458    00000044     rtsv7M4_T_le_eabi.lib : autoinit.c.obj (.text:__TI_auto_init_nobinit_nopinit:__TI_auto_init_nobinit_nopinit)
                  2000e49c    00000040     driverlib.a : pin.obj (.text:PinModeSet)
                  2000e4dc    00000040     drivers_cc32xx.a : Timer.oem4 (.text:Timer_open)
                  2000e51c    0000003c     nortos_cc32xx.a : ClockPSysTick_nortos.oem4 (.text:ClockP_destruct)
                  2000e558    0000003c     drivers_cc32xx.a : PowerCC32XX.oem4 (.text:Power_setConstraint)
                  2000e594    0000003a                      : TimerCC32XX.oem4 (.text:TimerCC32XX_close)
                  2000e5ce    0000003a     nortos_cc32xx.a : PowerCC32XX_nortos.oem4 (.text:getCountsRTC)
                  2000e608    00000038     driverlib.a : prcm.obj (.text:PRCMLPDSEnterKeepDebugIf)
                  2000e640    00000038     drivers_cc32xx.a : TimerCC32XX.oem4 (.text:TimerCC32XX_hwiIntFunction)
                  2000e678    00000038     nortos_cc32xx.a : ClockPSysTick_nortos.oem4 (.text:addToList)
                  2000e6b0    00000038                     : startup_cc32xx_ccs.oem4 (.text:initVectors)
                  2000e6e8    00000038     drivers_cc32xx.a : PowerCC32XX.oem4 (.text:notify)
                  2000e720    00000036     driverlib.a : timer.obj (.text:TimerControlStall)
                  2000e756    00000002     drivers_cc32xx.a : TimerCC32XX.oem4 (.text:TimerCC32XX_init)
                  2000e758    00000034     nortos_cc32xx.a : ClockPSysTick_nortos.oem4 (.text:ClockP_getTicksUntilInterrupt)
                  2000e78c    00000034                     : ClockPSysTick_nortos.oem4 (.text:ClockP_startup)
                  2000e7c0    00000034     driverlib.a : pin.obj (.text:PinModeGet)
                  2000e7f4    00000034     drivers_cc32xx.a : TimerCC32XX.oem4 (.text:TimerCC32XX_freeTimerResource)
                  2000e828    00000034                      : TimerCC32XX.oem4 (.text:getPowerMgrId)
                  2000e85c    00000030     nortos_cc32xx.a : ClockPSysTick_nortos.oem4 (.text:ClockP_start)
                  2000e88c    00000030     drivers_cc32xx.a : PowerCC32XX.oem4 (.text:PowerCC32XX_restoreParkedPin)
                  2000e8bc    0000002a     nortos_cc32xx.a : HwiPCC32XX_nortos.oem4 (.text:HwiP_create)
                  2000e8e6    0000002a     driverlib.a : timer.obj (.text:TimerLoadSet)
                  2000e910    0000002a                 : timer.obj (.text:TimerPrescaleSet)
                  2000e93a    00000002     rtsv7M4_T_le_eabi.lib : _lock.c.obj (.text:_nop)
                  2000e93c    00000028     driverlib.a : prcm.obj (.text:PRCMPeripheralClkDisable)
                  2000e964    00000028     drivers_cc32xx.a : PowerCC32XX.oem4 (.text:Power_registerNotify)
                  2000e98c    00000028     rtsv7M4_T_le_eabi.lib : memory.c.obj (.text:free_list_insert)
                  2000e9b4    00000026     drivers_cc32xx.a : List.oem4 (.text:List_put)
                  2000e9da    00000026                      : List.oem4 (.text:List_remove)
                  2000ea00    00000024     nortos_cc32xx.a : HwiPCC32XX_nortos.oem4 (.text:HwiP_dispatch)
                  2000ea24    00000024     rtsv7M4_T_le_eabi.lib : boot_cortex_m.c.obj (.text:_c_int00_noargs:_c_int00_noargs)
                  2000ea48    00000024     nortos_cc32xx.a : ClockPSysTick_nortos.oem4 (.text:sleepTicks)
                  2000ea6c    00000020                     : HwiPCC32XX_nortos.oem4 (.text:HwiP_destruct)
                  2000ea8c    00000020     drivers_cc32xx.a : PowerCC32XX.oem4 (.text:Power_unregisterNotify)
                  2000eaac    0000001e     driverlib.a : timer.obj (.text:TimerDisable)
                  2000eaca    0000001e                 : timer.obj (.text:TimerEnable)
                  2000eae8    0000001c                 : pin.obj (.text:PinToPadGet)
                  2000eb04    0000001c     nortos_cc32xx.a : SwiP_nortos.oem4 (.text:SwiP_disable)
                  2000eb20    0000001c     rtsv7M4_T_le_eabi.lib : copy_zero_init.c.obj (.text:decompress:ZI:__TI_zero_init_nomemset:__TI_zero_init_nomemset)
                  2000eb3c    0000001c                           : memory.c.obj (.text:free_list_remove)
                  2000eb58    0000001a     nortos_cc32xx.a : SemaphoreP_nortos.oem4 (.text:SemaphoreP_createBinary)
                  2000eb72    00000002                     : startup_cc32xx_ccs.oem4 (.text:busFaultHandler)
                  2000eb74    0000001a                     : startup_cc32xx_ccs.oem4 (.text:resetISR)
                  2000eb8e    00000002                     : SemaphoreP_nortos.oem4 (.text:clkFxn)
                  2000eb90    00000018     drivers_cc32xx.a : PowerCC32XX.oem4 (.text:Power_getTransitionLatency)
                  2000eba8    00000018                      : PowerCC32XX.oem4 (.text:Power_idleFunc)
                  2000ebc0    00000018                      : TimerCC32XX.oem4 (.text:TimerCC32XX_getCount)
                  2000ebd8    00000018     driverlib.a : timer.obj (.text:TimerIntDisable)
                  2000ebf0    00000018                 : timer.obj (.text:TimerIntEnable)
                  2000ec08    00000018     gpiointerrupt.obj (.text:gpioButtonFxn0)
                  2000ec20    00000018     gpiointerrupt.obj (.text:gpioButtonFxn1)
                  2000ec38    00000018     rtsv7M4_T_le_eabi.lib : ll_mul_t2.asm.obj (.text)
                  2000ec50    00000018     gpiointerrupt.obj (.text:timerCallback)
                  2000ec68    00000016     driverlib.a : prcm.obj (.text:PRCMHIBRegRead)
                  2000ec7e    00000016                 : prcm.obj (.text:PRCMHIBRegWrite)
                  2000ec94    00000016     nortos_cc32xx.a : SemaphoreP_nortos.oem4 (.text:SemaphoreP_create)
                  2000ecaa    00000014     driverlib.a : cpu.obj (.text:CPUcpsid)
                  2000ecbe    00000002     nortos_cc32xx.a : startup_cc32xx_ccs.oem4 (.text:defaultHandler)
                  2000ecc0    00000014                     : HwiPCC32XX_nortos.oem4 (.text:HwiP_inISR)
                  2000ecd4    00000014     driverlib.a : interrupt.obj (.text:IntVTableBaseSet)
                  2000ece8    00000014     drivers_cc32xx.a : PowerCC32XX.oem4 (.text:Power_disablePolicy)
                  2000ecfc    00000014                      : PowerCC32XX.oem4 (.text:Power_getDependencyCount)
                  2000ed10    00000012     nortos_cc32xx.a : HwiPCC32XX_nortos.oem4 (.text:HwiP_Params_init)
                  2000ed22    00000012     driverlib.a : timer.obj (.text:TimerIntClear)
                  2000ed34    00000012     main_nortos.obj (.text:main)
                  2000ed46    00000010     ti_drivers_config.obj (.text:Board_init)
                  2000ed56    00000010     nortos_cc32xx.a : ClockPSysTick_nortos.oem4 (.text:ClockP_add)
                  2000ed66    00000002                     : startup_cc32xx_ccs.oem4 (.text:faultISR)
                  2000ed68    00000010                     : ClockPSysTick_nortos.oem4 (.text:ClockP_getCpuFreq)
                  2000ed78    00000010                     : ClockPSysTick_nortos.oem4 (.text:ClockP_getSystemTicks)
                  2000ed88    00000010                     : ClockPSysTick_nortos.oem4 (.text:ClockP_setTicks)
                  2000ed98    00000010                     : HwiPCC32XX_nortos.oem4 (.text:HwiP_delete)
                  2000eda8    00000010                     : HwiPCC32XX_nortos.oem4 (.text:HwiP_restore)
                  2000edb8    00000010     drivers_cc32xx.a : PowerCC32XX.oem4 (.text:Power_enablePolicy)
                  2000edc8    00000010     nortos_cc32xx.a : SemaphoreP_nortos.oem4 (.text:SemaphoreP_Params_init)
                  2000edd8    00000010     drivers_cc32xx.a : Timer.oem4 (.text:Timer_Params_init)
                  2000ede8    0000000e     nortos_cc32xx.a : HwiPCC32XX_nortos.oem4 (.text:HwiP_clearInterrupt)
                  2000edf6    0000000e                     : HwiPCC32XX_nortos.oem4 (.text:HwiP_disable)
                  2000ee04    0000000e                     : HwiPCC32XX_nortos.oem4 (.text:HwiP_enable)
                  2000ee12    0000000e     rtsv7M4_T_le_eabi.lib : copy_decompress_none.c.obj (.text:decompress:none:__TI_decompress_none)
                  2000ee20    0000000c     drivers_cc32xx.a : PowerCC32XX.oem4 (.text:Power_getConstraintMask)
                  2000ee2c    0000000c                      : TimerCC32XX.oem4 (.text:postNotifyFxn)
                  2000ee38    0000000a     nortos_cc32xx.a : ClockPSysTick_nortos.oem4 (.text:ClockP_isActive)
                  2000ee42    0000000a     driverlib.a : interrupt.obj (.text:IntMasterDisable)
                  2000ee4c    0000000a     drivers_cc32xx.a : Timer.oem4 (.text:Timer_start)
                  2000ee56    00000008     rtsv7M4_T_le_eabi.lib : memory.c.obj (.text:malloc)
                  2000ee5e    00000006     drivers_cc32xx.a : TimerCC32XX.oem4 (.text:TimerCC32XX_control)
                  2000ee64    00000006     driverlib.a : utils.obj (.text:UtilsDelay)
                  2000ee6a    00000004     nortos_cc32xx.a : HwiPCC32XX_nortos.oem4 (.text:HwiP_post)
                  2000ee6e    00000004                     : SemaphoreP_nortos.oem4 (.text:SemaphoreP_delete)
                  2000ee72    00000004     rtsv7M4_T_le_eabi.lib : pre_init.c.obj (.text:_system_pre_init)
                  2000ee76    00000004                           : exit.c.obj (.text:abort:abort)
                  2000ee7a    00000002     nortos_cc32xx.a : startup_cc32xx_ccs.oem4 (.text:nmiISR)
                  2000ee7c    00000002     rtsv7M4_T_le_eabi.lib : div0.asm.obj (.text)

.const     0    2000f444    000002e8     
                  2000f444    00000100     driverlib.a : pin.obj (.const:g_ulPinToPadMap)
                  2000f544    000000a8                 : prcm.obj (.const:PRCM_PeriphRegsList)
                  2000f5ec    00000044     ti_drivers_config.obj (.const:PowerCC32XX_config)
                  2000f630    00000021     drivers_cc32xx.a : GPIOCC32XX.oem4 (.const:.string:pinTable)
                  2000f651    00000003     --HOLE-- [fill = 0]
                  2000f654    00000020                      : TimerCC32XX.oem4 (.const:TimerCC32XX_fxnTable)
                  2000f674    00000018     driverlib.a : interrupt.obj (.const:g_pulEnRegs)
                  2000f68c    00000018                 : interrupt.obj (.const:g_pulPendRegs)
                  2000f6a4    00000014     ti_drivers_config.obj (.const:GPIOCC32XX_config)
                  2000f6b8    00000014     drivers_cc32xx.a : GPIOCC32XX.oem4 (.const:gpioBaseAddresses)
                  2000f6cc    00000014                      : GPIOCC32XX.oem4 (.const:powerResources)
                  2000f6e0    00000010     ti_drivers_config.obj (.const:timerCC32XXHWAttrs)
                  2000f6f0    0000000c     ti_drivers_config.obj (.const:Timer_config)
                  2000f6fc    0000000c     drivers_cc32xx.a : Timer.oem4 (.const:defaultParams)
                  2000f708    00000008                      : GPIOCC32XX.oem4 (.const:outPinTypes)
                  2000f710    00000006                      : GPIOCC32XX.oem4 (.const:.string:interruptType)
                  2000f716    00000006                      : GPIOCC32XX.oem4 (.const:inPinTypes)
                  2000f71c    00000006                      : GPIOCC32XX.oem4 (.const:outPinStrengths)
                  2000f722    00000006     ti_drivers_config.obj (.const)
                  2000f728    00000004     drivers_cc32xx.a : GPIOCC32XX.oem4 (.const:.string:portInterruptIds)

.cinit     0    2000f8f0    000000f8     
                  2000f8f0    000000ce     (.cinit..data.load) [load image, compression = lzss]
                  2000f9be    00000002     --HOLE-- [fill = 0]
                  2000f9c0    0000000c     (__TI_handler_table)
                  2000f9cc    00000004     --HOLE-- [fill = 0]
                  2000f9d0    00000008     (.cinit..bss.load) [load image, compression = zero_init]
                  2000f9d8    00000010     (__TI_cinit_table)

.init_array 
*          0    20004000    00000000     UNINITIALIZED

.ramVecs   0    20000000    0000030c     NOLOAD SECTION
                  20000000    0000030c     nortos_cc32xx.a : startup_cc32xx_ccs.oem4 (.ramVecs)

.stack     0    20003000    00001000     UNINITIALIZED
                  20003000    00000004     rtsv7M4_T_le_eabi.lib : boot_cortex_m.c.obj (.stack)
                  20003004    00000ffc     --HOLE--

.resetVecs 
*          0    20004000    00000040     
                  20004000    00000040     nortos_cc32xx.a : startup_cc32xx_ccs.oem4 (.resetVecs:retain)

.sysmem    0    20004040    00008000     UNINITIALIZED
                  20004040    00000010     rtsv7M4_T_le_eabi.lib : memory.c.obj (.sysmem)
                  20004050    00007ff0     --HOLE--

.data      0    2000ee80    000005c4     UNINITIALIZED
                  2000ee80    0000030c     nortos_cc32xx.a : HwiPCC32XX_nortos.oem4 (.data:HwiP_dispatchTable)
                  2000f18c    0000016c     drivers_cc32xx.a : PowerCC32XX.oem4 (.data:PowerCC32XX_module)
                  2000f2f8    000000f8     ti_drivers_config.obj (.data:parkInfo)
                  2000f3f0    00000010     ti_drivers_config.obj (.data:gpioCallbackFunctions)
                  2000f400    00000010     ti_drivers_config.obj (.data:gpioPinConfigs)
                  2000f410    00000009     drivers_cc32xx.a : GPIOCC32XX.oem4 (.data)
                  2000f419    00000003     nortos_cc32xx.a : SemaphoreP_nortos.oem4 (.data)
                  2000f41c    00000008     rtsv7M4_T_le_eabi.lib : _lock.c.obj (.data:$O1$$)
                  2000f424    00000008                           : memory.c.obj (.data:$O1$$)
                  2000f42c    00000008     nortos_cc32xx.a : SemaphoreP_nortos.oem4 (.data:SemaphoreP_defaultParams)
                  2000f434    00000008                     : HwiPCC32XX_nortos.oem4 (.data)
                  2000f43c    00000005                     : ClockPSysTick_nortos.oem4 (.data)
                  2000f441    00000002     gpiointerrupt.obj (.data)
                  2000f443    00000001     drivers_cc32xx.a : Timer.oem4 (.data)

.bss       0    2000f730    000001c0     UNINITIALIZED
                  2000f730    0000012c     (.common:PowerCC32XX_contextSave)
                  2000f85c    00000034     (.common:timerCC32XXObjects)
                  2000f890    00000020     drivers_cc32xx.a : GPIOCC32XX.oem4 (.bss:gpioCallbackInfo)
                  2000f8b0    00000014                      : GPIOCC32XX.oem4 (.bss:powerNotifyObj)
                  2000f8c4    00000004                      : GPIOCC32XX.oem4 (.bss)
                  2000f8c8    00000010     (.common:ClockP_ctrl)
                  2000f8d8    0000000d     nortos_cc32xx.a : SwiP_nortos.oem4 (.bss)
                  2000f8e5    00000003     --HOLE--
                  2000f8e8    00000004                     : ClockPSysTick_nortos.oem4 (.bss)
                  2000f8ec    00000004     drivers_cc32xx.a : TimerCC32XX.oem4 (.bss:timerState)

.log_data 
*          0    90000000    00000000     COPY SECTION

__llvm_prf_cnts 
*          0    20004000    00000000     UNINITIALIZED

MODULE SUMMARY

       Module                       code    ro data   rw data
       ------                       ----    -------   -------
    .\
       gpiointerrupt.obj            644     0         2      
       main_nortos.obj              18      0         0      
    +--+----------------------------+-------+---------+---------+
       Total:                       662     0         2      
                                                             
    .\syscfg\
       ti_drivers_config.obj        18      122       332    
    +--+----------------------------+-------+---------+---------+
       Total:                       18      122       332    
                                                             
    C:/ti/simplelink_cc32xx_sdk_4_30_00_06/kernel/nortos/lib/ccs/m4/nortos_cc32xx.a
       HwiPCC32XX_nortos.oem4       366     0         788    
       startup_cc32xx_ccs.oem4      90      64        780    
       ClockPSysTick_nortos.oem4    786     0         25     
       PowerCC32XX_nortos.oem4      472     0         0      
       SemaphoreP_nortos.oem4       380     0         11     
       SwiP_nortos.oem4             96      0         13     
    +--+----------------------------+-------+---------+---------+
       Total:                       2190    64        1617   
                                                             
    C:/ti/simplelink_cc32xx_sdk_4_30_00_06/source/ti/devices/cc32xx/driverlib/ccs/Release/driverlib.a
       prcm.obj                     1604    168       0      
       pin.obj                      280     256       0      
       interrupt.obj                334     48        0      
       timer.obj                    264     0         0      
       flash.obj                    72      0         0      
       cpu.obj                      20      0         0      
       utils.obj                    6       0         0      
    +--+----------------------------+-------+---------+---------+
       Total:                       2580    472       0      
                                                             
    C:/ti/simplelink_cc32xx_sdk_4_30_00_06/source/ti/drivers/lib/ccs/m4/drivers_cc32xx.a
       PowerCC32XX.oem4             2300    0         664    
       GPIOCC32XX.oem4              1308    103       65     
       TimerCC32XX.oem4             1132    32        4      
       Timer.oem4                   158     12        1      
       PowerCC32XX_asm.oem4         150     0         0      
       List.oem4                    76      0         0      
    +--+----------------------------+-------+---------+---------+
       Total:                       5124    147       734    
                                                             
    C:\ti\ccs1240\ccs\tools\compiler\ti-cgt-arm_20.2.7.LTS\lib\rtsv7M4_T_le_eabi.lib
       memory.c.obj                 672     0         8      
       memcpy_t2.asm.obj            156     0         0      
       ull_div_t2.asm.obj           150     0         0      
       copy_decompress_lzss.c.obj   104     0         0      
       autoinit.c.obj               68      0         0      
       boot_cortex_m.c.obj          36      0         0      
       copy_zero_init.c.obj         28      0         0      
       ll_mul_t2.asm.obj            24      0         0      
       copy_decompress_none.c.obj   14      0         0      
       _lock.c.obj                  2       0         8      
       exit.c.obj                   4       0         0      
       pre_init.c.obj               4       0         0      
       div0.asm.obj                 2       0         0      
    +--+----------------------------+-------+---------+---------+
       Total:                       1264    0         16     
                                                             
       Heap:                        0       0         32768  
       Stack:                       0       0         4096   
       Linker Generated:            0       242       0      
    +--+----------------------------+-------+---------+---------+
       Grand Total:                 11838   1047      39565  


LINKER GENERATED COPY TABLES

__TI_cinit_table @ 2000f9d8 records: 2, size/record: 8, table size: 16
	.data: load addr=2000f8f0, load size=000000ce bytes, run addr=2000ee80, run size=000005c4 bytes, compression=lzss
	.bss: load addr=2000f9d0, load size=00000008 bytes, run addr=2000f730, run size=000001c0 bytes, compression=zero_init


LINKER GENERATED HANDLER TABLE

__TI_handler_table @ 2000f9c0 records: 3, size/record: 4, table size: 12
	index: 0, handler: __TI_decompress_lzss
	index: 1, handler: __TI_decompress_none
	index: 2, handler: __TI_zero_init


GLOBAL SYMBOLS: SORTED ALPHABETICALLY BY Name 

address   name                             
-------   ----                             
2000ed47  Board_init                       
2000d4a3  Board_initHook                   
2000ee77  C$$EXIT                          
2000f722  CONFIG_GPIO_BUTTON_0_CONST       
2000f723  CONFIG_GPIO_BUTTON_1_CONST       
2000f724  CONFIG_GPIO_LED_0_CONST          
2000f725  CONFIG_GPIO_LED_1_CONST          
2000f726  CONFIG_TIMER_0_CONST             
2000ecab  CPUcpsid                         
2000ed57  ClockP_add                       
2000f8c8  ClockP_ctrl                      
2000e51d  ClockP_destruct                  
2000deed  ClockP_doTick                    
2000ed69  ClockP_getCpuFreq                
2000ed79  ClockP_getSystemTicks            
2000e759  ClockP_getTicksUntilInterrupt    
2000ee39  ClockP_isActive                  
2000ed89  ClockP_setTicks                  
2000e85d  ClockP_start                     
2000e78d  ClockP_startup                   
2000e2c1  ClockP_stop                      
2000deed  ClockP_sysTickHandler            
2000f43c  ClockP_tickPeriod                
2000e111  ClockP_usleep                    
2000e159  FlashDisable                     
2000f6a4  GPIOCC32XX_config                
2000e02d  GPIO_enableInt                   
2000d8e1  GPIO_hwiIntFxn                   
2000cf65  GPIO_init                        
2000dc31  GPIO_setCallback                 
2000c659  GPIO_setConfig                   
2000daa9  GPIO_toggle                      
2000dce9  GPIO_write                       
2000ed11  HwiP_Params_init                 
2000ede9  HwiP_clearInterrupt              
2000d535  HwiP_construct                   
2000e8bd  HwiP_create                      
2000ed99  HwiP_delete                      
2000ea6d  HwiP_destruct                    
2000edf7  HwiP_disable                     
2000ea01  HwiP_dispatch                    
2000ee05  HwiP_enable                      
2000ecc1  HwiP_inISR                       
2000f434  HwiP_key                         
2000ee6b  HwiP_post                        
2000eda9  HwiP_restore                     
2000f438  HwiP_swiPIntNum                  
UNDEFED   ITM_flush                        
UNDEFED   ITM_restore                      
2000d0e9  IntEnable                        
2000ee43  IntMasterDisable                 
2000d5c1  IntPendSet                       
2000ecd5  IntVTableBaseSet                 
2000e9b5  List_put                         
2000e9db  List_remove                      
2000ee05  NoRTOS_start                     
2000c041  PRCMCC3200MCUInit                
2000ec69  PRCMHIBRegRead                   
2000ec7f  PRCMHIBRegWrite                  
2000e1a1  PRCMLPDSEnter                    
2000e609  PRCMLPDSEnterKeepDebugIf         
2000e305  PRCMLPDSRestoreInfoSet           
2000e93d  PRCMPeripheralClkDisable         
2000e1e9  PRCMPeripheralClkEnable          
2000dd41  PRCMPeripheralReset              
2000db71  PRCMSysResetCauseGet             
2000d649  PinConfigSet                     
2000e7c1  PinModeGet                       
2000e49d  PinModeSet                       
2000eae9  PinToPadGet                      
2000f5ec  PowerCC32XX_config               
2000d191  PowerCC32XX_configureWakeup      
2000f730  PowerCC32XX_contextSave          
2000e349  PowerCC32XX_enterLPDS            
2000deeb  PowerCC32XX_initPolicy           
2000f18c  PowerCC32XX_module               
2000e079  PowerCC32XX_parkPin              
2000e88d  PowerCC32XX_restoreParkedPin     
2000de47  PowerCC32XX_resumeLPDS           
2000db0d  PowerCC32XX_setParkState         
2000c83d  PowerCC32XX_sleepPolicy          
2000ece9  Power_disablePolicy              
2000edb9  Power_enablePolicy               
2000ee21  Power_getConstraintMask          
2000ecfd  Power_getDependencyCount         
2000eb91  Power_getTransitionLatency       
2000eba9  Power_idleFunc                   
2000d759  Power_init                       
2000e965  Power_registerNotify             
2000e231  Power_releaseConstraint          
2000dd99  Power_releaseDependency          
2000e559  Power_setConstraint              
2000d861  Power_setDependency              
2000cb21  Power_sleep                      
2000ea8d  Power_unregisterNotify           
2000f442  SOS                              
2000edc9  SemaphoreP_Params_init           
2000df3d  SemaphoreP_construct             
2000ec95  SemaphoreP_create                
2000eb59  SemaphoreP_createBinary          
2000f42c  SemaphoreP_defaultParams         
2000ee6f  SemaphoreP_delete                
2000e2bf  SemaphoreP_destruct              
2000d239  SemaphoreP_pend                  
2000e38d  SemaphoreP_post                  
2000eb05  SwiP_disable                     
2000e3d1  SwiP_restore                     
2000df8d  TimerCC32XX_allocateTimerResource
2000e595  TimerCC32XX_close                
2000ee5f  TimerCC32XX_control              
2000e7f5  TimerCC32XX_freeTimerResource    
2000f654  TimerCC32XX_fxnTable             
2000ebc1  TimerCC32XX_getCount             
2000e757  TimerCC32XX_init                 
2000cc59  TimerCC32XX_open                 
2000d6d1  TimerCC32XX_setPeriod            
2000d959  TimerCC32XX_start                
2000ddf1  TimerCC32XX_stop                 
2000e721  TimerControlStall                
2000eaad  TimerDisable                     
2000eacb  TimerEnable                      
2000f441  TimerFlag                        
2000ed23  TimerIntClear                    
2000ebd9  TimerIntDisable                  
2000ebf1  TimerIntEnable                   
2000e8e7  TimerLoadSet                     
2000e911  TimerPrescaleSet                 
2000edd9  Timer_Params_init                
2000f6f0  Timer_config                     
2000f727  Timer_count                      
2000e415  Timer_init                       
2000e4dd  Timer_open                       
2000ee4d  Timer_start                      
2000ee65  UtilsDelay                       
20004000  __STACK_END                      
00001000  __STACK_SIZE                     
00008000  __SYSMEM_SIZE                    
2000f9d8  __TI_CINIT_Base                  
2000f9e8  __TI_CINIT_Limit                 
2000f9c0  __TI_Handler_Table_Base          
2000f9cc  __TI_Handler_Table_Limit         
2000e459  __TI_auto_init_nobinit_nopinit   
2000da41  __TI_decompress_lzss             
2000ee13  __TI_decompress_none             
ffffffff  __TI_pprof_out_hndl              
ffffffff  __TI_prof_data_size              
ffffffff  __TI_prof_data_start             
2000f8f0  __TI_static_base__               
2000eb21  __TI_zero_init_nomemset          
2000ee7d  __aeabi_idiv0                    
2000ee7d  __aeabi_ldiv0                    
2000ec39  __aeabi_lmul                     
2000d2d9  __aeabi_memcpy                   
2000d2d9  __aeabi_memcpy4                  
2000d2d9  __aeabi_memcpy8                  
2000d40d  __aeabi_uldivmod                 
ffffffff  __binit__                        
ffffffff  __c_args__                       
UNDEFED   __mpu_init                       
20003000  __stack                          
20004000  __start___llvm_prf_cnts          
20004000  __stop___llvm_prf_cnts           
2000ea25  _c_int00_noargs                  
2000f41c  _lock                            
2000e93b  _nop                             
20004040  _sys_memory                      
UNDEFED   _system_post_cinit               
2000ee73  _system_pre_init                 
2000f420  _unlock                          
2000ee77  abort                            
2000cd81  aligned_alloc                    
ffffffff  binit                            
2000eb8f  clkFxn                           
2000ce81  free                             
2000ec09  gpioButtonFxn0                   
2000ec21  gpioButtonFxn1                   
2000f3f0  gpioCallbackFunctions            
2000f400  gpioPinConfigs                   
2000f716  inPinTypes                       
2000dfdd  initTimer                        
2000e6b1  initVectors                      
2000ed35  main                             
2000c46d  mainThread                       
2000ee57  malloc                           
2000cd81  memalign                         
2000d2d9  memcpy                           
2000f71c  outPinStrengths                  
2000f708  outPinTypes                      
2000f2f8  parkInfo                         
2000eb75  resetISR                         
2000eb88  resetVectorAddr                  
20004000  resetVectors                     
2000f6e0  timerCC32XXHWAttrs               
2000f85c  timerCC32XXObjects               
2000ec51  timerCallback                    
2000e111  usleep                           


GLOBAL SYMBOLS: SORTED BY Symbol Address 

address   name                             
-------   ----                             
00001000  __STACK_SIZE                     
00008000  __SYSMEM_SIZE                    
20003000  __stack                          
20004000  __STACK_END                      
20004000  __start___llvm_prf_cnts          
20004000  __stop___llvm_prf_cnts           
20004000  resetVectors                     
20004040  _sys_memory                      
2000c041  PRCMCC3200MCUInit                
2000c46d  mainThread                       
2000c659  GPIO_setConfig                   
2000c83d  PowerCC32XX_sleepPolicy          
2000cb21  Power_sleep                      
2000cc59  TimerCC32XX_open                 
2000cd81  aligned_alloc                    
2000cd81  memalign                         
2000ce81  free                             
2000cf65  GPIO_init                        
2000d0e9  IntEnable                        
2000d191  PowerCC32XX_configureWakeup      
2000d239  SemaphoreP_pend                  
2000d2d9  __aeabi_memcpy                   
2000d2d9  __aeabi_memcpy4                  
2000d2d9  __aeabi_memcpy8                  
2000d2d9  memcpy                           
2000d40d  __aeabi_uldivmod                 
2000d4a3  Board_initHook                   
2000d535  HwiP_construct                   
2000d5c1  IntPendSet                       
2000d649  PinConfigSet                     
2000d6d1  TimerCC32XX_setPeriod            
2000d759  Power_init                       
2000d861  Power_setDependency              
2000d8e1  GPIO_hwiIntFxn                   
2000d959  TimerCC32XX_start                
2000da41  __TI_decompress_lzss             
2000daa9  GPIO_toggle                      
2000db0d  PowerCC32XX_setParkState         
2000db71  PRCMSysResetCauseGet             
2000dc31  GPIO_setCallback                 
2000dce9  GPIO_write                       
2000dd41  PRCMPeripheralReset              
2000dd99  Power_releaseDependency          
2000ddf1  TimerCC32XX_stop                 
2000de47  PowerCC32XX_resumeLPDS           
2000deeb  PowerCC32XX_initPolicy           
2000deed  ClockP_doTick                    
2000deed  ClockP_sysTickHandler            
2000df3d  SemaphoreP_construct             
2000df8d  TimerCC32XX_allocateTimerResource
2000dfdd  initTimer                        
2000e02d  GPIO_enableInt                   
2000e079  PowerCC32XX_parkPin              
2000e111  ClockP_usleep                    
2000e111  usleep                           
2000e159  FlashDisable                     
2000e1a1  PRCMLPDSEnter                    
2000e1e9  PRCMPeripheralClkEnable          
2000e231  Power_releaseConstraint          
2000e2bf  SemaphoreP_destruct              
2000e2c1  ClockP_stop                      
2000e305  PRCMLPDSRestoreInfoSet           
2000e349  PowerCC32XX_enterLPDS            
2000e38d  SemaphoreP_post                  
2000e3d1  SwiP_restore                     
2000e415  Timer_init                       
2000e459  __TI_auto_init_nobinit_nopinit   
2000e49d  PinModeSet                       
2000e4dd  Timer_open                       
2000e51d  ClockP_destruct                  
2000e559  Power_setConstraint              
2000e595  TimerCC32XX_close                
2000e609  PRCMLPDSEnterKeepDebugIf         
2000e6b1  initVectors                      
2000e721  TimerControlStall                
2000e757  TimerCC32XX_init                 
2000e759  ClockP_getTicksUntilInterrupt    
2000e78d  ClockP_startup                   
2000e7c1  PinModeGet                       
2000e7f5  TimerCC32XX_freeTimerResource    
2000e85d  ClockP_start                     
2000e88d  PowerCC32XX_restoreParkedPin     
2000e8bd  HwiP_create                      
2000e8e7  TimerLoadSet                     
2000e911  TimerPrescaleSet                 
2000e93b  _nop                             
2000e93d  PRCMPeripheralClkDisable         
2000e965  Power_registerNotify             
2000e9b5  List_put                         
2000e9db  List_remove                      
2000ea01  HwiP_dispatch                    
2000ea25  _c_int00_noargs                  
2000ea6d  HwiP_destruct                    
2000ea8d  Power_unregisterNotify           
2000eaad  TimerDisable                     
2000eacb  TimerEnable                      
2000eae9  PinToPadGet                      
2000eb05  SwiP_disable                     
2000eb21  __TI_zero_init_nomemset          
2000eb59  SemaphoreP_createBinary          
2000eb75  resetISR                         
2000eb88  resetVectorAddr                  
2000eb8f  clkFxn                           
2000eb91  Power_getTransitionLatency       
2000eba9  Power_idleFunc                   
2000ebc1  TimerCC32XX_getCount             
2000ebd9  TimerIntDisable                  
2000ebf1  TimerIntEnable                   
2000ec09  gpioButtonFxn0                   
2000ec21  gpioButtonFxn1                   
2000ec39  __aeabi_lmul                     
2000ec51  timerCallback                    
2000ec69  PRCMHIBRegRead                   
2000ec7f  PRCMHIBRegWrite                  
2000ec95  SemaphoreP_create                
2000ecab  CPUcpsid                         
2000ecc1  HwiP_inISR                       
2000ecd5  IntVTableBaseSet                 
2000ece9  Power_disablePolicy              
2000ecfd  Power_getDependencyCount         
2000ed11  HwiP_Params_init                 
2000ed23  TimerIntClear                    
2000ed35  main                             
2000ed47  Board_init                       
2000ed57  ClockP_add                       
2000ed69  ClockP_getCpuFreq                
2000ed79  ClockP_getSystemTicks            
2000ed89  ClockP_setTicks                  
2000ed99  HwiP_delete                      
2000eda9  HwiP_restore                     
2000edb9  Power_enablePolicy               
2000edc9  SemaphoreP_Params_init           
2000edd9  Timer_Params_init                
2000ede9  HwiP_clearInterrupt              
2000edf7  HwiP_disable                     
2000ee05  HwiP_enable                      
2000ee05  NoRTOS_start                     
2000ee13  __TI_decompress_none             
2000ee21  Power_getConstraintMask          
2000ee39  ClockP_isActive                  
2000ee43  IntMasterDisable                 
2000ee4d  Timer_start                      
2000ee57  malloc                           
2000ee5f  TimerCC32XX_control              
2000ee65  UtilsDelay                       
2000ee6b  HwiP_post                        
2000ee6f  SemaphoreP_delete                
2000ee73  _system_pre_init                 
2000ee77  C$$EXIT                          
2000ee77  abort                            
2000ee7d  __aeabi_idiv0                    
2000ee7d  __aeabi_ldiv0                    
2000f18c  PowerCC32XX_module               
2000f2f8  parkInfo                         
2000f3f0  gpioCallbackFunctions            
2000f400  gpioPinConfigs                   
2000f41c  _lock                            
2000f420  _unlock                          
2000f42c  SemaphoreP_defaultParams         
2000f434  HwiP_key                         
2000f438  HwiP_swiPIntNum                  
2000f43c  ClockP_tickPeriod                
2000f441  TimerFlag                        
2000f442  SOS                              
2000f5ec  PowerCC32XX_config               
2000f654  TimerCC32XX_fxnTable             
2000f6a4  GPIOCC32XX_config                
2000f6e0  timerCC32XXHWAttrs               
2000f6f0  Timer_config                     
2000f708  outPinTypes                      
2000f716  inPinTypes                       
2000f71c  outPinStrengths                  
2000f722  CONFIG_GPIO_BUTTON_0_CONST       
2000f723  CONFIG_GPIO_BUTTON_1_CONST       
2000f724  CONFIG_GPIO_LED_0_CONST          
2000f725  CONFIG_GPIO_LED_1_CONST          
2000f726  CONFIG_TIMER_0_CONST             
2000f727  Timer_count                      
2000f730  PowerCC32XX_contextSave          
2000f85c  timerCC32XXObjects               
2000f8c8  ClockP_ctrl                      
2000f8f0  __TI_static_base__               
2000f9c0  __TI_Handler_Table_Base          
2000f9cc  __TI_Handler_Table_Limit         
2000f9d8  __TI_CINIT_Base                  
2000f9e8  __TI_CINIT_Limit                 
ffffffff  __TI_pprof_out_hndl              
ffffffff  __TI_prof_data_size              
ffffffff  __TI_prof_data_start             
ffffffff  __binit__                        
ffffffff  __c_args__                       
ffffffff  binit                            
UNDEFED   ITM_flush                        
UNDEFED   ITM_restore                      
UNDEFED   __mpu_init                       
UNDEFED   _system_post_cinit               

[196 symbols]
